03-14 14:40:22.339 10010  2606  8507 I content_query_sample: contents_sample_query: [ uri = content://com.android.contacts/data(usr:0), pkg = com.android.providers.calendar(9363), prj = [_id], sel = mimetype=? AND  raw_contact_id in (select raw_contacts._id from raw_contacts join accounts on (accounts._id is raw_contacts.account_id) where deleted is 0 and account_type is not 'com.google'), selArg = [vnd.android.cursor.item/contact_event], so = null, cv = null, dur = 84, ret = 0, trw = false ]
03-14 14:40:22.375 10090  3867  3867 I am_on_paused_called: [0,com.google.android.apps.gsa.searchnow.SearchNowActivity,performPause]
03-14 14:40:22.383  1000  1261  5967 I am_failed_to_pause: [0,184546085,com.google.android.googlequicksearchbox/com.google.android.apps.gsa.searchnow.SearchNowActivity,(none)]
03-14 14:40:22.493  1000  1261  1301 I am_proc_start: [0,9551,1203,com.samsung.android.dsms,broadcast,com.samsung.android.dsms/.DsmsBootReceiver]
03-14 14:40:22.608 10010  2606  8507 I content_query_sample: contents_sample_query: [ uri = content://com.android.contacts/profile/data(usr:0), pkg = com.android.providers.calendar(9363), prj = [_id, data1, data2, data3, data15, display_name], sel = contact_last_updated_timestamp >= ? AND mimetype=?  AND  raw_contact_id in (select raw_contacts._id from raw_contacts join accounts on (accounts._id is raw_contacts.account_id) where deleted is 0 and account_type is not 'com.google'), selArg = [1552585055921, vnd.android.cursor.item/contact_event], so = _id, cv = null, dur = 98, ret = 0, trw = false ], db = profile_sa.db
03-14 14:40:22.687  1000  1261  8378 I am_kill : [0,8163,com.google.process.gapps,906,DHA:empty #21]
03-14 14:40:23.532  1000  1261  8380 I am_proc_bound: [0,9551,com.samsung.android.dsms]
03-14 14:40:23.609  1000  1261  1915 I power_partial_wake_state: [8214,IntentOp:.common.broadcast.BackgroundBroadcastReceiverSupport$PersistentReceiverIntentOperation:com.google.android.gms]
03-14 14:40:23.775  1000  1261  1298 I am_pss  : [8979,1000,com.samsung.android.app.omcagent,14281728,0,54272,0,0,7,11]
03-14 14:40:23.815  1000  1261  6655 I am_proc_died: [0,8163,com.google.process.gapps,906,18,114,1328]
03-14 14:40:23.816  1000  1261  6655 I am_uid_stopped: 10130
03-14 14:40:23.947  1000  1261  1261 I notification_cancel: [10145,9268,com.samsung.android.calendar,-2147483648,NULL,0,0,1088,8,NULL]
03-14 14:40:23.948  1000  1261  1261 I notification_cancel: [10145,9268,com.samsung.android.calendar,2147483646,NULL,0,0,1088,8,NULL]
03-14 14:40:23.949  1000  1261  1261 I notification_cancel_all: [1000,1261,com.samsung.android.contacts,0,0,0,17,NULL]
03-14 14:40:23.984  1000  1261  1261 I commit_sys_config_file: [notification-policy,34]
03-14 14:40:24.028  1000  1261  1915 I power_partial_wake_state: [7,UlrDispSvcFastWL:com.google.android.gms]
03-14 14:40:24.054 10010  2606  8507 I content_query_sample: contents_sample_query: [ uri = content://com.android.contacts/data(usr:0), pkg = com.android.providers.calendar(9363), prj = [_id, data1, data2, data3, data15, display_name], sel = contact_last_updated_timestamp >= ? AND mimetype=?  AND  raw_contact_id in (select raw_contacts._id from raw_contacts join accounts on (accounts._id is raw_contacts.account_id) where deleted is 0 and account_type is not 'com.google'), selArg = [1552585055921, vnd.android.cursor.item/contact_event], so = _id, cv = null, dur = 99, ret = 0, trw = false ]
03-14 14:40:24.065  1000  1261  3044 I power_partial_wake_state: [441,NlpWakeLock:com.google.android.gms]
03-14 14:40:24.115  1000  1261  1298 I am_pss  : [8948,1000,com.samsung.SMT,31352832,0,59392,0,0,18,12]
03-14 14:40:24.175  1000  1261  1915 I power_partial_wake_state: [4,NlpWakeLock:com.google.android.gms]
03-14 14:40:24.178  1000  1261  1298 I am_pss  : [8683,10161,com.qualcomm.telephony,3633152,0,63488,0,0,9,9]
03-14 14:40:24.241  1000  1261  1298 I am_pss  : [8550,10035,com.google.android.gms.ui,17052672,0,58368,0,0,18,12]
03-14 14:40:24.248  1000  1261  1261 I notification_cancel: [1001,9188,com.samsung.android.incallui,11000,NULL,0,0,1088,8,NULL]
03-14 14:40:24.248  1000  1261  1261 I notification_cancel: [1001,9188,com.samsung.android.incallui,11001,NULL,0,0,1088,8,NULL]
03-14 14:40:24.362  1000  1261  8072 I am_kill : [0,8183,com.google.android.youtube,906,DHA:empty #21]
03-14 14:40:24.377  1000  1261  5967 I service_manager_stats: [100,202,10233]
03-14 14:40:24.562  1000  9510  9510 I am_on_create_called: [0,com.android.settings.Settings,performCreate]
03-14 14:40:24.666  1000  1261  6636 I am_kill : [0,8416,com.microsoft.office.BootBroadCastReceiver,906,DHA:empty #21]
03-14 14:40:24.677  1000  1261  1298 I am_pss  : [8448,10053,com.microsoft.skydrive,37958656,0,54272,0,0,18,14]
03-14 14:40:24.735  1000  1261  6636 I am_kill : [0,8393,com.android.printspooler,906,DHA:empty #21]
03-14 14:40:24.833  1000  1261  2124 I power_partial_wake_state: [33,NlpWakeLock:com.google.android.gms]
03-14 14:40:24.921  1000  9510  9572 I service_manager_slow: [21,device_policy]
03-14 14:40:24.924  1000  1261  8370 I am_proc_died: [0,8393,com.android.printspooler,906,18,115,1337]
03-14 14:40:24.925  1000  1261  8370 I am_uid_stopped: 10137
03-14 14:40:25.046  1000  1261  3140 I am_proc_died: [0,8416,com.microsoft.office.BootBroadCastReceiver,906,18,124,1336]
03-14 14:40:25.046  1000  1261  3140 I am_uid_stopped: 10026
03-14 14:40:25.124  1000  1261  1298 I am_pss  : [8728,10126,com.qualcomm.embms:remote,3992576,0,66560,0,0,9,10]
03-14 14:40:25.125  1000  9510  9510 I am_on_start_called: [0,com.android.settings.Settings,handleStartActivity]
03-14 14:40:25.134  1000  1261  2124 I am_proc_died: [0,8183,com.google.android.youtube,906,18,126,1334]
03-14 14:40:25.184  1000  1261  2124 I am_uid_stopped: 10116
03-14 14:40:25.258  1000  1261  5967 I am_uid_running: 10072
03-14 14:40:25.374  1000  1261  1298 I am_pss  : [8746,1001,com.qualcomm.qti.lpa,3506176,0,67584,0,0,18,10]
03-14 14:40:25.376  1000  1261  1301 I am_proc_start: [0,9606,10072,com.android.settings.intelligence,service,com.android.settings.intelligence/.suggestions.SuggestionService]
03-14 14:40:25.475  1000  1261  8072 I power_partial_wake_state: [2,*telephony-radio*:com.android.phone]
03-14 14:40:25.504  1000  1261  3795 I power_partial_wake_state: [14,*telephony-radio*:com.android.phone]
03-14 14:40:25.509  1000  1261  6636 I power_partial_wake_state: [2,*telephony-radio*:com.android.phone]
03-14 14:40:25.530  1000  1261  3795 I power_partial_wake_state: [18,*telephony-radio*:com.android.phone]
03-14 14:40:25.560  1000  1261  8386 I am_proc_bound: [0,9606,com.android.settings.intelligence]
03-14 14:40:25.724  1000  1261  8386 I am_uid_active: 10072
03-14 14:40:25.763  1000  9510  9510 I am_on_resume_called: [0,com.android.settings.Settings,RESUME_ACTIVITY]
03-14 14:40:25.765  1000  9510  9510 I sysui_multi_action: [757,35,758,1,833,0]
03-14 14:40:25.772  1000  1261  3795 I am_uid_running: 5017
03-14 14:40:25.927  1000  1261  1301 I am_proc_start: [0,9629,5017,com.samsung.android.ipsgeofence,broadcast,com.samsung.android.ipsgeofence/.task.receivers.BootEventReceiver]
03-14 14:40:26.077  1000  1261  5967 I am_proc_bound: [0,9629,com.samsung.android.ipsgeofence]
03-14 14:40:26.477  1000  1261  1298 I am_pss  : [9099,1001,com.samsung.android.sdm.config,7029760,0,58368,0,0,7,13]
03-14 14:40:27.190  1000  1261  1299 I power_partial_wake_state: [7091,*launch*:android]
03-14 14:40:27.660  1000  1261  5967 I power_partial_wake_state: [6,*telephony-radio*:com.android.phone]
03-14 14:40:27.691  1000  1261  5967 I power_partial_wake_state: [29,*telephony-radio*:com.android.phone]
03-14 14:40:27.704  1000  1261  2124 I power_partial_wake_state: [12,*telephony-radio*:com.android.phone]
03-14 14:40:28.774  1000  1261  3140 I dvm_lock_sample: [system_server,1,Binder:1261_12,1539,ActivityManagerService.java,16237,boolean com.android.server.am.ActivityManagerService.refContentProvider(android.os.IBinder, int, int),-,25036,int com.android.server.am.ActivityManagerService.bindService(android.app.IApplicationThread, android.os.IBinder, android.content.Intent, java.lang.String, android.app.IServiceConnection, int, java.lang.String, int),100]
03-14 14:40:28.777  1000  1261  1299 I dvm_lock_sample: [system_server,1,ActivityManager,1537,ActivityStack.java,451,void com.android.server.am.ActivityStack$ActivityStackHandler.handleMessage(android.os.Message),ActivityManagerService.java,25036,int com.android.server.am.ActivityManagerService.bindService(android.app.IApplicationThread, android.os.IBinder, android.content.Intent, java.lang.String, android.app.IServiceConnection, int, java.lang.String, int),100]
03-14 14:40:28.788  1000  1261  3214 I dvm_lock_sample: [system_server,1,Binder:1261_13,1625,JobSchedulerService.java,848,int com.android.server.job.JobSchedulerService.scheduleAsPackage(android.app.job.JobInfo, android.app.job.JobWorkItem, int, java.lang.String, int, java.lang.String),-,848,int com.android.server.job.JobSchedulerService.scheduleAsPackage(android.app.job.JobInfo, android.app.job.JobWorkItem, int, java.lang.String, int, java.lang.String),100]
03-14 14:40:28.814  1000  1261  1312 I am_activity_launch_time: [0,206149200,com.android.settings/.Settings,6530,9836]
03-14 14:40:28.833  1000  1261  1299 I am_stop_activity: [0,184546085,com.google.android.googlequicksearchbox/com.google.android.apps.gsa.searchnow.SearchNowActivity]
03-14 14:40:28.835  1000  1261  1299 I am_destroy_activity: [0,126108342,43,com.google.android.googlequicksearchbox/.SearchActivity,finish-imm:activityIdleInternalLocked]
03-14 14:40:28.841  1000  1261  1299 I am_stop_activity: [0,47645870,com.sec.android.app.launcher/.activities.LauncherActivity]
03-14 14:40:28.867 10087  3171  3171 I am_on_stop_called: [0,com.sec.android.app.launcher.activities.LauncherActivity,STOP_ACTIVITY_ITEM]
03-14 14:40:28.943  1000  1261  8380 I am_focused_stack: [0,4,5,sourceStackToFront]
03-14 14:40:28.969  1000  1261  8380 I am_create_activity: [0,226589367,44,com.google.android.googlequicksearchbox/com.google.android.apps.gsa.sidekick.main.optin.OptInActivity,NULL,NULL,NULL,8388608,com.google.android.googlequicksearchbox]
03-14 14:40:28.985  1000  1261  8380 I am_pause_activity: [0,206149200,com.android.settings/.Settings,userLeaving=true]
03-14 14:40:29.279  1000  9510  9510 I sysui_view_visibility: [35,0]
03-14 14:40:29.279  1000  9510  9510 I sysui_multi_action: [757,35,758,2]
03-14 14:40:29.299  1000  1261  5967 I power_partial_wake_state: [22,*telephony-radio*:com.android.phone]
03-14 14:40:29.489 10010  2606  8507 I content_query_sample: contents_sample_query: [ uri = content://com.android.contacts/accounts(usr:0), pkg = com.samsung.android.contacts(4827), prj = [_id, account_type, data_set], sel = null, selArg = null, so = null, cv = null, dur = 283, ret = 1, trw = false ]
03-14 14:40:29.505 10010  2606  5012 I content_query_sample: contents_sample_query: [ uri = content://com.android.contacts/accounts(usr:0), pkg = com.samsung.android.dialer(4649), prj = [_id, account_type, data_set], sel = null, selArg = null, so = null, cv = null, dur = 167, ret = 1, trw = false ]
03-14 14:40:29.607  1000  1261  1261 I dvm_lock_sample: [system_server,0,main,2407,TimeController.java,206,void com.android.server.job.controllers.TimeController.checkExpiredDelaysAndResetAlarm(),JobSchedulerService.java,848,int com.android.server.job.JobSchedulerService.scheduleAsPackage(android.app.job.JobInfo, android.app.job.JobWorkItem, int, java.lang.String, int, java.lang.String),100]
03-14 14:40:29.623  1000  9510  9510 I am_on_paused_called: [0,com.android.settings.Settings,performPause]
03-14 14:40:29.728  1000  1261  1299 I am_restart_activity: [0,226589367,44,com.google.android.googlequicksearchbox/com.google.android.apps.gsa.sidekick.main.optin.OptInActivity]
03-14 14:40:29.751  1000  1261  1299 I am_set_resumed_activity: [0,com.google.android.googlequicksearchbox/com.google.android.apps.gsa.sidekick.main.optin.OptInActivity,minimalResumeActivityLocked]
03-14 14:40:29.864  1000  1261  1299 I sysui_count: [window_time_0,9]
03-14 14:40:29.865  1000  1261  1299 I sysui_multi_action: [757,803,799,window_time_0,802,9]
03-14 14:40:29.872  1000  1261  8407 I dvm_lock_sample: [system_server,1,Binder:1261_20,2205,JobServiceContext.java,530,void com.android.server.job.JobServiceContext.doCallback(com.android.server.job.JobServiceContext$JobCallback, boolean, java.lang.String),JobSchedulerService.java,848,int com.android.server.job.JobSchedulerService.scheduleAsPackage(android.app.job.JobInfo, android.app.job.JobWorkItem, int, java.lang.String, int, java.lang.String),100]
03-14 14:40:29.877  1000  1261  8407 I power_partial_wake_state: [5634,*job*/com.android.vending/com.google.android.finsky.scheduler.JobSchedulerEngine$PhoneskyJobSchedulerJobService:android]
03-14 14:40:29.958  1000  1261  1299 I am_uid_idle: 10021
03-14 14:40:29.960  1000  1261  8370 I am_failed_to_pause: [0,206149200,com.android.settings/.Settings,(none)]
03-14 14:40:30.278 10010  2606  5012 I content_query_sample: contents_sample_query: [ uri = content://com.android.contacts/raw_contacts(usr:0), pkg = com.samsung.android.contacts(4827), prj = [_id], sel = account_type = 'vnd.sec.contact.sim', selArg = null, so = null, cv = null, dur = 164, ret = 0, trw = false ]
03-14 14:40:30.481  1000  1261  8378 I am_uid_running: 10115
03-14 14:40:30.495 10010  2606  5012 I content_query_sample: contents_sample_query: [ uri = content://com.android.contacts/raw_contacts(usr:0), pkg = com.samsung.android.dialer(4649), prj = [_id], sel = account_type = 'vnd.sec.contact.sim', selArg = null, so = null, cv = null, dur = 77, ret = 0, trw = false ]
03-14 14:40:30.628  1000  1261  1301 I am_proc_start: [0,9674,10115,com.android.chrome,service,com.android.chrome/org.chromium.chrome.browser.customtabs.CustomTabsConnectionService]
03-14 14:40:30.897 10010  2606  5012 I content_query_sample: contents_sample_query: [ uri = content://com.android.contacts/raw_contacts(usr:0), pkg = com.samsung.android.contacts(4827), prj = [_id], sel = account_type = 'vnd.sec.contact.sim', selArg = null, so = null, cv = null, dur = 185, ret = 0, trw = false ]
03-14 14:40:30.939  1000  1261  8072 I am_proc_bound: [0,9674,com.android.chrome]
03-14 14:40:31.036 10010  2606  8507 I content_query_sample: contents_sample_query: [ uri = content://com.android.contacts/raw_contacts(usr:0), pkg = com.samsung.android.dialer(4649), prj = [_id], sel = account_type = 'vnd.sec.contact.sim', selArg = null, so = null, cv = null, dur = 241, ret = 0, trw = false ]
03-14 14:40:31.041  1000  1261  8370 I am_uid_running: 10046
03-14 14:40:31.179 10090  3867  3867 I am_on_stop_called: [0,com.google.android.apps.gsa.searchnow.SearchNowActivity,STOP_ACTIVITY_ITEM]
03-14 14:40:31.180 10090  3867  3867 I am_on_destroy_called: [0,com.google.android.googlequicksearchbox.SearchActivity,performDestroy]
03-14 14:40:31.184  1000  1261  8407 I wm_task_removed: [43,removeAppToken: last token,1]
03-14 14:40:31.186  1000  1261  8407 I am_remove_task: [43,3]
03-14 14:40:31.187  1000  1261  8407 I wm_task_removed: [43,removeTask,1]
03-14 14:40:31.190 10090  3867  3867 I am_on_restart_called: [0,com.google.android.apps.gsa.searchnow.SearchNowActivity,handleWindowVisibility]
03-14 14:40:31.264  1000  1261  8407 I wm_stack_removed: [3,1]
03-14 14:40:31.387  1000  1261  1310 I service_manager_slow: [11,isub]
03-14 14:40:31.473  1000  1261  8370 I power_partial_wake_state: [3,*telephony-radio*:com.android.phone]
03-14 14:40:31.482  1000  1261  1301 I am_proc_start: [0,9699,10046,com.samsung.android.keyguardwallpaperupdator,broadcast,com.samsung.android.keyguardwallpaperupdator/.manager.WallpaperBroadcastReceiver]
03-14 14:40:31.496  1000  1261  6636 I power_partial_wake_state: [22,*telephony-radio*:com.android.phone]
03-14 14:40:31.501  1000  1261  1915 I am_proc_bound: [0,9699,com.samsung.android.keyguardwallpaperupdator]
03-14 14:40:31.523  1000  1261  3214 I power_partial_wake_state: [26,*telephony-radio*:com.android.phone]
03-14 14:40:31.534  1000  1261  8370 I power_partial_wake_state: [36,*telephony-radio*:com.android.phone]
03-14 14:40:31.613  1000  1261  1301 I am_proc_start: [0,9715,10115,com.android.chrome:webview_service,service,com.android.chrome/org.chromium.android_webview.services.VariationsSeedServer]
03-14 14:40:31.620  1000  1261  3214 I am_proc_bound: [0,9715,com.android.chrome:webview_service]
03-14 14:40:31.697  1000  1261  3214 I am_uid_active: 10115
03-14 14:40:31.762  1000  1261  3214 I power_partial_wake_state: [121,*job*/com.facebook.appmanager/com.facebook.oxygen.appmanager.common.jobqueue.JobQueueService:android]
03-14 14:40:31.776  1000  1261  1261 I commit_sys_config_file: [notification-policy,57]
03-14 14:40:31.784 10090  3867  3867 I am_on_start_called: [0,com.google.android.apps.gsa.searchnow.SearchNowActivity,handleWindowVisibility]
03-14 14:40:31.960  1000  1261  1298 I am_pss  : [3867,10090,com.google.android.googlequicksearchbox:search,67988480,0,51200,0,0,2,17]
03-14 14:40:32.119  1000  1261  1292 I am_uid_running: 10092
03-14 14:40:32.192  1000  1261  1298 I am_pss  : [9082,10158,com.samsung.android.app.simplesharing,10940416,0,57344,0,0,18,11]
03-14 14:40:32.344  1000  1261  1301 I am_proc_start: [0,9744,10092,com.samsung.android.knox.analytics.uploader,broadcast,com.samsung.android.knox.analytics.uploader/.servicemanager.BootReceiver]
03-14 14:40:32.346  1000  1261  2124 I power_partial_wake_state: [140,*job*/com.samsung.android.ipsgeofence/.task.jobservices.coremanager.SendToCpTask:android]
03-14 14:40:32.346 10090  3867  3867 I am_on_create_called: [0,com.google.android.apps.gsa.sidekick.main.optin.OptInActivity,performCreate]
03-14 14:40:32.441  1000  1261  1298 I am_pss  : [7808,10035,com.google.android.gms.unstable,18442240,0,52224,0,0,18,14]
03-14 14:40:32.553  1000  1261  1298 I am_pss  : [8868,1000,com.samsung.android.SettingsReceiver,5470208,0,60416,0,0,18,11]
03-14 14:40:32.556  1000  1261  8370 I am_proc_bound: [0,9744,com.samsung.android.knox.analytics.uploader]
03-14 14:40:32.667  1000  1261  1292 I am_kill : [0,8533,com.opera.max.oem,906,DHA:empty #21]
03-14 14:40:32.681  1000  1261  1298 I am_pss  : [9510,1000,com.android.settings,62593024,16027648,50176,0,0,2,15]
03-14 14:40:32.681 10090  3867  3867 I am_on_start_called: [0,com.google.android.apps.gsa.sidekick.main.optin.OptInActivity,handleStartActivity]
03-14 14:40:32.683 10090  3867  3867 I am_on_resume_called: [0,com.google.android.apps.gsa.sidekick.main.optin.OptInActivity,RESUME_ACTIVITY]
03-14 14:40:32.763  1000  1261  1298 I am_pss  : [9203,5006,com.samsung.android.beaconmanager,5066752,0,57344,0,0,7,10]
03-14 14:40:32.815  1000  1261  3044 I power_partial_wake_state: [253,*job*/com.samsung.android.ipsgeofence/.task.jobservices.coremanager.IpcSenderTask_JNI:android]
03-14 14:40:32.822  1000  1261  1298 I am_pss  : [6573,1000,com.android.system,16096256,3100672,50176,0,0,18,12]
03-14 14:40:32.971  1000  1261  3044 I am_proc_died: [0,8533,com.opera.max.oem,906,18,78,1345]
03-14 14:40:32.983  1000  1261  1298 I sysui_multi_action: [319,4699,321,4283,322,10443,325,314,757,761,758,8,759,1,806,com.android.settings,871,com.android.settings.Settings,904,com.android.systemui,905,0,945,4464,1320,3,1321,2]
03-14 14:40:32.991  1000  1261  3044 I am_uid_stopped: 10174
03-14 14:40:33.877  1000  1261  1544 I am_kill : [0,8550,com.google.android.gms.ui,906,DHA:empty #21]
03-14 14:40:33.979  1000  1261  1915 I am_uid_running: 5250
03-14 14:40:34.045  1000  1261  1915 I am_kill : [0,8448,com.microsoft.skydrive,906,DHA:empty #21]
03-14 14:40:34.058  1000  1261  1801 I am_proc_died: [0,8550,com.google.android.gms.ui,906,18,73,1345]
03-14 14:40:34.214  1000  1261  1298 I am_pss  : [9268,10145,com.samsung.android.calendar,11193344,0,59392,0,0,18,13]
03-14 14:40:34.365  1000  1261  1301 I am_proc_start: [0,9765,5250,com.samsung.android.knox.containeragent,broadcast,com.samsung.android.knox.containeragent/.switcher.knoxusage.KnoxUsageReceiver]
03-14 14:40:34.370  1000  1261  1298 I am_pss  : [8894,1000,com.sec.modem.settings,4836352,0,59392,0,0,3,12]
03-14 14:40:34.378  1000  1261  5374 I am_proc_died: [0,8448,com.microsoft.skydrive,906,18,82,1346]
03-14 14:40:34.386  1000  1261  5374 I am_uid_stopped: 10053
03-14 14:40:34.389  5250  9765  9765 I service_manager_slow: [21,activity]
03-14 14:40:34.506  1000  1261  5967 I am_proc_bound: [0,9765,com.samsung.android.knox.containeragent]
03-14 14:40:34.524  1000  1261  2124 I power_partial_wake_state: [30,Wakeful StateMachine: GeofencerStateMachine:com.google.android.gms]
03-14 14:40:36.064  1000  1261  2124 I am_kill : [0,8746,com.qualcomm.qti.lpa,906,DHA:empty #21]
03-14 14:40:36.124 10090  3867  4002 I service_manager_slow: [76,location]
03-14 14:40:36.134  1000  1261  1800 I power_partial_wake_state: [3,*telephony-radio*:com.android.phone]
03-14 14:40:36.149  1000  1261  5967 I power_partial_wake_state: [13,*telephony-radio*:com.android.phone]
03-14 14:40:36.154  1000  1261  5967 I power_partial_wake_state: [2,*telephony-radio*:com.android.phone]
03-14 14:40:36.186  1000  1261  2124 I power_partial_wake_state: [15,*telephony-radio*:com.android.phone]
03-14 14:40:36.272 10035  3077  4629 I service_manager_slow: [89,location]
03-14 14:40:36.497  1000  1261  1261 I commit_sys_config_file: [notification-policy,139]
03-14 14:40:36.607  1000  1261  1298 I am_pss  : [9312,1000,com.samsung.android.lool,9154560,0,59392,0,0,4,14]
03-14 14:40:36.791  1000  1261  1292 I am_proc_died: [0,8746,com.qualcomm.qti.lpa,906,18,76,1325]
03-14 14:40:36.912  1000  1261  1298 I am_pss  : [9158,1000,com.samsung.android.bbc.bbcagent,7044096,0,57344,0,0,18,12]
03-14 14:40:36.952  1000  8979  9796 I service_manager_slow: [12,isub]
03-14 14:40:36.958  1000  1261  1800 I power_partial_wake_state: [600,*job*/com.samsung.android.app.omcagent/.process.device.RegisterOMCJobService:android]
03-14 14:40:37.270  1000  1261  8407 I service_manager_slow: [16,iqi]
03-14 14:40:37.270  1000  1261  8407 I am_kill : [0,7808,com.google.android.gms.unstable,906,DHA:empty #21]
03-14 14:40:37.302  1000  1261  1298 I am_pss  : [8779,1000,com.samsung.accessibility,44870656,0,55296,0,0,18,17]
03-14 14:40:37.601  1000  1261  1299 I am_stop_activity: [0,206149200,com.android.settings/.Settings]
03-14 14:40:37.696  1000  1261  1301 I am_proc_start: [0,9799,5250,com.samsung.android.knox.containercore,broadcast,com.samsung.android.knox.containercore/.KnoxCoreBroadcastReceiver]
03-14 14:40:37.727  1000  1261  1298 I am_pss  : [5962,10073,com.samsung.knox.securefolder,11407360,0,57344,0,0,4,13]
03-14 14:40:37.729  1000  1261  1544 I am_proc_bound: [0,9799,com.samsung.android.knox.containercore]
03-14 14:40:38.263  1000  1261  1915 I power_partial_wake_state: [25,*telephony-radio*:com.android.phone]
03-14 14:40:38.280  1000  1261  1915 I power_partial_wake_state: [14,*telephony-radio*:com.android.phone]
03-14 14:40:38.292  1000  1261  8407 I am_proc_died: [0,7808,com.google.android.gms.unstable,906,18,75,1327]
03-14 14:40:38.310  1000  1261  1915 I power_partial_wake_state: [29,*telephony-radio*:com.android.phone]
03-14 14:40:38.318  1000  1261  1915 I power_partial_wake_state: [25,*telephony-radio*:com.android.phone]
03-14 14:40:38.444  1000  9510  9510 I am_on_stop_called: [0,com.android.settings.Settings,STOP_ACTIVITY_ITEM]
03-14 14:40:38.607  1000  1261  1312 I am_activity_launch_time: [0,226589367,com.google.android.googlequicksearchbox/com.google.android.apps.gsa.sidekick.main.optin.OptInActivity,7605,7605]
03-14 14:40:38.700  1000  1261  3214 I am_kill : [0,8779,com.samsung.accessibility,906,DHA:empty #21]
03-14 14:40:38.856  1000  1261  3214 I power_partial_wake_state: [21,NlpWakeLock:com.google.android.gms]
03-14 14:40:38.931  1000  1261  1298 I am_pss  : [9363,10059,com.android.providers.calendar,7612416,0,58368,0,0,14,13]
03-14 14:40:38.998  1000  1261  5374 I power_partial_wake_state: [6799,*job*/com.google.android.googlequicksearchbox/com.google.android.apps.gsa.tasks.BackgroundTasksJobService:android]
03-14 14:40:39.056  1000  1261  1915 I am_kill : [0,8948,com.samsung.SMT,906,DHA:empty #21]
03-14 14:40:39.174  1000  1261  1298 I am_pss  : [9389,1000,com.android.settings:QuickSettingsTile,10846208,0,61440,0,0,4,14]
03-14 14:40:39.175  1000  1261  1299 I power_partial_wake_state: [10170,*launch*:android]
03-14 14:40:39.277  1000  1261  2205 I service_manager_stats: [100,209,14901]
03-14 14:40:39.278  1000  1261  2205 I am_proc_died: [0,8779,com.samsung.accessibility,906,18,105,1330]
03-14 14:40:39.568  1000  1261  3050 I am_proc_died: [0,8948,com.samsung.SMT,1001,18,99,1331]
03-14 14:40:39.706  1000  1261  1915 I power_partial_wake_state: [4754,fiid-sync:com.samsung.android.app.omcagent]
03-14 14:40:39.770  1000  1261  1298 I am_pss  : [9422,1000,com.samsung.android.uds,6119424,0,61440,0,0,4,11]
03-14 14:40:40.110  1000  1261  1298 I am_pss  : [9452,10079,com.sec.android.app.soundalive,5346304,0,65536,0,0,4,13]
03-14 14:40:40.313  1000  1261  1298 I am_pss  : [9467,10164,com.samsung.android.kidsinstaller,4120576,0,64512,0,0,4,13]
03-14 14:40:40.373  1000  1261  1298 I am_pss  : [3867,10090,com.google.android.googlequicksearchbox:search,112620544,31735808,52224,0,0,2,23]
03-14 14:40:40.474  1000  1261  1301 I am_proc_start: [0,9840,1000,com.samsung.android.sm.provider,content provider,com.samsung.android.lool/com.samsung.android.sm.database.SmProvider]
03-14 14:40:40.476  1000  1261  1298 I am_pss  : [9034,10169,com.samsung.android.app.reminder,11030528,0,58368,0,0,18,14]
03-14 14:40:40.556  1000  1261  8072 I am_proc_bound: [0,9840,com.samsung.android.sm.provider]
03-14 14:40:40.594  1000  1261  1311 I commit_sys_config_file: [jobs,45]
03-14 14:40:40.632  1000  1261  8072 I am_kill : [0,8868,com.samsung.android.SettingsReceiver,906,DHA:empty #21]
03-14 14:40:40.709  1000  1261  3214 I power_partial_wake_state: [10,*telephony-radio*:com.android.phone]
03-14 14:40:40.729  1000  1261  2108 I am_proc_died: [0,8868,com.samsung.android.SettingsReceiver,906,18,96,1333]
03-14 14:40:40.730  1000  1261  3214 I power_partial_wake_state: [19,*telephony-radio*:com.android.phone]
03-14 14:40:40.750  1000  1261  8072 I power_partial_wake_state: [17,*telephony-radio*:com.android.phone]
03-14 14:40:40.775  1000  1261  8072 I power_partial_wake_state: [13,*telephony-radio*:com.android.phone]
03-14 14:40:41.194  1000  1261  1800 I power_partial_wake_state: [10502,GCoreFlp:com.google.android.gms]
03-14 14:40:41.325  1000  1261  1800 I am_uid_running: 10065
03-14 14:40:41.363  1000  1261  1311 I commit_sys_config_file: [jobs,37]
03-14 14:40:41.464  1000  1261  1298 I am_pss  : [8799,1000,com.sec.android.app.servicemodeapp,16583680,2207744,53248,0,0,18,14]
03-14 14:40:41.566  1000  1261  1301 I am_proc_start: [0,9865,10065,com.samsung.android.messaging,broadcast,com.samsung.android.messaging/.ui.receiver.boot.CommonBootReceiver]
03-14 14:40:41.659  1000  1261  1544 I am_proc_bound: [0,9865,com.samsung.android.messaging]
03-14 14:40:42.161  1000  1261  1311 I commit_sys_config_file: [jobs,62]
03-14 14:40:42.188  1000  1261  1801 I power_partial_wake_state: [1986,*job*/com.google.android.googlequicksearchbox/com.google.android.apps.gsa.tasks.BackgroundTasksJobService:android]
03-14 14:40:42.476  1000  1261  1915 I am_uid_running: 5012
03-14 14:40:42.608  1000  1261  6655 I power_partial_wake_state: [5448,*job*/com.google.android.googlequicksearchbox/com.google.android.apps.gsa.tasks.BackgroundTasksJobService:android]
03-14 14:40:42.611  1000  1261  1801 I service_manager_slow: [38,device_policy]
03-14 14:40:42.661  1000  1261  1311 I commit_sys_config_file: [jobs,55]
03-14 14:40:42.661  1000  1261  1301 I am_proc_start: [0,9888,5012,com.samsung.android.sm.devicesecurity,content provider,com.samsung.android.sm.devicesecurity/.DeviceSecurityProvider]
03-14 14:40:42.674  1000  1261  1801 I power_partial_wake_state: [2476,*job*/com.google.android.googlequicksearchbox/com.google.android.apps.gsa.tasks.BackgroundTasksJobService:android]
03-14 14:40:42.740 10010  2606  3011 I content_query_sample: contents_sample_state: [CONTACT contacts(0) data(0) accounts({}) accounts deleted({}) calls([logtype:100 cnt:2, logtype:1000 cnt:13]) countryIso(CL) userId(0)  ]\r
03-14 14:40:42.740 10010  2606  3011 I content_query_sample: contents_sample_state: [ agr({})  ]\r
03-14 14:40:42.740 10010  2606  3011 I content_query_sample: contents_sample_state: [ actCnt({com.samsung.android.dialer(4649)=21, android.process.acore(2606)=1, com.samsung.android.contacts(4827)=15, com.android.providers.calendar(9363)=4})  ]\r
03-14 14:40:42.740 10010  2606  3011 I content_query_sample: contents_sample_state: [PROFILE contacts(0) data(0) accounts({})  ] [SAPROFILE contacts(1) data(1) accounts({vnd.sec.contact.phone (1)=1})  ]\r
03-14 14:40:42.740 10010  2606  3011 I content_query_sample: contents_sample_state: [STORAGE Contacts(CE) Profile(CE) SAProfile(CE) CallLog(CE)  ]
03-14 14:40:42.795  5012  9888  9888 I service_manager_slow: [11,activity]
03-14 14:40:42.799  1000  1261  1298 I am_pss  : [8979,1000,com.samsung.android.app.omcagent,12628992,0,55296,0,0,7,13]
03-14 14:40:42.802  1000  1261  8072 I am_proc_bound: [0,9888,com.samsung.android.sm.devicesecurity]
03-14 14:40:42.854  1000  1261  3795 I power_partial_wake_state: [582,NlpWakeLock:com.google.android.gms]
03-14 14:40:42.897  1000  1261  8072 I am_uid_active: 5012
03-14 14:40:42.929 radio  1706  2583 I service_manager_slow: [16,isub]
03-14 14:40:42.963 10090  3867  9643 I dvm_lock_sample: [com.google.android.googlequickse,0,NonUserFacing4,6927,SourceFile,-1,boolean com.google.android.apps.gsa.staticplugins.ac.av.djG(),-,-1,boolean com.google.android.apps.gsa.staticplugins.ac.av.djF(),100]
03-14 14:40:43.057  1000  1261  3795 I power_partial_wake_state: [3266,NlpWakeLock:com.google.android.gms]
03-14 14:40:43.144  1000  1261  1298 I am_pss  : [9188,1001,com.samsung.android.incallui,19949568,0,58368,0,0,18,13]
03-14 14:40:43.212  1000  1261  3795 I power_partial_wake_state: [16818,CMWakeLock:com.google.android.gms]
03-14 14:40:43.274  1000  1261  2108 I power_partial_wake_state: [82,NlpWakeLock:com.google.android.gms]
03-14 14:40:43.320  1000  1261  1544 I power_partial_wake_state: [38,NlpWakeLock:com.google.android.gms]
03-14 14:40:43.344  1000  1261  3795 I power_partial_wake_state: [493,NlpWakeLock:com.google.android.gms]
03-14 14:40:43.462  1000  1261  1261 I commit_sys_config_file: [notification-policy,61]
03-14 14:40:43.498  1000  1261  1261 I commit_sys_config_file: [notification-policy,37]
03-14 14:40:43.515  1000  1261  8382 I power_partial_wake_state: [2243,*job*/com.samsung.android.sdm.config/.restapi.RestApiJobService:android]
03-14 14:40:43.652  1000  1261  8382 I power_partial_wake_state: [68,*telephony-radio*:com.android.phone]
03-14 14:40:43.667  1000  1261  8382 I power_partial_wake_state: [9,*telephony-radio*:com.android.phone]
03-14 14:40:43.741  1000  1261  3214 I power_partial_wake_state: [68,*telephony-radio*:com.android.phone]
03-14 14:40:43.755  1000  1261  3214 I power_partial_wake_state: [8,*telephony-radio*:com.android.phone]
03-14 14:40:43.855  1000  1261  2205 I power_partial_wake_state: [89,*telephony-radio*:com.android.phone]
03-14 14:40:43.857  1000  1261  1299 I am_uid_running: 10009
03-14 14:40:43.869  1000  1261  1915 I power_partial_wake_state: [7,*telephony-radio*:com.android.phone]
03-14 14:40:43.884  1000  1261  1298 I am_pss  : [9551,1203,com.samsung.android.dsms,4439040,0,62464,0,0,18,12]
03-14 14:40:43.901  1000  1261  1544 I am_uid_running: 10062
03-14 14:40:43.976  1000  1261  1301 I am_proc_start: [0,9929,10009,com.sec.android.provider.badge,broadcast,com.sec.android.provider.badge/.BadgeCountReceiver]
03-14 14:40:44.021  1000  1261  8072 I power_partial_wake_state: [808,CMWakeLock:com.google.android.gms]
03-14 14:40:44.039 10090  3867  9798 I dvm_lock_sample: [com.google.android.googlequickse,0,NonUserFacing5,7260,SourceFile,-1,boolean com.google.android.apps.gsa.staticplugins.ac.av.djF(),-,-1,boolean com.google.android.apps.gsa.staticplugins.ac.av.djF(),100]
03-14 14:40:44.063  1000  1261  1915 I am_proc_bound: [0,9929,com.sec.android.provider.badge]
03-14 14:40:44.148  1000  1261  1301 I am_proc_start: [0,9944,10062,com.samsung.android.mobileservice,broadcast,com.samsung.android.mobileservice/com.samsung.android.samsungaccount.authentication.service.OspReceiver]
03-14 14:40:44.205  1000  1261  2205 I am_proc_bound: [0,9944,com.samsung.android.mobileservice]
03-14 14:40:44.511  1000  1261  1261 I notification_cancel: [10065,9865,com.samsung.android.messaging,123,com.samsung.android.messaging:GROUP_RECEIVED:,0,0,1088,8,NULL]
03-14 14:40:44.604  1000  1261  6655 I am_kill : [0,8799,com.sec.android.app.servicemodeapp,906,DHA:empty #21]
03-14 14:40:44.623  1000  1261  1298 I am_pss  : [9217,10034,com.samsung.android.game.gametools,10814464,0,58368,0,0,18,14]
03-14 14:40:44.711  1000  1261  2108 I am_kill : [0,9082,com.samsung.android.app.simplesharing,906,DHA:empty #21]
03-14 14:40:44.732  1000  1261  5967 I am_proc_died: [0,8799,com.sec.android.app.servicemodeapp,906,18,80,1345]
03-14 14:40:44.886  1000  1261  3050 I am_uid_active: 10009
03-14 14:40:44.888  1000  1261  1298 I am_pss  : [9242,1001,com.samsung.crane,13155328,0,58368,0,0,18,13]
03-14 14:40:44.890  1000  1261  2108 I am_proc_died: [0,9082,com.samsung.android.app.simplesharing,906,18,82,1345]
03-14 14:40:44.891  1000  1261  2108 I am_uid_stopped: 10158
03-14 14:40:45.014  1000  1261  8386 I am_finish_activity: [0,226589367,44,com.google.android.googlequicksearchbox/com.google.android.apps.gsa.sidekick.main.optin.OptInActivity,app-request]
03-14 14:40:45.028  1000  1261  8386 I am_pause_activity: [0,226589367,com.google.android.googlequicksearchbox/com.google.android.apps.gsa.sidekick.main.optin.OptInActivity,userLeaving=false]
03-14 14:40:45.129  1000  1261  1299 I sysui_count: [window_time_0,15]
03-14 14:40:45.129  1000  1261  1299 I sysui_multi_action: [757,803,799,window_time_0,802,15]
03-14 14:40:45.289 10090  3867  3867 I am_on_paused_called: [0,com.google.android.apps.gsa.sidekick.main.optin.OptInActivity,performPause]
03-14 14:40:45.538  1000  1261  1292 I am_set_resumed_activity: [0,com.google.android.googlequicksearchbox/com.google.android.apps.gsa.searchnow.SearchNowActivity,resumeTopActivityInnerLocked]
03-14 14:40:45.590  1000  1261  1292 I am_resume_activity: [0,184546085,44,com.google.android.googlequicksearchbox/com.google.android.apps.gsa.searchnow.SearchNowActivity]
03-14 14:40:45.738 10090  3867  3867 I am_on_activity_result_called: [0,com.google.android.apps.gsa.searchnow.SearchNowActivity,ACTIVITY_RESULT]
03-14 14:40:45.770 10090  3867  3867 I am_on_resume_called: [0,com.google.android.apps.gsa.searchnow.SearchNowActivity,RESUME_ACTIVITY]
03-14 14:40:45.812 10015  1744  1744 I sysui_multi_action: [757,931,758,4,759,4,932,0,933,0]
03-14 14:40:45.831  1000  1261  1299 I sysui_count: [window_time_0,1]
03-14 14:40:45.832  1000  1261  1299 I sysui_multi_action: [757,803,799,window_time_0,802,1]
03-14 14:40:45.837  1000  1261  1292 I sysui_count: [key_back_down,1]
03-14 14:40:45.837  1000  1261  1292 I sysui_multi_action: [757,803,799,key_back_down,802,1]
03-14 14:40:45.856 10015  1744  1744 I sysui_multi_action: [757,931,758,4,759,4,932,0,933,1]
03-14 14:40:46.197  1000  1261  3050 I power_partial_wake_state: [1164,*launch*:android]
03-14 14:40:46.221  1000  1261  3050 I am_destroy_activity: [0,226589367,44,com.google.android.googlequicksearchbox/com.google.android.apps.gsa.sidekick.main.optin.OptInActivity,finish-idle]
03-14 14:40:46.274  1000  1261  3044 I am_finish_activity: [0,184546085,44,com.google.android.googlequicksearchbox/com.google.android.apps.gsa.searchnow.SearchNowActivity,app-request]
03-14 14:40:46.298  1000  1261  3044 I am_focused_stack: [0,5,4,finishActivity adjustFocus adjustFocusToNextFocusableStack]
03-14 14:40:46.321  1000  1261  3044 I am_pause_activity: [0,184546085,com.google.android.googlequicksearchbox/com.google.android.apps.gsa.searchnow.SearchNowActivity,userLeaving=false]
03-14 14:40:46.378 10090  3867  3867 I am_on_stop_called: [0,com.google.android.apps.gsa.sidekick.main.optin.OptInActivity,LIFECYCLER_STOP_ACTIVITY]
03-14 14:40:46.380  1000  1261  1299 I sysui_count: [window_time_0,0]
03-14 14:40:46.380  1000  1261  1299 I sysui_multi_action: [757,803,799,window_time_0,802,0]
03-14 14:40:46.381 10090  3867  3867 I am_on_destroy_called: [0,com.google.android.apps.gsa.sidekick.main.optin.OptInActivity,performDestroy]
03-14 14:40:46.514 10090  3867  3867 I am_on_paused_called: [0,com.google.android.apps.gsa.searchnow.SearchNowActivity,performPause]
03-14 14:40:46.563  1000  1261  1915 I power_partial_wake_state: [238,*launch*:android]
03-14 14:40:46.589  1000  1261  1915 I am_set_resumed_activity: [0,com.android.settings/.Settings,resumeTopActivityInnerLocked]
03-14 14:40:46.642  1000  1261  1915 I am_resume_activity: [0,206149200,45,com.android.settings/.Settings]
03-14 14:40:46.741  1000  9510  9510 I am_on_restart_called: [0,com.android.settings.Settings,performRestartActivity]
03-14 14:40:46.856  1000  9510  9510 I am_on_start_called: [0,com.android.settings.Settings,handleStartActivity]
03-14 14:40:46.880  1000  1261  1298 I am_pss  : [9335,1002,com.android.bluetooth,15124480,0,56320,0,0,0,14]
03-14 14:40:46.889  1000  2940  3027 I service_manager_slow: [10,gamemanager]
03-14 14:40:47.001  1000  1261  1299 I sysui_count: [window_time_0,1]
03-14 14:40:47.002  1000  1261  1299 I sysui_multi_action: [757,803,799,window_time_0,802,1]
03-14 14:40:47.019  1000  9510  9510 I am_on_resume_called: [0,com.android.settings.Settings,RESUME_ACTIVITY]
03-14 14:40:47.020  1000  9510  9510 I sysui_multi_action: [757,35,758,1,833,0]
03-14 14:40:47.289  1000  1261  3214 I power_partial_wake_state: [3269,CMWakeLock:com.google.android.gms]
03-14 14:40:47.714  1000  1261  5967 I power_partial_wake_state: [424,CMWakeLock:com.google.android.gms]
03-14 14:40:47.752  1000  1261  5967 I power_partial_wake_state: [24,GCoreFlp:com.google.android.gms]
03-14 14:40:47.759  1000  1261  5967 I power_partial_wake_state: [10,Wakeful StateMachine: GeofencerStateMachine:com.google.android.gms]
03-14 14:40:47.786  1000  1261  5967 I power_partial_wake_state: [20,Wakeful StateMachine: GeofencerStateMachine:com.google.android.gms]
03-14 14:40:47.793  1000  1261  1292 I power_partial_wake_state: [1,GCoreFlp:com.google.android.gms]
03-14 14:40:47.804  1000  1261  3050 I power_partial_wake_state: [1236,*launch*:android]
03-14 14:40:47.832  1000  1261  2108 I power_partial_wake_state: [4,NlpWakeLock:com.google.android.gms]
03-14 14:40:47.876  1000  1261  3050 I am_uid_running: 10111
03-14 14:40:47.945  1000  1261  3050 I power_partial_wake_state: [61,NlpWakeLock:com.google.android.gms]
03-14 14:40:47.957  1000  1261  1800 I power_partial_wake_state: [186,CMWakeLock:com.google.android.gms]
03-14 14:40:47.971  1000  1261  1800 I power_partial_wake_state: [15,NlpWakeLock:com.google.android.gms]
03-14 14:40:47.979  1000  1261  1301 I am_proc_start: [0,9985,10111,com.samsung.android.net.wifi.wifiguider,broadcast,com.samsung.android.net.wifi.wifiguider/.receiver.WifiGuideReceiver]
03-14 14:40:47.993  1000  1261  2108 I power_partial_wake_state: [9,NlpWakeLock:com.google.android.gms]
03-14 14:40:48.012  1000  1261  1800 I power_partial_wake_state: [8,NlpWakeLock:com.google.android.gms]
03-14 14:40:48.183  1000  1261  1299 I am_destroy_activity: [0,184546085,44,com.google.android.googlequicksearchbox/com.google.android.apps.gsa.searchnow.SearchNowActivity,finish-imm:activityIdleInternalLocked]
03-14 14:40:48.262  1000  1261  5967 I power_partial_wake_state: [230,NlpWakeLock:com.google.android.gms]
03-14 14:40:48.269  1000  1261  3050 I am_proc_bound: [0,9985,com.samsung.android.net.wifi.wifiguider]
03-14 14:40:48.285  1000  1261  3214 I power_partial_wake_state: [343,*job*/com.samsung.android.mobileservice/com.samsung.android.samsungaccount.authentication.service.BootDbCheck:android]
03-14 14:40:48.403  1000  1261  3050 I am_kill : [0,9158,com.samsung.android.bbc.bbcagent,906,DHA:empty #21]
03-14 14:40:48.424  1000  1261  3050 I power_partial_wake_state: [338,NlpWakeLock:com.google.android.gms]
03-14 14:40:48.509  1000  1261  3050 I am_proc_died: [0,9158,com.samsung.android.bbc.bbcagent,906,18,72,1346]
03-14 14:40:48.509  1000  1261  1292 I power_partial_wake_state: [73,NlpWakeLock:com.google.android.gms]
03-14 14:40:48.602  1000  1261  6655 I power_partial_wake_state: [2,*telephony-radio*:com.android.phone]
03-14 14:40:48.615  1000  1261  6655 I power_partial_wake_state: [12,*telephony-radio*:com.android.phone]
03-14 14:40:48.619  1000  1261  6655 I power_partial_wake_state: [3,*telephony-radio*:com.android.phone]
03-14 14:40:48.639  1000  1261  6655 I power_partial_wake_state: [11,*telephony-radio*:com.android.phone]
03-14 14:40:48.650 10090  3867  3867 I am_on_stop_called: [0,com.google.android.apps.gsa.searchnow.SearchNowActivity,LIFECYCLER_STOP_ACTIVITY]
03-14 14:40:48.654  1000  1261  6655 I power_partial_wake_state: [138,NlpWakeLock:com.google.android.gms]
03-14 14:40:48.713  1000  1261  1292 I power_partial_wake_state: [40,NlpWakeLock:com.google.android.gms]
03-14 14:40:48.728  1000  1261  1292 I power_partial_wake_state: [10,NlpWakeLock:com.google.android.gms]
03-14 14:40:48.735  1000  1261  1301 I am_proc_start: [0,10003,5017,com.samsung.android.networkdiagnostic,broadcast,com.samsung.android.networkdiagnostic/.receiver.NetworkDiagnosticReceiver]
03-14 14:40:48.749 10090  3867  3867 I am_on_destroy_called: [0,com.google.android.apps.gsa.searchnow.SearchNowActivity,performDestroy]
03-14 14:40:48.815  1000  1261  1292 I power_partial_wake_state: [7,CMWakeLock:com.google.android.gms]
03-14 14:40:48.819  1000  1261  3214 I power_partial_wake_state: [5,GCoreFlp:com.google.android.gms]
03-14 14:40:48.845  1000  1261  1800 I power_partial_wake_state: [27,GCoreFlp:com.google.android.gms]
03-14 14:40:48.847  1000  1261  1800 I power_partial_wake_state: [9,GCoreFlp:com.google.android.gms]
03-14 14:40:48.850  1000  1261  1800 I power_partial_wake_state: [5,GCoreFlp:com.google.android.gms]
03-14 14:40:48.849  1000  1261  6655 I wm_task_removed: [44,removeAppToken: last token,1]
03-14 14:40:48.852  1000  1261  6655 I am_remove_task: [44,4]
03-14 14:40:48.853  1000  1261  6655 I wm_task_removed: [44,removeTask,1]
03-14 14:40:48.870  1000  1261  3214 I power_partial_wake_state: [3,GCoreFlp:com.google.android.gms]
03-14 14:40:48.916  1000  1261  1310 I service_manager_stats: [100,246,9638]
03-14 14:40:48.917  1000  1261  6655 I wm_stack_removed: [4,1]
03-14 14:40:48.919  1000  1261  5967 I power_partial_wake_state: [40,NlpWakeLock:com.google.android.gms]
03-14 14:40:48.925  1000  1261  3050 I am_proc_bound: [0,10003,com.samsung.android.networkdiagnostic]
03-14 14:40:49.208  1000  1261  6655 I service_manager_slow: [53,iqi]
03-14 14:40:49.209  1000  1261  6655 I am_kill : [0,6573,com.android.system,906,DHA:empty #21]
03-14 14:40:49.352  1000  1261  8388 I am_proc_died: [0,6573,com.android.system,906,18,75,1350]
03-14 14:40:49.582 10015  1744  1744 I sysui_multi_action: [757,931,758,4,759,3,932,0,933,0]
03-14 14:40:49.662 10015  1744  1744 I sysui_multi_action: [757,931,758,4,759,3,932,0,933,1]
03-14 14:40:49.748  1000  1261  1800 I am_kill : [0,9268,com.samsung.android.calendar,906,DHA:empty #21]
03-14 14:40:49.834  1000  1261  2108 I power_partial_wake_state: [1091,NlpWakeLock:com.google.android.gms]
03-14 14:40:49.910  1000  1261  1594 I am_new_intent: [0,47645870,40,com.sec.android.app.launcher/.activities.LauncherActivity,android.intent.action.MAIN,NULL,NULL,276824320,NULL]
03-14 14:40:49.913  1000  1261  1594 I wm_task_moved: [40,0,2147483647]
03-14 14:40:49.921  1000  1261  8388 I power_partial_wake_state: [1151,NlpWakeLock:com.google.android.gms]
03-14 14:40:49.936  1000  1261  1594 I am_focused_stack: [0,0,5,bringingFoundTaskToFront]
03-14 14:40:49.955  1000  1261  1594 I wm_task_moved: [40,0,2147483647]
03-14 14:40:49.971  1000  1261  1594 I am_pause_activity: [0,206149200,com.android.settings/.Settings,userLeaving=true]
03-14 14:40:49.990  1000  9510  9510 I sysui_view_visibility: [35,0]
03-14 14:40:49.990  1000  9510  9510 I sysui_multi_action: [757,35,758,2]
03-14 14:40:50.042  1000  1261  1594 I am_set_resumed_activity: [0,com.sec.android.app.launcher/.activities.LauncherActivity,resumeTopActivityInnerLocked]
03-14 14:40:50.087  1000  1261  1594 I am_resume_activity: [0,47645870,40,com.sec.android.app.launcher/.activities.LauncherActivity]
03-14 14:40:50.151  1000  1261  1594 I am_task_to_front: [0,40]
03-14 14:40:50.170 10087  3171  3171 I am_on_restart_called: [0,com.sec.android.app.launcher.activities.LauncherActivity,performRestartActivity]
03-14 14:40:50.198  1000  1261  1299 I am_stop_activity: [0,206149200,com.android.settings/.Settings]
03-14 14:40:50.206  1000  1261  5967 I power_partial_wake_state: [9,GCoreFlp:com.google.android.gms]
03-14 14:40:50.213  1000  1261  8388 I power_partial_wake_state: [8,GCoreFlp:com.google.android.gms]
03-14 14:40:50.222  1000  1261  5967 I power_partial_wake_state: [4,GCoreFlp:com.google.android.gms]
03-14 14:40:50.228  1000  1261  5967 I power_partial_wake_state: [7,GCoreFlp:com.google.android.gms]
03-14 14:40:50.245  1000  1261  8388 I power_partial_wake_state: [3,GCoreFlp:com.google.android.gms]
03-14 14:40:50.246  1000  1261  8386 I am_proc_died: [0,9268,com.samsung.android.calendar,906,18,79,1355]
03-14 14:40:50.248  1000  1261  8386 I am_uid_stopped: 10145
03-14 14:40:50.254  1000  1261  5967 I power_partial_wake_state: [2,GCoreFlp:com.google.android.gms]
03-14 14:40:50.263  1000  1261  3050 I power_partial_wake_state: [6,GCoreFlp:com.google.android.gms]
03-14 14:40:50.268  1000  1261  5967 I power_partial_wake_state: [6,GCoreFlp:com.google.android.gms]
03-14 14:40:50.275  1000  1261  3050 I power_partial_wake_state: [7,GCoreFlp:com.google.android.gms]
03-14 14:40:50.278  1000  1261  3050 I power_partial_wake_state: [3,GCoreFlp:com.google.android.gms]
03-14 14:40:50.285  1000  1261  5967 I power_partial_wake_state: [3,GCoreFlp:com.google.android.gms]
03-14 14:40:50.295  1000  1261  3050 I power_partial_wake_state: [8,GCoreFlp:com.google.android.gms]
03-14 14:40:50.300  1000  1261  3044 I power_partial_wake_state: [8,GCoreFlp:com.google.android.gms]
03-14 14:40:50.302  1000  1261  3050 I power_partial_wake_state: [3,GCoreFlp:com.google.android.gms]
03-14 14:40:50.308  1000  1261  3050 I power_partial_wake_state: [3,GCoreFlp:com.google.android.gms]
03-14 14:40:50.327  1000  1261  8378 I power_partial_wake_state: [3,GCoreFlp:com.google.android.gms]
03-14 14:40:50.333 10087  3171  3171 I am_on_start_called: [0,com.sec.android.app.launcher.activities.LauncherActivity,handleStartActivity]
03-14 14:40:50.344  1000  1261  5967 I power_partial_wake_state: [18,GCoreFlp:com.google.android.gms]
03-14 14:40:50.347  1000  1261  6655 I power_partial_wake_state: [9,GCoreFlp:com.google.android.gms]
03-14 14:40:50.350  1000  1261  3214 I power_partial_wake_state: [8,GCoreFlp:com.google.android.gms]
03-14 14:40:50.358  1000  1261  6655 I power_partial_wake_state: [3,GCoreFlp:com.google.android.gms]
03-14 14:40:50.370  1000  1261  6655 I power_partial_wake_state: [2,GCoreFlp:com.google.android.gms]
03-14 14:40:50.378  1000  1261  5967 I power_partial_wake_state: [7,GCoreFlp:com.google.android.gms]
03-14 14:40:50.383  1000  1261  5967 I power_partial_wake_state: [5,GCoreFlp:com.google.android.gms]
03-14 14:40:50.388  1000  1261  6655 I power_partial_wake_state: [5,GCoreFlp:com.google.android.gms]
03-14 14:40:50.396  1000  1261  3214 I power_partial_wake_state: [5,GCoreFlp:com.google.android.gms]
03-14 14:40:50.485  1000  9510  9510 I am_on_paused_called: [0,com.android.settings.Settings,performPause]
03-14 14:40:50.523 10087  3171  3171 I am_on_resume_called: [0,com.sec.android.app.launcher.activities.LauncherActivity,RESUME_ACTIVITY]
03-14 14:40:50.870  1000  9510  9510 I am_on_stop_called: [0,com.android.settings.Settings,STOP_ACTIVITY_ITEM]
03-14 14:40:51.013  1000  1261  1915 I am_kill : [0,9034,com.samsung.android.app.reminder,906,DHA:empty #21]
03-14 14:40:51.294  1000  1261  1915 I am_kill : [0,9363,com.android.providers.calendar,906,DHA:empty #21]
03-14 14:40:51.334  1000  1261  8386 I am_proc_died: [0,9034,com.samsung.android.app.reminder,906,18,73,1350]
03-14 14:40:51.340  1000  1261  8386 I am_uid_stopped: 10169
03-14 14:40:51.505  1000  1261  8388 I am_proc_died: [0,9363,com.android.providers.calendar,906,18,75,1351]
03-14 14:40:51.510  1000  1261  8388 I am_uid_stopped: 10059
03-14 14:40:51.728  1000  1261  1800 I am_kill : [0,9188,com.samsung.android.incallui,906,DHA:empty #21]
03-14 14:40:51.740  1000  1261  1298 I am_pss  : [9203,5006,com.samsung.android.beaconmanager,5167104,0,61440,0,0,7,11]
03-14 14:40:51.748  1000  1261  1261 I am_uid_running: 10088
03-14 14:40:51.792  1000  1261  8386 I power_partial_wake_state: [1812,*launch*:android]
03-14 14:40:51.933  1000  1261  8386 I am_kill : [0,9551,com.samsung.android.dsms,906,DHA:empty #21]
03-14 14:40:52.141  1000  1261  1800 I am_proc_died: [0,9188,com.samsung.android.incallui,906,18,97,1351]
03-14 14:40:52.342  1000  1261  1301 I am_proc_start: [0,10038,10088,com.google.android.apps.turbo:aab,service,com.google.android.apps.turbo/com.google.android.libraries.smartbattery.appusage.library.InferAppBucketsJob]
03-14 14:40:52.377  1000  1261  8382 I am_proc_died: [0,9551,com.samsung.android.dsms,906,18,96,1352]
03-14 14:40:52.400  1000  1261  8382 I am_uid_stopped: 1203
03-14 14:40:52.579  1000  1261  8378 I am_proc_bound: [0,10038,com.google.android.apps.turbo:aab]
03-14 14:40:52.705  1000  1261  1298 I am_pss  : [9699,10046,com.samsung.android.keyguardwallpaperupdator,4700160,0,64512,0,0,18,10]
03-14 14:40:52.720  1000  1261  8386 I am_uid_running: 10076
