03-14 14:40:52.734  1000  1261  1800 I power_partial_wake_state: [18,*telephony-radio*:com.android.phone]
03-14 14:40:52.848  1000  1261  1301 I am_proc_start: [0,10054,10076,com.samsung.android.provider.shootingmodeprovider,broadcast,com.samsung.android.provider.shootingmodeprovider/com.samsung.android.app.shootingmodeinstaller.PackageIntentReceiver]
03-14 14:40:52.941  1000  1261  1298 I am_pss  : [9674,10115,com.android.chrome,8736768,0,63488,0,0,18,11]
03-14 14:40:52.948  1000  1261  8388 I am_proc_bound: [0,10054,com.samsung.android.provider.shootingmodeprovider]
03-14 14:40:53.047  1000  1261  3050 I power_partial_wake_state: [5,NlpWakeLock:com.google.android.gms]
03-14 14:40:53.082  1000  1261  3050 I power_partial_wake_state: [8,NlpWakeLock:com.google.android.gms]
03-14 14:40:53.107  1000  1261  1298 I am_pss  : [9744,10092,com.samsung.android.knox.analytics.uploader,5665792,0,64512,0,0,18,9]
03-14 14:40:53.161  1000  1261  1298 I am_pss  : [6934,10054,com.android.vending,40593408,0,55296,0,0,18,14]
03-14 14:40:53.162  1000  1261  8388 I power_partial_wake_state: [3714,NlpCollectorWakeLock:com.google.android.gms]
03-14 14:40:53.179  1000  1261  1298 I sysui_multi_action: [319,1158,322,1123,325,347,757,761,758,9,759,2,806,com.sec.android.app.launcher,871,com.sec.android.app.launcher.activities.LauncherActivity,905,0,1320,3,1321,2]
03-14 14:40:53.328  1000  1261  8388 I power_partial_wake_state: [252,*job*/com.samsung.android.networkdiagnostic/androidx.work.impl.background.systemjob.SystemJobService:android]
03-14 14:40:53.472  1000  1261  8386 I am_kill : [0,9217,com.samsung.android.game.gametools,906,DHA:empty #21]
03-14 14:40:53.545  1000  1261  5967 I am_proc_died: [0,9217,com.samsung.android.game.gametools,906,18,98,1356]
03-14 14:40:53.546  1000  1261  5967 I am_uid_stopped: 10034
03-14 14:40:53.657  1000  1261  8378 I power_partial_wake_state: [4,*telephony-radio*:com.android.phone]
03-14 14:40:53.670  1000  1261  8386 I wm_stack_created: [6,0]
03-14 14:40:53.670  1000  1261  8378 I power_partial_wake_state: [11,*telephony-radio*:com.android.phone]
03-14 14:40:53.676  1000  1261  8388 I power_partial_wake_state: [5,*telephony-radio*:com.android.phone]
03-14 14:40:53.680  1000  1261  8378 I power_partial_wake_state: [8,*telephony-radio*:com.android.phone]
03-14 14:40:53.697  1000  1261  8386 I wm_task_created: [46,6,1]
03-14 14:40:53.698  1000  1261  8386 I wm_task_windowing_mode_changed: [46,0,1]
03-14 14:40:53.701  1000  1261  8386 I wm_task_moved: [46,0,2147483647]
03-14 14:40:53.717  1000  1261  8386 I am_focused_stack: [0,6,0,reuseOrNewTask]
03-14 14:40:53.727  1000  1261  8386 I am_create_task: [0,46]
03-14 14:40:53.727  1000  1261  8386 I am_create_activity: [0,10490202,46,com.samsung.advp.imssettings/.MainActivity,android.intent.action.MAIN,NULL,NULL,270532608,com.sec.android.app.launcher]
03-14 14:40:53.728  1000  1261  8386 I wm_task_moved: [46,0,2147483647]
03-14 14:40:53.761  1000  1261  8386 I am_pause_activity: [0,47645870,com.sec.android.app.launcher/.activities.LauncherActivity,userLeaving=true]
03-14 14:40:53.831  1000  1261  1328 I commit_sys_config_file: [package-user-0,47]
03-14 14:40:53.835  1000  1261  6636 I am_uid_running: 5010
03-14 14:40:53.973  1000  1261  8378 I am_kill : [0,9242,com.samsung.crane,906,DHA:empty #21]
03-14 14:40:53.995 10087  3171  3171 I am_on_paused_called: [0,com.sec.android.app.launcher.activities.LauncherActivity,performPause]
03-14 14:40:54.062  1000  1261  1301 I am_proc_start: [0,10085,5010,com.samsung.android.rubin.app,broadcast,com.samsung.android.rubin.app/com.samsung.android.rubin.controller.receivers.BootCompletedReceiver]
03-14 14:40:54.224  1000  1261  1915 I am_proc_bound: [0,10085,com.samsung.android.rubin.app]
03-14 14:40:54.310  1000  1261  1298 I am_pss  : [9629,5017,com.samsung.android.ipsgeofence,5432320,0,64512,0,0,18,10]
03-14 14:40:54.311  1000  1261  1299 I sysui_count: [window_time_0,7]
03-14 14:40:54.312  1000  1261  1299 I sysui_multi_action: [757,803,799,window_time_0,802,7]
03-14 14:40:54.314  1000  1261  3050 I am_proc_died: [0,9242,com.samsung.crane,906,18,98,1358]
03-14 14:40:54.512  1000  1261  8382 I am_kill : [0,6934,com.android.vending,906,DHA:empty #21]
03-14 14:40:54.525  1000  1261  1301 I am_proc_start: [0,10101,1000,com.samsung.advp.imssettings,activity,com.samsung.advp.imssettings/.MainActivity]
03-14 14:40:54.600  1000  1261  8386 I am_proc_bound: [0,10101,com.samsung.advp.imssettings]
03-14 14:40:54.728  1000  1261  8386 I am_restart_activity: [0,10490202,46,com.samsung.advp.imssettings/.MainActivity]
03-14 14:40:54.748  1000  1261  8386 I am_set_resumed_activity: [0,com.samsung.advp.imssettings/.MainActivity,minimalResumeActivityLocked]
03-14 14:40:54.812  1000  1261  1292 I am_proc_died: [0,6934,com.android.vending,906,18,113,1362]
03-14 14:40:54.848  1000  1261  1292 I am_uid_stopped: 10054
03-14 14:40:55.084  1000  2940  3018 I service_manager_stats: [100,371,352620]
03-14 14:40:55.256  1000  1261  8072 I power_partial_wake_state: [1668,GCoreFlp:com.google.android.gms]
03-14 14:40:55.420  1000  1261  1298 I am_pss  : [9765,5250,com.samsung.android.knox.containeragent,9418752,0,64512,0,0,18,12]
03-14 14:40:55.510  1000  1261  1261 I notification_cancel: [10088,10038,com.google.android.apps.turbo,10436,NULL,0,0,1088,8,NULL]
03-14 14:40:55.606  1000  1261  8388 I am_uid_running: 5009
03-14 14:40:55.675  1000  1261  8388 I am_kill : [0,9699,com.samsung.android.keyguardwallpaperupdator,906,DHA:empty #21]
03-14 14:40:55.710  1000  1261  8378 I power_partial_wake_state: [2557,NlpWakeLock:com.google.android.gms]
03-14 14:40:55.759  1000  1261  1301 I am_proc_start: [0,10140,5009,com.samsung.android.scloud,broadcast,com.samsung.android.scloud/.common.SCloudSystemIntentReceiver]
03-14 14:40:55.866  1000  1261  8072 I am_proc_died: [0,9699,com.samsung.android.keyguardwallpaperupdator,906,18,100,1364]
03-14 14:40:55.869  1000  1261  8072 I am_uid_stopped: 10046
03-14 14:40:56.038  1000  1261  8388 I am_kill : [0,7567,com.samsung.android.da.daagent,906,DHA:empty #21]
03-14 14:40:56.046  1000  1261  8382 I am_proc_bound: [0,10140,com.samsung.android.scloud]
03-14 14:40:56.125  1000  1261  8388 I am_proc_died: [0,7567,com.samsung.android.da.daagent,906,18,103,1365]
03-14 14:40:56.212  1000 10101 10101 I am_on_create_called: [0,com.samsung.advp.imssettings.MainActivity,performCreate]
03-14 14:40:56.285  1000  1261  1298 I am_pss  : [9715,10115,com.android.chrome:webview_service,5308416,0,67584,0,0,18,11]
03-14 14:40:56.407  1000  1261  2108 I am_kill : [0,7527,com.samsung.klmsagent,906,DHA:empty #21]
03-14 14:40:56.425  1000 10101 10101 I am_on_start_called: [0,com.samsung.advp.imssettings.MainActivity,handleStartActivity]
03-14 14:40:56.454  1000  1261  2108 I am_kill : [0,7143,com.facebook.appmanager,906,DHA:empty #21]
03-14 14:40:56.462  1000 10101 10101 I am_on_resume_called: [0,com.samsung.advp.imssettings.MainActivity,RESUME_ACTIVITY]
03-14 14:40:56.511  1000  1261  8382 I am_proc_died: [0,7527,com.samsung.klmsagent,906,18,99,1368]
03-14 14:40:56.512  1000  1261  8382 I am_uid_stopped: 10045
03-14 14:40:56.932  1000  1261  8072 I am_proc_died: [0,7143,com.facebook.appmanager,906,18,101,1371]
03-14 14:40:56.939  1000  1261  8072 I am_uid_stopped: 10124
03-14 14:40:57.450  1000  1261  1292 I power_partial_wake_state: [3685,*launch*:android]
03-14 14:40:57.623  1000  1261  1312 I am_activity_launch_time: [0,10490202,com.samsung.advp.imssettings/.MainActivity,3291,3291]
03-14 14:40:57.630  1000  1261  1298 I sysui_multi_action: [319,1313,321,593,322,3829,325,351,757,761,758,7,759,1,806,com.samsung.advp.imssettings,871,com.samsung.advp.imssettings.MainActivity,904,com.sec.android.app.launcher,905,0,945,1088,1320,3,1321,2]
03-14 14:40:57.658  1000  1261  1299 I am_stop_activity: [0,47645870,com.sec.android.app.launcher/.activities.LauncherActivity]
03-14 14:40:57.683 10087  3171  3171 I am_on_stop_called: [0,com.sec.android.app.launcher.activities.LauncherActivity,STOP_ACTIVITY_ITEM]
03-14 14:40:57.949 10035  3389  3908 I force_gc: Binder
03-14 14:40:58.188  1000  1261  1298 I am_pss  : [9799,5250,com.samsung.android.knox.containercore,5391360,0,69632,0,0,18,10]
03-14 14:40:58.231  1000  1261  8378 I power_partial_wake_state: [5060,*job*/com.google.android.apps.turbo/com.google.android.libraries.smartbattery.appusage.library.InferAppBucketsJob:android]
03-14 14:40:58.367  1000  1261  2108 I am_kill : [0,9744,com.samsung.android.knox.analytics.uploader,906,DHA:empty #21]
03-14 14:40:58.531  1000  1261  8382 I am_proc_died: [0,9744,com.samsung.android.knox.analytics.uploader,906,18,96,1377]
03-14 14:40:58.534  1000  1261  8382 I am_uid_stopped: 10092
03-14 14:40:58.625  1000  1261  8072 I power_partial_wake_state: [461,*job*/com.samsung.android.sdm.config/.broadcast.BootCompletedJobIntentService:android]
03-14 14:40:58.822  1000  1261  1301 I am_proc_start: [0,10266,1000,com.samsung.android.spdclient,broadcast,com.samsung.android.spdclient/.BootReceiver]
03-14 14:40:58.872  1000  1261  8072 I am_proc_bound: [0,10266,com.samsung.android.spdclient]
03-14 14:40:58.943  1000  1261  8072 I am_kill : [0,9629,com.samsung.android.ipsgeofence,906,DHA:empty #21]
03-14 14:40:59.261  1000  1261  8386 I am_create_activity: [0,167146776,46,com.samsung.advp.imssettings/.ImsProfileList,NULL,all,NULL,0,com.samsung.advp.imssettings]
03-14 14:40:59.290  1000  1261  8386 I am_pause_activity: [0,10490202,com.samsung.advp.imssettings/.MainActivity,userLeaving=true]
03-14 14:40:59.362  1000  1261  3795 I am_proc_died: [0,9629,com.samsung.android.ipsgeofence,906,18,92,1381]
03-14 14:40:59.378  1000 10101 10101 I am_on_paused_called: [0,com.samsung.advp.imssettings.MainActivity,performPause]
03-14 14:40:59.558  1000  1261  5967 I am_restart_activity: [0,167146776,46,com.samsung.advp.imssettings/.ImsProfileList]
03-14 14:40:59.579  1000  1261  5967 I am_set_resumed_activity: [0,com.samsung.advp.imssettings/.ImsProfileList,minimalResumeActivityLocked]
03-14 14:40:59.585  1000  1261  5967 I service_manager_stats: [100,267,10669]
03-14 14:40:59.791  1000  1261  1299 I sysui_count: [window_time_0,6]
03-14 14:40:59.792  1000  1261  1299 I sysui_multi_action: [757,803,799,window_time_0,802,6]
03-14 14:40:59.846  1000 10101 10101 I am_on_create_called: [0,com.samsung.advp.imssettings.ImsProfileList,performCreate]
03-14 14:40:59.884  1000 10101 10101 I am_on_start_called: [0,com.samsung.advp.imssettings.ImsProfileList,handleStartActivity]
03-14 14:40:59.948  1000  1261  1301 I am_proc_start: [0,10315,1000,com.samsung.android.themecenter,broadcast,com.samsung.android.themecenter/com.samsung.android.thememanager.ThemeManagerReceiver]
03-14 14:40:59.952  1000 10101 10101 I am_on_resume_called: [0,com.samsung.advp.imssettings.ImsProfileList,RESUME_ACTIVITY]
03-14 14:41:00.038  1000  1261  1636 I storage_state: [41217664-9172-527a-b3d5-edabb50a7d69,0,0,23673159680,25871425536]
03-14 14:41:00.113  1000  1261  2108 I am_proc_bound: [0,10315,com.samsung.android.themecenter]
03-14 14:41:00.271  1000  1261  8072 I power_partial_wake_state: [195,*job*/com.samsung.android.spdclient/.process.register.RegisterJobService:android]
03-14 14:41:00.696  1000  1261  1261 I notification_enqueue: [1000,10266,com.samsung.android.spdclient,10,NULL,0,Notification(channel=SPD_CHANNEL pri=0 contentView=null vibrate=null sound=null defaults=0x0 flags=0x42 color=0x00000000 category=sys vis=PUBLIC semFlags=0x0 semPriority=0 semMissedCount=0),0,NULL]
03-14 14:41:00.872  1000  1261  2203 I am_uid_running: 10085
03-14 14:41:00.980  1000  1261  1301 I am_proc_start: [0,10359,10085,com.samsung.android.themestore,broadcast,com.samsung.android.themestore/com.samsung.android.sdk.smp.SmpReceiver]
03-14 14:41:00.994  1000 10315 10315 I service_manager_slow: [10,sepunion]
03-14 14:41:01.081  1000  1261  8378 I am_proc_bound: [0,10359,com.samsung.android.themestore]
03-14 14:41:01.181  1000  1261  1261 I commit_sys_config_file: [notification-policy,27]
03-14 14:41:01.202  1000  1261  1261 I commit_sys_config_file: [notification-policy,20]
03-14 14:41:01.344  1000  1261  1585 I power_partial_wake_state: [8348,PKMService:android]
03-14 14:41:01.846  1000  1261  1312 I am_activity_launch_time: [0,167146776,com.samsung.advp.imssettings/.ImsProfileList,2201,2201]
03-14 14:41:01.864  1000  1261  8378 I power_partial_wake_state: [2567,*launch*:android]
03-14 14:41:01.870  1000 10266 10339 I service_manager_slow: [10,isub]
03-14 14:41:01.890  1000  1261  8386 I power_partial_wake_state: [3275,*job*/com.samsung.android.sdm.config/.restapi.RestApiJobService:android]
03-14 14:41:01.946  1000 10266 10339 I service_manager_slow: [11,isub]
03-14 14:41:02.318  1000  1261  1299 I am_stop_activity: [0,10490202,com.samsung.advp.imssettings/.MainActivity]
03-14 14:41:02.321  1000 10101 10101 I am_on_stop_called: [0,com.samsung.advp.imssettings.MainActivity,STOP_ACTIVITY_ITEM]
03-14 14:41:02.529  1000  1261  1261 I commit_sys_config_file: [notification-policy,103]
03-14 14:41:02.555  1000  1261  1261 I commit_sys_config_file: [notification-policy,24]
03-14 14:41:02.612  1000  1261  1261 I commit_sys_config_file: [notification-policy,44]
03-14 14:41:02.632  1000  1261  1261 I commit_sys_config_file: [notification-policy,20]
03-14 14:41:02.803  1000  1261  8386 I am_kill : [0,9715,com.android.chrome:webview_service,906,DHA:empty #21]
03-14 14:41:02.833  1000  1261  1261 I am_uid_running: 10054
03-14 14:41:02.854  1000  1261  1261 I notification_cancel: [1000,1261,com.samsung.android.spdclient,10,NULL,0,0,0,8,NULL]
03-14 14:41:02.856  1000  1261  5967 I am_proc_died: [0,10315,com.samsung.android.themecenter,0,9,111,1363]
03-14 14:41:02.857  1000  1261  1261 I sysui_multi_action: [757,128,758,5,759,8,793,2323,794,0,795,2323,796,10,806,com.samsung.android.spdclient,857,SPD_CHANNEL,858,2,947,0]
03-14 14:41:02.858  1000  1261  1261 I notification_canceled: [0|com.samsung.android.spdclient|10|null|1000,8,2323,2323,0,-1,-1,NULL]
03-14 14:41:02.950  1000  1261  3044 I am_proc_died: [0,9715,com.android.chrome:webview_service,906,18,113,1364]
03-14 14:41:03.086  1000  1261  3050 I am_uid_running: 10068
03-14 14:41:03.148  1000  1261  3050 I am_kill : [0,9765,com.samsung.android.knox.containeragent,906,DHA:empty #21]
03-14 14:41:03.156  1000  1261  3050 I power_partial_wake_state: [1526,fiid-sync:com.samsung.android.themestore(disabled)]
03-14 14:41:03.275  1000  1261  1301 I am_proc_start: [0,10414,10054,com.android.vending,service,com.android.vending/com.google.android.finsky.scheduler.JobSchedulerEngine$PhoneskyJobSchedulerJobService]
03-14 14:41:03.281  1000  1261  3044 I am_proc_bound: [0,10414,com.android.vending]
03-14 14:41:03.360  1000  1261  1800 I am_proc_died: [0,9765,com.samsung.android.knox.containeragent,906,18,113,1364]
03-14 14:41:03.497  1000  1261  1301 I am_proc_start: [0,10429,10068,com.samsung.android.timezone.updater,broadcast,com.samsung.android.timezone.updater/.TimeZoneUpdaterCheckInitReceiver]
03-14 14:41:03.550  1000  1261  3044 I am_proc_bound: [0,10429,com.samsung.android.timezone.updater]
03-14 14:41:03.609  1000  1261  3044 I am_kill : [0,9799,com.samsung.android.knox.containercore,906,DHA:empty #21]
03-14 14:41:03.834  1000  1261  1292 I am_proc_died: [0,9799,com.samsung.android.knox.containercore,906,18,111,1365]
03-14 14:41:03.837  1000  1261  1292 I am_uid_stopped: 5250
03-14 14:41:04.124  1000  1261  8382 I am_kill : [0,7234,com.google.process.gapps,906,DHA:empty #21]
03-14 14:41:04.223 10010  2606  5012 I content_query_sample: contents_sample_query: [ uri = content://com.android.contacts/accounts(usr:0), pkg = com.samsung.android.dialer(4649), prj = [_id, account_type, data_set], sel = null, selArg = null, so = null, cv = null, dur = 64, ret = 1, trw = false ]
03-14 14:41:04.223  1000  1261  8072 I am_proc_died: [0,7234,com.google.process.gapps,906,18,112,1366]
03-14 14:41:04.227 10010  2606  8507 I content_query_sample: contents_sample_query: [ uri = content://com.android.contacts/accounts(usr:0), pkg = com.samsung.android.contacts(4827), prj = [_id, account_type, data_set], sel = null, selArg = null, so = null, cv = null, dur = 72, ret = 1, trw = false ]
03-14 14:41:04.578  1000  1261  1261 I commit_sys_config_file: [notification-policy,28]
03-14 14:41:04.611  1000  1261  1301 I am_proc_start: [0,10456,1000,com.sec.android.app.bluetoothtest,broadcast,com.sec.android.app.bluetoothtest/.BluetoothBDAdrressReceiver]
03-14 14:41:04.666 10010  2606  8507 I content_query_sample: contents_sample_query: [ uri = content://com.android.contacts/raw_contacts(usr:0), pkg = com.samsung.android.dialer(4649), prj = [_id], sel = account_type = 'vnd.sec.contact.sim', selArg = null, so = null, cv = null, dur = 37, ret = 0, trw = false ]
03-14 14:41:04.667 10010  2606  5012 I content_query_sample: contents_sample_query: [ uri = content://com.android.contacts/raw_contacts(usr:0), pkg = com.samsung.android.contacts(4827), prj = [_id], sel = account_type = 'vnd.sec.contact.sim', selArg = null, so = null, cv = null, dur = 40, ret = 0, trw = false ]
03-14 14:41:04.678  1000  1261  8072 I am_proc_bound: [0,10456,com.sec.android.app.bluetoothtest]
03-14 14:41:04.827 10010  2606  5304 I content_query_sample: contents_sample_query: [ uri = content://com.android.contacts/raw_contacts(usr:0), pkg = com.samsung.android.dialer(4649), prj = [_id], sel = account_type = 'vnd.sec.contact.sim', selArg = null, so = null, cv = null, dur = 41, ret = 0, trw = false ]
03-14 14:41:04.947 10010  2606  5010 I content_query_sample: contents_sample_query: [ uri = content://com.android.contacts/raw_contacts(usr:0), pkg = com.samsung.android.contacts(4827), prj = [_id], sel = account_type = 'vnd.sec.contact.sim', selArg = null, so = null, cv = null, dur = 56, ret = 0, trw = false ]
03-14 14:41:04.950  1000  1261  8072 I am_uid_running: 10060
03-14 14:41:05.036 10015  1744  1744 I sysui_multi_action: [757,931,758,4,759,4,932,0,933,0]
03-14 14:41:05.068  1000  1261  5374 I sysui_count: [key_back_down,1]
03-14 14:41:05.069  1000  1261  5374 I sysui_multi_action: [757,803,799,key_back_down,802,1]
03-14 14:41:05.125 10015  1744  1744 I sysui_multi_action: [757,931,758,4,759,4,932,0,933,1]
03-14 14:41:05.212  1000  1261  8382 I am_finish_activity: [0,167146776,46,com.samsung.advp.imssettings/.ImsProfileList,app-request]
03-14 14:41:05.232  1000  1261  8382 I am_pause_activity: [0,167146776,com.samsung.advp.imssettings/.ImsProfileList,userLeaving=false]
03-14 14:41:05.291  1000  1261  1301 I am_proc_start: [0,10473,10060,com.sec.android.app.camera,broadcast,com.sec.android.app.camera/.receiver.BootCompleteReceiver]
03-14 14:41:05.294  1000  1261  1299 I sysui_count: [window_time_0,5]
03-14 14:41:05.294  1000  1261  1299 I sysui_multi_action: [757,803,799,window_time_0,802,5]
03-14 14:41:05.336  1000  1261  8386 I am_kill : [0,9840,com.samsung.android.sm.provider,906,DHA:empty #21]
03-14 14:41:05.340  1000  1261  8386 I am_kill : [0,9865,com.samsung.android.messaging,906,DHA:empty #21]
03-14 14:41:05.386  1000  1261  8072 I am_kill : [0,9929,com.sec.android.provider.badge,906,DHA:empty #21]
03-14 14:41:05.438  1000  1261  5374 I am_proc_bound: [0,10473,com.sec.android.app.camera]
03-14 14:41:05.453  1000 10101 10101 I am_on_paused_called: [0,com.samsung.advp.imssettings.ImsProfileList,performPause]
03-14 14:41:05.532  1000  1261  8386 I am_proc_died: [0,9929,com.sec.android.provider.badge,906,18,106,1369]
03-14 14:41:05.534  1000  1261  8386 I am_uid_stopped: 10009
03-14 14:41:05.675  1000  1261  1292 I am_set_resumed_activity: [0,com.samsung.advp.imssettings/.MainActivity,resumeTopActivityInnerLocked]
03-14 14:41:05.724  1000  1261  1292 I am_resume_activity: [0,10490202,46,com.samsung.advp.imssettings/.MainActivity]
03-14 14:41:05.783  1000 10101 10101 I am_on_restart_called: [0,com.samsung.advp.imssettings.MainActivity,handleWindowVisibility]
03-14 14:41:05.784  1000  1261  3795 I am_proc_died: [0,9840,com.samsung.android.sm.provider,906,18,103,1373]
03-14 14:41:05.854  1000  1261  2203 I am_proc_died: [0,9865,com.samsung.android.messaging,906,18,103,1373]
03-14 14:41:05.860  1000  1261  2203 I am_uid_stopped: 10065
03-14 14:41:05.932  1000  1261  1298 I am_pss  : [10101,1000,com.samsung.advp.imssettings,33639424,16068608,58368,0,0,2,15]
03-14 14:41:05.938  1000 10101 10101 I am_on_start_called: [0,com.samsung.advp.imssettings.MainActivity,handleWindowVisibility]
03-14 14:41:05.984  1000  1261  1299 I sysui_count: [window_time_0,1]
03-14 14:41:05.991  1000  1261  1299 I sysui_multi_action: [757,803,799,window_time_0,802,1]
03-14 14:41:05.992  1000 10101 10101 I am_on_resume_called: [0,com.samsung.advp.imssettings.MainActivity,LIFECYCLER_RESUME_ACTIVITY]
03-14 14:41:06.043  1000 10101 10101 I am_on_paused_called: [0,com.samsung.advp.imssettings.MainActivity,performPause]
03-14 14:41:06.044  1000  1261  1800 I am_failed_to_pause: [0,10490202,com.samsung.advp.imssettings/.MainActivity,(none)]
03-14 14:41:06.049  1000 10101 10101 I am_on_resume_called: [0,com.samsung.advp.imssettings.MainActivity,RESUME_ACTIVITY]
03-14 14:41:06.505  1000  1261  3050 I am_uid_running: 10101
03-14 14:41:06.573  1000  1261  5374 I power_partial_wake_state: [1334,*launch*:android]
03-14 14:41:06.622  1000  1261  1301 I am_proc_start: [0,10499,10101,com.sec.android.app.clockpackage,broadcast,com.sec.android.app.clockpackage/.stopwatch.receiver.StopwatchReceiver]
03-14 14:41:06.893  1000  1261  1299 I am_destroy_activity: [0,167146776,46,com.samsung.advp.imssettings/.ImsProfileList,finish-imm:activityIdleInternalLocked]
03-14 14:41:06.897  1000 10101 10101 I am_on_stop_called: [0,com.samsung.advp.imssettings.ImsProfileList,LIFECYCLER_STOP_ACTIVITY]
03-14 14:41:06.898  1000 10101 10101 I am_on_destroy_called: [0,com.samsung.advp.imssettings.ImsProfileList,performDestroy]
03-14 14:41:06.934  1000  1261  5374 I am_proc_bound: [0,10499,com.sec.android.app.clockpackage]
03-14 14:41:07.662  1000  1261  8072 I power_partial_wake_state: [120,NlpWakeLock:com.google.android.gms]
03-14 14:41:07.716  1000  1261  3050 I power_partial_wake_state: [18,NlpWakeLock:com.google.android.gms]
03-14 14:41:07.773  1000  1261  5374 I power_partial_wake_state: [36,NlpWakeLock:com.google.android.gms]
03-14 14:41:07.858  1000  1261  3050 I power_partial_wake_state: [21488,fiid-sync:com.samsung.android.sdm.config]
03-14 14:41:07.866  1000  1261  1800 I power_partial_wake_state: [85,NlpWakeLock:com.google.android.gms]
03-14 14:41:07.915  1000  1261  3795 I power_partial_wake_state: [33,NlpWakeLock:com.google.android.gms]
03-14 14:41:08.060  1000  1261  3795 I power_partial_wake_state: [12266,fiid-sync:com.samsung.android.fmm]
03-14 14:41:08.114  1000  1261  1800 I power_partial_wake_state: [8689,fiid-sync:com.samsung.android.spdclient]
03-14 14:41:08.231  1000  1261  1800 I am_kill : [0,9985,com.samsung.android.net.wifi.wifiguider,906,DHA:empty #21]
03-14 14:41:08.287  1000  1261  1301 I am_proc_start: [0,10535,1000,com.sec.android.app.factorykeystring,broadcast,com.sec.android.app.factorykeystring/com.sec.android.app.entry.FactoryKeyStringBroadcastReceiver]
03-14 14:41:08.296  1000  1261  5374 I power_partial_wake_state: [5,GCoreFlp:com.google.android.gms]
03-14 14:41:08.318  1000  1261  1299 I am_uid_idle: 10061
03-14 14:41:08.322  1000  1261  1299 I am_uid_idle: 10010
03-14 14:41:08.352  1000  1261  5374 I power_partial_wake_state: [57,GCoreFlp:com.google.android.gms]
03-14 14:41:08.382  1000  1261  5374 I power_partial_wake_state: [76,GCoreFlp:com.google.android.gms]
03-14 14:41:08.385  1000  1261  3795 I power_partial_wake_state: [73,GCoreFlp:com.google.android.gms]
03-14 14:41:08.389  1000  1261  3795 I power_partial_wake_state: [10,GCoreFlp:com.google.android.gms]
03-14 14:41:08.395  1000  1261  5374 I am_proc_bound: [0,10535,com.sec.android.app.factorykeystring]
03-14 14:41:08.417  1000  1261  2203 I power_partial_wake_state: [28,GCoreFlp:com.google.android.gms]
03-14 14:41:08.421  1000  1261  2203 I power_partial_wake_state: [24,GCoreFlp:com.google.android.gms]
03-14 14:41:08.426  1000  1261  2203 I power_partial_wake_state: [6,GCoreFlp:com.google.android.gms]
03-14 14:41:08.501  1000  1261  1292 I am_proc_died: [0,9985,com.samsung.android.net.wifi.wifiguider,906,18,88,1379]
03-14 14:41:08.503  1000  1261  1292 I am_uid_stopped: 10111
03-14 14:41:08.701  1000  1261  8386 I am_create_activity: [0,23680894,46,com.samsung.advp.imssettings/.ImsLogger,NULL,NULL,NULL,0,com.samsung.advp.imssettings]
03-14 14:41:08.724  1000  1261  8386 I am_pause_activity: [0,10490202,com.samsung.advp.imssettings/.MainActivity,userLeaving=true]
03-14 14:41:08.780  1000 10101 10101 I am_on_paused_called: [0,com.samsung.advp.imssettings.MainActivity,performPause]
03-14 14:41:08.868  1000  1261  1800 I am_restart_activity: [0,23680894,46,com.samsung.advp.imssettings/.ImsLogger]
03-14 14:41:08.888  1000  1261  1800 I am_set_resumed_activity: [0,com.samsung.advp.imssettings/.ImsLogger,minimalResumeActivityLocked]
03-14 14:41:09.017  1000  1261  1299 I sysui_count: [window_time_0,3]
03-14 14:41:09.017  1000  1261  1299 I sysui_multi_action: [757,803,799,window_time_0,802,3]
03-14 14:41:09.081  1000 10101 10101 I am_on_create_called: [0,com.samsung.advp.imssettings.ImsLogger,performCreate]
03-14 14:41:09.117  1000  1261  1298 I am_pss  : [9944,10062,com.samsung.android.mobileservice,24563712,0,63488,0,0,18,15]
03-14 14:41:09.175  1000 10101 10101 I am_on_start_called: [0,com.samsung.advp.imssettings.ImsLogger,handleStartActivity]
03-14 14:41:09.224  1000  1261  3795 I am_wtf  : [0,1261,system_server,-1,ActivityManager,Sending non-protected broadcast com.samsung.android.action.ACTION_TOAST_DUMP_LOG from system 1261:system/1000 pkg android]
03-14 14:41:09.242  1000  1261  3795 I am_wtf  : [0,1261,system_server,-1,ActivityManager,Sending non-protected broadcast com.samsung.android.action.ACTION_TOAST_DUMP_LOG from system 1261:system/1000 pkg android]
03-14 14:41:09.437  1000  1261  5374 I am_finish_activity: [0,23680894,46,com.samsung.advp.imssettings/.ImsLogger,app-request]
03-14 14:41:09.448  1000  1261  5374 I am_pause_activity: [0,23680894,com.samsung.advp.imssettings/.ImsLogger,userLeaving=false]
03-14 14:41:09.491  1000 10101 10101 I am_on_resume_called: [0,com.samsung.advp.imssettings.ImsLogger,RESUME_ACTIVITY]
03-14 14:41:09.534  1000  1261  1299 I sysui_count: [window_time_0,1]
03-14 14:41:09.534  1000  1261  1299 I sysui_multi_action: [757,803,799,window_time_0,802,1]
03-14 14:41:09.587  1000  1261  2203 I am_kill : [0,9944,com.samsung.android.mobileservice,906,DHA:empty #21]
03-14 14:41:09.605  1000 10101 10101 I am_on_paused_called: [0,com.samsung.advp.imssettings.ImsLogger,performPause]
03-14 14:41:09.701  1000  1261  8072 I power_partial_wake_state: [151,IntentOp:.common.broadcast.BackgroundBroadcastReceiverSupport$GmsReceiverIntentOperation:com.google.android.gms]
03-14 14:41:09.724  1000  1261  3140 I am_proc_died: [0,9944,com.samsung.android.mobileservice,906,18,79,1381]
03-14 14:41:09.729  1000  1261  3140 I am_uid_stopped: 10062
03-14 14:41:09.840  1000  1261  8382 I am_set_resumed_activity: [0,com.samsung.advp.imssettings/.MainActivity,resumeTopActivityInnerLocked]
03-14 14:41:09.885  1000  1261  8382 I am_resume_activity: [0,10490202,46,com.samsung.advp.imssettings/.MainActivity]
03-14 14:41:10.001  1000  1261  1800 I am_uid_running: 10071
03-14 14:41:10.062  1000  1261  1299 I sysui_count: [window_time_0,0]
03-14 14:41:10.062  1000  1261  1299 I sysui_multi_action: [757,803,799,window_time_0,802,0]
03-14 14:41:10.083  1000  1261  8382 I power_partial_wake_state: [371,IntentOp:.common.broadcast.BackgroundBroadcastReceiverSupport$GmsReceiverIntentOperation:com.google.android.gms]
03-14 14:41:10.113  1000 10101 10101 I am_on_resume_called: [0,com.samsung.advp.imssettings.MainActivity,RESUME_ACTIVITY]
03-14 14:41:10.187  1000  1261  1298 I am_pss  : [9312,1000,com.samsung.android.lool,11224064,0,65536,0,0,18,14]
03-14 14:41:10.193  1000  1261  1301 I am_proc_start: [0,10580,10071,com.sec.android.app.myfiles,broadcast,com.sec.android.app.myfiles/.external.receiver.StorageMonitorReceiver]
03-14 14:41:10.294  1000  1261  8386 I am_proc_bound: [0,10580,com.sec.android.app.myfiles]
03-14 14:41:11.242  1000  1261  1298 I am_pss  : [9510,1000,com.android.settings,32847872,2371584,58368,0,0,14,17]
03-14 14:41:11.250  1000  1261  1919 I power_partial_wake_state: [2520,*launch*:android]
03-14 14:41:11.307  1000  1261  1919 I am_destroy_activity: [0,23680894,46,com.samsung.advp.imssettings/.ImsLogger,finish-idle]
03-14 14:41:11.309  1000 10101 10101 I am_on_stop_called: [0,com.samsung.advp.imssettings.ImsLogger,LIFECYCLER_STOP_ACTIVITY]
03-14 14:41:11.309  1000 10101 10101 I am_on_destroy_called: [0,com.samsung.advp.imssettings.ImsLogger,performDestroy]
03-14 14:41:11.371  1000  1261  1298 I am_pss  : [9606,10072,com.android.settings.intelligence,5861376,0,69632,0,0,18,12]
03-14 14:41:11.564  1000  1261  1261 I notification_cancel_all: [1000,1261,com.android.vending,0,0,0,17,NULL]
03-14 14:41:11.567  1000  1261  1261 I notification_cancel_all: [1000,1261,com.android.vending,0,0,0,17,NULL]
03-14 14:41:11.568  1000  1261  1298 I am_pss  : [9452,10079,com.sec.android.app.soundalive,5552128,0,71680,0,0,18,12]
03-14 14:41:11.571  1000  1261  1261 I notification_cancel_all: [1000,1261,com.android.vending,0,0,0,17,NULL]
03-14 14:41:11.572  1000  1261  1261 I chatty  : uid=1000 system_server identical 1 line
03-14 14:41:11.573  1000  1261  1261 I notification_cancel_all: [1000,1261,com.android.vending,0,0,0,17,NULL]
03-14 14:41:11.590  1000  1261  1298 I am_pss  : [9422,1000,com.samsung.android.uds,6238208,0,67584,0,0,18,13]
03-14 14:41:11.607  1000  1261  1261 I commit_sys_config_file: [notification-policy,28]
03-14 14:41:11.633  1000  1261  1919 I am_uid_running: 10032
03-14 14:41:11.691  1000  1261  1919 I am_kill : [0,9312,com.samsung.android.lool,906,DHA:empty #21]
03-14 14:41:11.832  1000  1261  1301 I am_proc_start: [0,10611,10032,com.sec.android.app.samsungapps,broadcast,com.sec.android.app.samsungapps/.jobscheduling.JobSchedulerReceiver]
03-14 14:41:11.982  1000  1261  1800 I am_proc_bound: [0,10611,com.sec.android.app.samsungapps]
03-14 14:41:11.995  1000  1261  1310 I service_manager_slow: [20,phone]
03-14 14:41:12.146  1000  1261  1298 I commit_sys_config_file: [batterystats,36]
03-14 14:41:12.243  1000  1261  1261 I notification_cancel: [1000,8979,com.samsung.android.app.omcagent,1290,NULL,0,0,0,8,NULL]
03-14 14:41:12.245  1000  1261  1261 I notification_cancel: [1000,8979,com.samsung.android.app.omcagent,1292,NULL,0,0,0,8,NULL]
03-14 14:41:12.262  1000  1261  5374 I power_partial_wake_state: [68302,*job*/com.samsung.android.app.omcagent/.rna.ListChange:android]
03-14 14:41:12.286  1000  1261  8386 I am_proc_died: [0,9312,com.samsung.android.lool,906,18,82,1391]
03-14 14:41:12.508  1000  1261  1303 I service_manager_stats: [100,127,12923]
03-14 14:41:12.523  1000  1261  8386 I am_kill : [0,9422,com.samsung.android.uds,906,DHA:empty #21]
03-14 14:41:12.531  1000  1261  8382 I power_partial_wake_state: [13,*telephony-radio*:com.android.phone]
03-14 14:41:12.546  1000  1261  1298 I am_pss  : [9389,1000,com.android.settings:QuickSettingsTile,11481088,0,68608,0,0,18,14]
03-14 14:41:12.624  1000  1261  1298 I am_pss  : [9467,10164,com.samsung.android.kidsinstaller,4184064,0,71680,0,0,18,12]
03-14 14:41:12.698  1000  1261  1800 I am_proc_died: [0,9422,com.samsung.android.uds,906,18,80,1395]
03-14 14:41:12.774 radio  1706  2583 I service_manager_slow: [11,isub]
03-14 14:41:13.354  1000  1261  8407 I power_partial_wake_state: [12,Wakeful StateMachine: GeofencerStateMachine:com.google.android.gms]
03-14 14:41:13.379  1000  1261  5374 I power_partial_wake_state: [13,Wakeful StateMachine: GeofencerStateMachine:com.google.android.gms]
03-14 14:41:13.414  1000  1261  8386 I power_partial_wake_state: [279,IntentOp:.common.broadcast.BackgroundBroadcastReceiverSupport$PersistentReceiverIntentOperation:com.google.android.gms]
03-14 14:41:13.497  1000  1261  8382 I power_partial_wake_state: [289,IntentOp:.common.broadcast.BackgroundBroadcastReceiverSupport$PersistentReceiverIntentOperation:com.google.android.gms]
03-14 14:41:13.848  1000  1261  1298 I am_pss  : [10003,5017,com.samsung.android.networkdiagnostic,16481280,0,65536,0,0,18,14]
03-14 14:41:14.082  1000  1261  3050 I power_partial_wake_state: [5,NlpWakeLock:com.google.android.gms]
03-14 14:41:14.137  1000  1261  8072 I power_partial_wake_state: [2,*telephony-radio*:com.android.phone]
03-14 14:41:14.154  1000  1261  8072 I power_partial_wake_state: [16,*telephony-radio*:com.android.phone]
03-14 14:41:14.166  1000  1261  8072 I power_partial_wake_state: [13,*telephony-radio*:com.android.phone]
03-14 14:41:14.170  1000  1261  3050 I power_partial_wake_state: [18,*telephony-radio*:com.android.phone]
03-14 14:41:14.218  1000  1261  1800 I power_partial_wake_state: [502,GCoreFlp:com.google.android.gms]
03-14 14:41:14.248  1000  1261  1919 I power_partial_wake_state: [19,NlpWakeLock:com.google.android.gms]
03-14 14:41:14.270  1000  1261  1919 I power_partial_wake_state: [10,NlpWakeLock:com.google.android.gms]
03-14 14:41:14.289  1000  1261  1919 I power_partial_wake_state: [10,NlpWakeLock:com.google.android.gms]
03-14 14:41:14.306  1000  1261  3140 I power_partial_wake_state: [4,GCoreFlp:com.google.android.gms]
03-14 14:41:14.337  1000  1261  3140 I power_partial_wake_state: [32,GCoreFlp:com.google.android.gms]
03-14 14:41:14.341  1000  1261  1919 I power_partial_wake_state: [29,GCoreFlp:com.google.android.gms]
03-14 14:41:14.344  1000  1261  1919 I power_partial_wake_state: [26,GCoreFlp:com.google.android.gms]
03-14 14:41:14.375  1000  1261  1800 I power_partial_wake_state: [53,GCoreFlp:com.google.android.gms]
03-14 14:41:14.378  1000  1261  1800 I power_partial_wake_state: [50,GCoreFlp:com.google.android.gms]
03-14 14:41:14.392  1000  1261  3140 I power_partial_wake_state: [36,GCoreFlp:com.google.android.gms]
03-14 14:41:14.396  1000  1261  8072 I power_partial_wake_state: [11,GCoreFlp:com.google.android.gms]
03-14 14:41:14.407  1000  1261  1919 I power_partial_wake_state: [17,GCoreFlp:com.google.android.gms]
03-14 14:41:14.410  1000  1261  1919 I power_partial_wake_state: [11,GCoreFlp:com.google.android.gms]
03-14 14:41:14.424  1000  1261  1261 I notification_cancel: [10054,10414,com.android.vending,-1050172287,NULL,0,0,1088,8,NULL]
03-14 14:41:14.645  1000  1261  1301 I am_proc_start: [0,10688,1000,com.samsung.android.stickercenter,content provider,com.samsung.android.stickercenter/.StickerProvider]
03-14 14:41:14.655  1000  1261  1298 I am_pss  : [10085,5010,com.samsung.android.rubin.app,12890112,0,65536,0,0,18,13]
03-14 14:41:14.720  1000  1261  1261 I commit_sys_config_file: [notification-policy,46]
03-14 14:41:14.768  1000  1261  1261 I commit_sys_config_file: [notification-policy,48]
03-14 14:41:14.768  1000 10688 10688 I service_manager_slow: [10,activity]
03-14 14:41:14.831  1000  1261  1261 I commit_sys_config_file: [notification-policy,47]
03-14 14:41:14.856  1000  1261  3140 I am_proc_bound: [0,10688,com.samsung.android.stickercenter]
03-14 14:41:14.892  1000  1261  5374 I power_partial_wake_state: [14,NlpWakeLock:com.google.android.gms]
03-14 14:41:14.934  1000  1261  1298 I am_pss  : [10054,10076,com.samsung.android.provider.shootingmodeprovider,5466112,0,66560,0,0,18,13]
03-14 14:41:15.131  1000  1261  1298 I am_pss  : [10101,1000,com.samsung.advp.imssettings,38039552,15622144,57344,0,0,2,16]
03-14 14:41:15.204  1000  1261  5374 I power_partial_wake_state: [9,NlpWakeLock:com.google.android.gms]
03-14 14:41:15.260  1000  1261  8382 I am_kill : [0,9606,com.android.settings.intelligence,906,DHA:empty #21]
03-14 14:41:15.262  1000  1261  8382 I am_kill : [0,9452,com.sec.android.app.soundalive,906,DHA:empty #21]
03-14 14:41:15.389  1000  1261  3050 I am_proc_died: [0,9606,com.android.settings.intelligence,906,18,72,1394]
03-14 14:41:15.390  1000  1261  3050 I am_uid_stopped: 10072
03-14 14:41:15.522  1000  1261  5967 I am_proc_died: [0,9452,com.sec.android.app.soundalive,906,18,69,1394]
03-14 14:41:15.523  1000  1261  5967 I am_uid_stopped: 10079
03-14 14:41:15.602  1000  1261  1301 I am_proc_start: [0,10714,1000,com.sec.android.app.servicemodeapp,broadcast,com.sec.android.app.servicemodeapp/.ServiceModeAppBroadcastReceiver]
03-14 14:41:15.626  1000  1261  3140 I am_proc_bound: [0,10714,com.sec.android.app.servicemodeapp]
03-14 14:41:16.002  1000  1261  1292 I power_partial_wake_state: [50,NlpWakeLock:com.google.android.gms]
03-14 14:41:16.025  1000  1261  5374 I power_partial_wake_state: [19,NlpWakeLock:com.google.android.gms]
03-14 14:41:16.074 radio  1706  1706 I service_manager_stats: [100,188,72399]
03-14 14:41:16.100  1000  1261  1261 I commit_sys_config_file: [notification-policy,74]
03-14 14:41:16.102  1000  1261  1261 I notification_enqueue: [1000,10714,com.sec.android.app.servicemodeapp,2,NULL,0,Notification(channel=servicemodeapp pri=2 contentView=null vibrate=null sound=null tick defaults=0x0 flags=0x20 color=0x00000000 actions=1 vis=PRIVATE semFlags=0x0 semPriority=0 semMissedCount=0),0,NULL]
03-14 14:41:16.120  1000  1261  3795 I am_kill : [0,9467,com.samsung.android.kidsinstaller,906,DHA:empty #21]
03-14 14:41:16.136  1000  1261  3795 I power_partial_wake_state: [76,NlpWakeLock:com.google.android.gms]
03-14 14:41:16.196  1000  1261  5967 I power_partial_wake_state: [55,NlpWakeLock:com.google.android.gms]
03-14 14:41:16.225  1000  1261  8072 I power_partial_wake_state: [7,NlpWakeLock:com.google.android.gms]
03-14 14:41:16.275  1000  1261  8407 I am_proc_died: [0,9467,com.samsung.android.kidsinstaller,906,18,71,1391]
03-14 14:41:16.278  1000  1261  8407 I am_uid_stopped: 10164
03-14 14:41:16.284  1000  1261  6655 I power_partial_wake_state: [4,NlpWakeLock:com.google.android.gms]
03-14 14:41:16.295  1000  1261  1586 I power_partial_wake_state: [70,motion_service:android]
03-14 14:41:16.303  1000  1261  1575 I commit_sys_config_file: [settings-2-0,69]
03-14 14:41:16.304  1000  1261  1261 I sysui_multi_action: [757,199,758,1,759,2,793,280,794,0,795,280,796,2,806,com.sec.android.app.servicemodeapp,857,servicemodeapp,858,4,947,0]
03-14 14:41:16.305  1000  1261  1261 I notification_alert: [0|com.sec.android.app.servicemodeapp|2|null|1000,0,1,0]
03-14 14:41:16.378  1000  1261  1298 I am_pss  : [10140,5009,com.samsung.android.scloud,18935808,0,66560,0,0,18,14]
03-14 14:41:16.539 radio  1706  1706 I service_manager_slow: [12,isub]
03-14 14:41:16.653  1000  1261  1301 I am_proc_start: [0,10742,1000,com.sec.android.app.wlandebugtool,broadcast,com.sec.android.app.wlandebugtool/.PowerOnOff.OnOffReciever]
03-14 14:41:16.655  1000  1261  5374 I power_partial_wake_state: [24,NlpWakeLock:com.google.android.gms]
03-14 14:41:16.684  1000  1261  1298 I am_pss  : [9335,1002,com.android.bluetooth,15428608,0,64512,0,0,0,15]
03-14 14:41:16.697  1000  1261  8072 I power_partial_wake_state: [26,NlpWakeLock:com.google.android.gms]
03-14 14:41:16.722  1000  1261  8382 I power_partial_wake_state: [14,NlpWakeLock:com.google.android.gms]
03-14 14:41:16.748  1000  1261  1292 I power_partial_wake_state: [18,NlpWakeLock:com.google.android.gms]
03-14 14:41:16.793  1000  1261  3795 I power_partial_wake_state: [5,Wakeful StateMachine: GeofencerStateMachine:com.google.android.gms]
03-14 14:41:16.806  1000  1261  3795 I power_partial_wake_state: [263,GCoreFlp:com.google.android.gms]
03-14 14:41:16.843  1000  1261  3795 I power_partial_wake_state: [11,NlpWakeLock:com.google.android.gms]
03-14 14:41:16.866  1000  1261  1292 I power_partial_wake_state: [12,NlpWakeLock:com.google.android.gms]
03-14 14:41:16.920  1000  1261  3140 I am_proc_bound: [0,10742,com.sec.android.app.wlandebugtool]
03-14 14:41:16.960  1000  1261  1292 I power_partial_wake_state: [730,RingtonePlayer:com.android.systemui]
03-14 14:41:17.070 10015  1744  1744 I sysui_count: [note_peek,1]
03-14 14:41:17.070 10015  1744  1744 I sysui_multi_action: [757,803,799,note_peek,802,1]
03-14 14:41:17.074 radio  1706  1706 I service_manager_slow: [13,carrier_config]
03-14 14:41:17.142  1000  1261  3050 I power_partial_wake_state: [175,AudioMix:audioserver]
03-14 14:41:17.233  1000  1261  8407 I sysui_view_visibility: [127,100]
03-14 14:41:17.233  1000  1261  8407 I sysui_multi_action: [757,127,758,1]
03-14 14:41:17.233  1000  1261  8407 I sysui_histogram: [note_load,1]
03-14 14:41:17.233  1000  1261  8407 I sysui_multi_action: [757,804,799,note_load,801,1,802,1]
03-14 14:41:17.234  1000  1261  8407 I notification_panel_revealed: 1
03-14 14:41:17.241  1000  1261  3050 I power_partial_wake_state: [121,NlpWakeLock:com.google.android.gms]
03-14 14:41:17.279  1000  1261  3140 I power_partial_wake_state: [386,NlpWakeLock:com.google.android.gms]
03-14 14:41:17.335  1000  1261  8072 I power_partial_wake_state: [88,NlpWakeLock:com.google.android.gms]
03-14 14:41:17.386  1000  1261  3140 I power_partial_wake_state: [2,*telephony-radio*:com.android.phone]
03-14 14:41:17.435  1000  1261  1292 I power_partial_wake_state: [48,*telephony-radio*:com.android.phone]
03-14 14:41:17.451  1000  1261  3140 I power_partial_wake_state: [14,*telephony-radio*:com.android.phone]
03-14 14:41:17.459  1000  1261  3140 I power_partial_wake_state: [8,*telephony-radio*:com.android.phone]
03-14 14:41:17.498  1000  1261  1800 I power_partial_wake_state: [130,NlpWakeLock:com.google.android.gms]
03-14 14:41:17.499  1000  1261  1298 I am_pss  : [3867,10090,com.google.android.googlequicksearchbox:search,84769792,5087232,58368,0,0,17,21]
03-14 14:41:17.543  1000  1261  8407 I power_partial_wake_state: [23,NlpWakeLock:com.google.android.gms]
03-14 14:41:17.548  1000  1261  6655 I power_partial_wake_state: [738,GCoreFlp:com.google.android.gms]
03-14 14:41:17.613  1000  1261  5967 I power_partial_wake_state: [3,NlpWakeLock:com.google.android.gms]
03-14 14:41:17.726  1000  1261  1800 I am_uid_running: 10163
03-14 14:41:17.756  1000  1261  3140 I power_partial_wake_state: [56,NlpWakeLock:com.google.android.gms]
03-14 14:41:17.780  1000  1261  1800 I am_kill : [0,9389,com.android.settings:QuickSettingsTile,906,DHA:empty #21]
03-14 14:41:17.838  1000  1261  3050 I power_partial_wake_state: [23,NlpWakeLock:com.google.android.gms]
03-14 14:41:17.884  1000  1261  3140 I power_partial_wake_state: [26,NlpWakeLock:com.google.android.gms]
03-14 14:41:17.902  1000  1261  1301 I am_proc_start: [0,10803,10163,com.sec.android.daemonapp,broadcast,com.sec.android.daemonapp/.receiver.SystemEventReceiver]
03-14 14:41:17.907  1000  1261  3140 I power_partial_wake_state: [3246,GCoreFlp:com.google.android.gms]
03-14 14:41:17.925  1000  1261  5967 I power_partial_wake_state: [20,NlpWakeLock:com.google.android.gms]
03-14 14:41:17.968  1000  1261  8382 I power_partial_wake_state: [17,NlpWakeLock:com.google.android.gms]
03-14 14:41:17.991  1000  1261  3050 I am_proc_died: [0,9389,com.android.settings:QuickSettingsTile,906,18,80,1384]
03-14 14:41:18.008  1000  1261  5967 I power_partial_wake_state: [1455,GCoreFlp:com.google.android.gms]
03-14 14:41:18.018  1000  1261  1292 I power_partial_wake_state: [1504,GCoreFlp:com.google.android.gms]
03-14 14:41:18.035  1000  1261  5967 I power_partial_wake_state: [1504,GCoreFlp:com.google.android.gms]
03-14 14:41:18.046  1000  1261  5967 I power_partial_wake_state: [496,GCoreFlp:com.google.android.gms]
03-14 14:41:18.065  1000  1261  8072 I power_partial_wake_state: [1519,GCoreFlp:com.google.android.gms]
03-14 14:41:18.291  1000  1261  8072 I am_proc_bound: [0,10803,com.sec.android.daemonapp]
03-14 14:41:18.440  1000  1261  8382 I power_partial_wake_state: [147,NlpWakeLock:com.google.android.gms]
03-14 14:41:18.453  1000  1261  8407 I sysui_multi_action: [757,128,758,1,793,2429,794,0,795,2429,796,2,798,0,806,com.sec.android.app.servicemodeapp,857,servicemodeapp,858,4,947,0,1395,3]
03-14 14:41:18.454  1000  1261  8407 I sysui_histogram: [note_freshness,2429]
03-14 14:41:18.454  1000  1261  8407 I sysui_multi_action: [757,804,799,note_freshness,801,2429,802,1]
03-14 14:41:18.454  1000  1261  8407 I notification_visibility: [0|com.sec.android.app.servicemodeapp|2|null|1000,1,2429,2429,0,0]
03-14 14:41:18.468  1000  1261  8072 I power_partial_wake_state: [112,NlpWakeLock:com.google.android.gms]
03-14 14:41:18.530  1000  1261  1298 I am_pss  : [5962,10073,com.samsung.knox.securefolder,11525120,0,65536,0,0,9,13]
03-14 14:41:18.560  1000  1261  5967 I power_partial_wake_state: [93,NlpWakeLock:com.google.android.gms]
03-14 14:41:18.588  1000  1261  3795 I power_partial_wake_state: [22,GCoreFlp:com.google.android.gms]
03-14 14:41:18.610  1000  1261  3795 I power_partial_wake_state: [22,GCoreFlp:com.google.android.gms]
03-14 14:41:18.613  1000  1261  8407 I power_partial_wake_state: [17,GCoreFlp:com.google.android.gms]
03-14 14:41:18.628  1000  1261  6655 I power_partial_wake_state: [26,GCoreFlp:com.google.android.gms]
03-14 14:41:18.688  1000  1261  1298 I am_pss  : [10038,10088,com.google.android.apps.turbo:aab,9688064,0,66560,0,0,18,13]
03-14 14:41:18.705  1000  1261  3050 I power_partial_wake_state: [85,NlpWakeLock:com.google.android.gms]
03-14 14:41:18.767  1000  1261  5374 I power_partial_wake_state: [1874,NlpWakeLock:com.google.android.gms]
03-14 14:41:18.777  1000  1261  3050 I power_partial_wake_state: [53,NlpWakeLock:com.google.android.gms]
03-14 14:41:18.786  1000  1261  3050 I power_partial_wake_state: [328,NlpWakeLock:com.google.android.gms]
03-14 14:41:18.792  1000  1261  3140 I power_partial_wake_state: [6,GCoreFlp:com.google.android.gms]
03-14 14:41:18.807  1000  1261  5374 I power_partial_wake_state: [17,GCoreFlp:com.google.android.gms]
03-14 14:41:18.813  1000  1261  3140 I power_partial_wake_state: [16,GCoreFlp:com.google.android.gms]
03-14 14:41:18.819  1000  1261  3140 I power_partial_wake_state: [2,GCoreFlp:com.google.android.gms]
03-14 14:41:18.828  1000  1261  5374 I power_partial_wake_state: [2,GCoreFlp:com.google.android.gms]
03-14 14:41:18.859  1000  1261  3795 I power_partial_wake_state: [24,GCoreFlp:com.google.android.gms]
03-14 14:41:18.861  1000  1261  6655 I power_partial_wake_state: [15,GCoreFlp:com.google.android.gms]
03-14 14:41:18.867  1000  1261  5374 I power_partial_wake_state: [16,GCoreFlp:com.google.android.gms]
03-14 14:41:19.035  1000  1261  8407 I power_partial_wake_state: [1889,AudioMix:audioserver]
03-14 14:41:19.650  1000  1261  1298 I am_pss  : [9888,5012,com.samsung.android.sm.devicesecurity,7269376,0,62464,0,0,18,12]
03-14 14:41:19.768  1000  1261  3140 I am_kill : [0,10003,com.samsung.android.networkdiagnostic,906,DHA:empty #21]
03-14 14:41:19.777  1000  1261  1301 I am_proc_start: [0,10886,1000,com.sec.android.diagmonagent,broadcast,com.sec.android.diagmonagent/.DiagMonBootCompletedReceiver]
03-14 14:41:19.844  1000  1261  3140 I am_proc_died: [0,10003,com.samsung.android.networkdiagnostic,906,18,73,1376]
03-14 14:41:19.845  1000  1261  3140 I am_uid_stopped: 5017
03-14 14:41:19.929  1000  1261  6655 I am_proc_bound: [0,10886,com.sec.android.diagmonagent]
03-14 14:41:19.965  1000  1261  3140 I power_partial_wake_state: [2994,AudioMix:audioserver]
03-14 14:41:19.971  1000  1261  3140 I power_partial_wake_state: [3001,AudioMix:audioserver]
03-14 14:41:20.045  1000  1261  1301 I am_proc_start: [0,10900,10035,com.google.process.gapps,content provider,com.google.android.gsf/.settings.GoogleSettingsProvider]
03-14 14:41:20.118  1000  1261  3140 I am_proc_bound: [0,10900,com.google.process.gapps]
03-14 14:41:21.007  1000  1261  5374 I power_partial_wake_state: [60,wakeLock:com.sec.android.diagmonagent]
03-14 14:41:21.138  1000  1261  1301 I am_proc_start: [0,10966,10015,com.sec.android.easyonehand,broadcast,com.sec.android.easyonehand/.EOHBroadcastReceiver]
03-14 14:41:21.281  1000  1261  8407 I am_proc_bound: [0,10966,com.sec.android.easyonehand]
03-14 14:41:21.402  1000  1261  1298 I am_pss  : [10359,10085,com.samsung.android.themestore,12637184,0,64512,0,0,18,14]
03-14 14:41:21.776  1000  1261  3050 I am_kill : [0,10054,com.samsung.android.provider.shootingmodeprovider,906,DHA:empty #21]
03-14 14:41:21.864  1000  1261  1301 I am_proc_start: [0,11020,1000,com.sec.android.soagent,broadcast,com.sec.android.soagent/.receiver.RegisterReceiver]
03-14 14:41:21.873  1000  1261  3795 I am_proc_died: [0,10054,com.samsung.android.provider.shootingmodeprovider,906,18,93,1363]
03-14 14:41:21.875  1000  1261  3795 I am_uid_stopped: 10076
03-14 14:41:22.013  1000  1261  3140 I am_proc_bound: [0,11020,com.sec.android.soagent]
03-14 14:41:22.092  1000  1261  3795 I power_partial_wake_state: [3036,AudioMix:audioserver]
03-14 14:41:22.127  1000  1261  3140 I power_partial_wake_state: [15,*job*/com.sec.android.diagmonagent/.scheduler.NetworkJobService:android]
03-14 14:41:22.367  1000  1261  1261 I notification_cancel: [1000,10886,com.sec.android.diagmonagent,0,NULL,0,0,0,8,NULL]
03-14 14:41:22.369  1000  1261  1261 I notification_cancel: [1000,10886,com.sec.android.diagmonagent,1,NULL,0,0,0,8,NULL]
03-14 14:41:22.370  1000  1261  1261 I notification_cancel: [1000,10886,com.sec.android.diagmonagent,2,NULL,0,0,0,8,NULL]
03-14 14:41:22.372  1000  1261  1261 I notification_cancel: [1000,10886,com.sec.android.diagmonagent,3,NULL,0,0,0,8,NULL]
03-14 14:41:22.693  1000  1261  1311 I commit_sys_config_file: [jobs,61]
03-14 14:41:22.871  1000  1261  1261 I notification_cancel: [1000,10886,com.sec.android.diagmonagent,0,NULL,0,0,0,8,NULL]
03-14 14:41:22.874  1000  1261  1261 I notification_cancel: [1000,10886,com.sec.android.diagmonagent,1,NULL,0,0,0,8,NULL]
03-14 14:41:22.874  1000  1261  1311 I commit_sys_config_file: [jobs,45]
03-14 14:41:22.876  1000  1261  1261 I notification_cancel: [1000,10886,com.sec.android.diagmonagent,2,NULL,0,0,0,8,NULL]
03-14 14:41:22.877  1000  1261  1261 I notification_cancel: [1000,10886,com.sec.android.diagmonagent,3,NULL,0,0,0,8,NULL]
