03-14 14:38:11.393  1000  1261  3795 I power_partial_wake_state: [19,*telephony-radio*:com.android.phone]
03-14 14:38:11.587  1000  1261  3140 I power_partial_wake_state: [1526,fiid-sync:com.samsung.android.sdm.config]
03-14 14:38:11.708  1000  1261  1919 I am_wtf  : [0,1261,system_server,-1,ActivityManager,Sending non-protected broadcast com.samsung.android.service.svcagent.intent_action_start_service from system 6195:com.samsung.android.svcagent/1000 pkg com.samsung.android.svcagent]
03-14 14:38:11.724  1000  1261  1919 I am_wtf  : [0,1261,system_server,-1,ActivityManager,Sending non-protected broadcast com.samsung.android.service.svcagent.intent_action_start_service from system 6195:com.samsung.android.svcagent/1000 pkg com.samsung.android.svcagent]
03-14 14:38:11.760  1000  1261  1915 I am_kill : [0,5564,com.sec.modem.settings,906,DHA:empty #21]
03-14 14:38:11.767  1000  1261  1298 I am_pss  : [3171,10087,com.sec.android.app.launcher,200252416,18665472,0,0,0,4,23]
03-14 14:38:11.881  1000  1261  1801 I am_proc_died: [0,5564,com.sec.modem.settings,906,18,78,1410]
03-14 14:38:12.051  1000  1261  5374 I power_partial_wake_state: [69,IntentOp:.common.broadcast.BackgroundBroadcastReceiverSupport$GmsReceiverIntentOperation:com.google.android.gms]
03-14 14:38:12.095  1000  1261  1298 I am_pss  : [3971,10012,com.samsung.android.app.spage,15962112,0,0,0,0,4,12]
03-14 14:38:12.158  1000  1261  1298 I am_pss  : [5587,1000,com.samsung.android.aircommandmanager,5700608,0,0,0,0,18,12]
03-14 14:38:12.161  1000  1261  5374 I power_partial_wake_state: [97,IntentOp:.common.broadcast.BackgroundBroadcastReceiverSupport$GmsReceiverIntentOperation:com.google.android.gms]
03-14 14:38:12.176  1000  1261  1544 I power_partial_wake_state: [57,IntentOp:.common.broadcast.BackgroundBroadcastReceiverSupport$PersistentReceiverIntentOperation:com.google.android.gms]
03-14 14:38:12.291  1000  1261  1298 I am_pss  : [5639,1000,com.android.settings,16885760,0,0,0,0,18,12]
03-14 14:38:12.355  1000  1261  1801 I power_partial_wake_state: [223,IntentOp:.common.broadcast.BackgroundBroadcastReceiverSupport$PersistentReceiverIntentOperation:com.google.android.gms]
03-14 14:38:12.683  1000  1261  1915 I am_kill : [0,5587,com.samsung.android.aircommandmanager,906,DHA:empty #21]
03-14 14:38:12.695  1000  1261  1801 I am_uid_running: 10160
03-14 14:38:12.746  1000  1261  1301 I am_proc_start: [0,6317,1000,com.sec.android.app.SecSetupWizard,broadcast,com.sec.android.app.SecSetupWizard/.SetupIntentReceiver]
03-14 14:38:12.755  1000  1261  1544 I am_proc_died: [0,5587,com.samsung.android.aircommandmanager,906,18,78,1410]
03-14 14:38:12.845  1000  1261  1801 I am_proc_bound: [0,6317,com.sec.android.app.SecSetupWizard]
03-14 14:38:12.906  1000  1261  1301 I am_proc_start: [0,6330,10160,com.sec.unifiedwfc,broadcast,com.sec.unifiedwfc/.carrier.VoWifiSimStateReceiver]
03-14 14:38:12.910  1000  1261  1544 I am_proc_bound: [0,6330,com.sec.unifiedwfc]
03-14 14:38:13.215  1000  1261  1801 I am_kill : [0,5639,com.android.settings,906,DHA:empty #21]
03-14 14:38:13.265  1000  1261  1292 I am_proc_died: [0,5639,com.android.settings,906,18,76,1407]
03-14 14:38:13.329  1000  1261  1915 I am_uid_running: 10146
03-14 14:38:13.363  1000  1261  1301 I am_proc_start: [0,6362,10146,com.sec.android.provider.emergencymode,content provider,com.sec.android.provider.emergencymode/.EmergencyProvider]
03-14 14:38:13.424  1000  1261  1292 I am_proc_bound: [0,6362,com.sec.android.provider.emergencymode]
03-14 14:38:13.488  1000  1261  1801 I am_uid_running: 10180
03-14 14:38:13.529  1000  1261  1801 I am_kill : [0,5716,com.samsung.android.MtpApplication,906,DHA:empty #21]
03-14 14:38:13.577  1000  1261  1301 I am_proc_start: [0,6380,10180,com.sec.android.app.sbrowser,broadcast,com.sec.android.app.sbrowser/.provider.OperatorBookmarksSimReceiver]
03-14 14:38:13.590  1000  1261  1292 I am_proc_died: [0,5716,com.samsung.android.MtpApplication,906,18,74,1407]
03-14 14:38:13.659  1000  1261  5967 I am_proc_bound: [0,6380,com.sec.android.app.sbrowser]
03-14 14:38:13.965  1000  1261  1915 I am_kill : [0,5747,com.samsung.android.bluelightfilter,906,DHA:empty #21]
03-14 14:38:14.040  1000  1261  1292 I am_proc_died: [0,5747,com.samsung.android.bluelightfilter,906,18,93,1407]
03-14 14:38:14.042  1000  1261  1292 I am_uid_stopped: 10011
03-14 14:38:14.141  1000  1261  1301 I am_proc_start: [0,6408,1000,com.sec.modem.settings,broadcast,com.sec.modem.settings/.cplogging.SilentLogReceiver]
03-14 14:38:14.172  1000  1261  1544 I am_kill : [0,5839,com.samsung.aasaservice,906,DHA:empty #21]
03-14 14:38:14.228  1000  1261  1801 I am_proc_died: [0,5839,com.samsung.aasaservice,906,18,97,1407]
03-14 14:38:14.297  1000  1261  5967 I am_proc_bound: [0,6408,com.sec.modem.settings]
03-14 14:38:14.402  1000  1261  1544 I service_manager_stats: [100,164,11055]
03-14 14:38:14.402  1000  1261  1544 I am_kill : [0,5860,com.samsung.android.da.daagent,906,DHA:empty #21]
03-14 14:38:15.495  1000  1261  5967 I am_proc_died: [0,5860,com.samsung.android.da.daagent,906,18,94,1407]
03-14 14:38:15.659  1000  1261  2203 I power_partial_wake_state: [151,IntentOp:.common.broadcast.BackgroundBroadcastReceiverSupport$GmsReceiverIntentOperation:com.google.android.gms]
03-14 14:38:15.715  1000  1261  1292 I am_kill : [0,5881,com.samsung.android.stickercenter,906,DHA:empty #21]
03-14 14:38:15.732  1000  1261  2203 I power_partial_wake_state: [110,IntentOp:.common.broadcast.BackgroundBroadcastReceiverSupport$PersistentReceiverIntentOperation:com.google.android.gms]
03-14 14:38:15.784  1000  1261  1801 I am_proc_died: [0,5881,com.samsung.android.stickercenter,906,18,103,1407]
03-14 14:38:15.858  1000  1261  1301 I am_proc_start: [0,6438,1000,com.qti.diagservices,broadcast,com.qti.diagservices/.Diag_OnBoot]
03-14 14:38:15.900  1000  1261  1919 I am_proc_bound: [0,6438,com.qti.diagservices]
03-14 14:38:16.050  1000  1261  1586 I power_partial_wake_state: [1,motion_service:android]
03-14 14:38:16.194  1000  1261  1301 I am_proc_start: [0,6457,1000,com.samsung.accessibility,broadcast,com.samsung.accessibility/.sounddetector.broadcast.NotiReceiver]
03-14 14:38:16.260  1000  1261  1919 I am_proc_bound: [0,6457,com.samsung.accessibility]
03-14 14:38:16.637  1000  1261  1261 I am_kill : [0,5900,com.samsung.android.themestore,906,DHA:empty #21]
03-14 14:38:16.679  1000  1261  2203 I am_proc_died: [0,5900,com.samsung.android.themestore,906,18,100,1407]
03-14 14:38:16.682  1000  1261  2203 I am_uid_stopped: 10085
03-14 14:38:16.953  1000  1261  2203 I am_kill : [0,5773,com.samsung.android.themecenter,906,DHA:empty #21]
03-14 14:38:16.993  1000  1261  1292 I am_proc_died: [0,5773,com.samsung.android.themecenter,906,18,103,1407]
03-14 14:38:17.082  1000  1261  1301 I am_proc_start: [0,6478,1001,com.sec.android.AutoPreconfig,broadcast,com.sec.android.AutoPreconfig/.BootCompleteReceiver]
03-14 14:38:17.122  1000  1261  1919 I am_proc_bound: [0,6478,com.sec.android.AutoPreconfig]
03-14 14:38:17.211  1000  1261  1261 I am_uid_running: 10163
03-14 14:38:17.266  1000  1261  1261 I power_screen_broadcast_done: [1,88516,1]
03-14 14:38:17.266  1000  1261  1261 I power_screen_broadcast_send: 1
03-14 14:38:17.401  1000  1261  1919 I power_partial_wake_state: [0,AlarmReceiver:com.sec.android.app.clockpackage(reAcquired)]
03-14 14:38:17.405  1000  1261  1301 I am_proc_start: [0,6493,10163,com.sec.android.daemonapp,broadcast,com.sec.android.daemonapp/.appwidget.WeatherAppWidget]
03-14 14:38:17.416  1000  1261  1261 I notification_cancel: [10101,5996,com.sec.android.app.clockpackage,268468224,NULL,0,0,1088,8,NULL]
03-14 14:38:17.496  1000  1261  1298 I am_pss  : [5804,1000,com.trustonic.teeservice,4901888,0,0,0,0,9,12]
03-14 14:38:17.593  1000  1261  2203 I am_proc_bound: [0,6493,com.sec.android.daemonapp]
03-14 14:38:17.998  1000  1261  2203 I am_kill : [0,5981,com.samsung.android.app.omcagent,906,DHA:empty #21]
03-14 14:38:18.010  1000  1261  2203 I power_partial_wake_state: [607,AlarmReceiver:com.sec.android.app.clockpackage(disabled)]
03-14 14:38:18.079  1000  1261  1292 I am_proc_died: [0,5981,com.samsung.android.app.omcagent,906,18,102,1407]
03-14 14:38:19.886  1000  1261  1261 I am_uid_active: 10163
03-14 14:38:20.336  1000  1261  1575 I commit_sys_config_file: [settings-0-0,42]
03-14 14:38:20.572  1000  1261  1261 I power_partial_wake_state: [80195,*alarm*:android]
03-14 14:38:20.976  1000  1261  1616 I service_manager_slow: [10,carrier_config]
03-14 14:38:21.058  1000  1261  1616 I commit_sys_config_file: [net-policy,20]
03-14 14:38:21.076  1000  1261  3140 I power_partial_wake_state: [54,*telephony-radio*:com.android.phone]
03-14 14:38:21.098  1000  1261  1261 I notification_cancel: [1000,1261,com.android.server.telecom,150,NULL,0,0,0,8,NULL]
03-14 14:38:21.119  1000  1261  1292 I power_partial_wake_state: [9,*telephony-radio*:com.android.phone]
03-14 14:38:21.142  1000  1261  1261 I notification_cancel: [1001,1706,com.android.phone,1000,NULL,0,0,1088,8,NULL]
03-14 14:38:21.147  1000  1261  1261 I notification_cancel: [1001,1706,com.android.phone,1001,NULL,0,0,1088,8,NULL]
03-14 14:38:21.158  1000  1261  3140 I power_partial_wake_state: [33,*telephony-radio*:com.android.phone]
03-14 14:38:21.282 radio  1706  1855 I service_manager_slow: [10,isub]
03-14 14:38:21.315 radio  1706  1706 I service_manager_stats: [100,145,34440]
03-14 14:38:21.397  1000  1261  1868 I power_partial_wake_state: [154,GnssLocationProvider:android]
03-14 14:38:21.419  1000  1261  1261 I notification_cancel: [1001,1706,com.android.phone,1000,NULL,0,0,1088,8,NULL]
03-14 14:38:21.419  1000  1261  1261 I notification_cancel: [1001,1706,com.android.phone,1001,NULL,0,0,1088,8,NULL]
03-14 14:38:21.696  1000  1261  5374 I power_partial_wake_state: [7,*telephony-radio*:com.android.phone]
03-14 14:38:21.705  1000  1261  1301 I am_proc_start: [0,6542,1000,com.sec.android.app.servicemodeapp,broadcast,com.sec.android.app.servicemodeapp/.ServiceModeAppBroadcastReceiver]
03-14 14:38:21.806  1000  1261  5374 I am_proc_bound: [0,6542,com.sec.android.app.servicemodeapp]
03-14 14:38:23.191  1000  1261  1919 I wm_stack_created: [2,0]
03-14 14:38:23.219  1000  1261  1919 I wm_task_created: [42,2,1]
03-14 14:38:23.220  1000  1261  1919 I wm_task_windowing_mode_changed: [42,0,1]
03-14 14:38:23.225  1000  1261  1919 I wm_task_moved: [42,0,2147483647]
03-14 14:38:23.242  1000  1261  1919 I am_focused_stack: [0,2,1,reuseOrNewTask]
03-14 14:38:23.249  1000  1261  1919 I am_create_task: [0,42]
03-14 14:38:23.250  1000  1261  1919 I am_create_activity: [0,104697023,42,com.sec.android.app.servicemodeapp/.SysDump,android.intent.action.MAIN,NULL,NULL,276824064,com.sec.android.app.servicemodeapp]
03-14 14:38:23.251  1000  1261  1919 I wm_task_moved: [42,0,2147483647]
03-14 14:38:23.290  1000  1261  1919 I am_pause_activity: [0,81938261,com.samsung.android.dialer/.DialtactsActivity,userLeaving=true]
03-14 14:38:23.315 10061  4649  4649 I am_on_paused_called: [0,com.samsung.android.dialer.DialtactsActivity,performPause]
03-14 14:38:23.576  1000  1261  1299 I sysui_count: [window_time_0,64]
03-14 14:38:23.578  1000  1261  1299 I sysui_multi_action: [757,803,799,window_time_0,802,64]
03-14 14:38:23.627  1000  1261  1301 I am_proc_start: [0,6573,1000,com.android.system,activity,com.sec.android.app.servicemodeapp/.SysDump]
03-14 14:38:23.694 radio  1706  6578 I service_manager_slow: [60,sip]
03-14 14:38:23.858  1000  1261  1801 I am_proc_bound: [0,6573,com.android.system]
03-14 14:38:23.955  1000  1261  1801 I am_restart_activity: [0,104697023,42,com.sec.android.app.servicemodeapp/.SysDump]
03-14 14:38:23.964  1000  1261  1801 I am_set_resumed_activity: [0,com.sec.android.app.servicemodeapp/.SysDump,minimalResumeActivityLocked]
03-14 14:38:24.198  1000  1261  1261 I service_manager_stats: [100,189,9796]
03-14 14:38:24.401  1000  1261  1298 I am_pss  : [5996,10101,com.sec.android.app.clockpackage,10716160,0,0,0,0,18,9]
03-14 14:38:24.729 10010  2606  5010 I content_query_sample: contents_sample_query: [ uri = content://call_log/calls(usr:0), pkg = system(1261), prj = [_id, number, presentation, date, duration, type], sel = (type=3 AND new=1 AND is_read=0) AND ((type != 4)) AND ((phone_account_hidden = 0)), selArg = null, so = date DESC, cv = null, dur = 331, ret = 0, trw = false ]
03-14 14:38:24.802 radio   768  1217 I liblog  : 5
03-14 14:38:24.842  1000  1261  1586 I power_partial_wake_state: [1,motion_service:android]
03-14 14:38:24.934  1000  1261  1299 I am_uid_running: 10171
03-14 14:38:24.967  1000  6573  6573 I am_on_create_called: [0,com.sec.android.app.servicemodeapp.SysDump,performCreate]
03-14 14:38:24.998  1000  6573  6573 I am_on_start_called: [0,com.sec.android.app.servicemodeapp.SysDump,handleStartActivity]
03-14 14:38:25.002  1000  6573  6573 I am_on_resume_called: [0,com.sec.android.app.servicemodeapp.SysDump,RESUME_ACTIVITY]
03-14 14:38:25.074  1000  1261  1301 I am_proc_start: [0,6608,10171,com.google.android.marvin.talkback,broadcast,com.google.android.marvin.talkback/com.google.android.accessibility.talkback.BootReceiver]
03-14 14:38:25.181  1000  1261  3140 I power_partial_wake_state: [20,RILS:com.sec.phone]
03-14 14:38:25.347  1000  1261  1298 I am_pss  : [5177,5004,com.samsung.cmh:CMH,10562560,0,0,0,0,18,8]
03-14 14:38:25.351  1000  1261  3140 I am_proc_bound: [0,6608,com.google.android.marvin.talkback]
03-14 14:38:25.852  1000  1261  5374 I power_partial_wake_state: [2554,*launch*:android]
03-14 14:38:25.930  1000  1261  1915 I am_kill : [0,6045,com.sec.hearingadjust,906,DHA:empty #21]
03-14 14:38:25.938  1000  1261  1312 I am_activity_launch_time: [0,104697023,com.sec.android.app.servicemodeapp/.SysDump,2047,2047]
03-14 14:38:25.999  1000  1261  1299 I am_stop_activity: [0,81938261,com.samsung.android.dialer/.DialtactsActivity]
03-14 14:38:26.006  1000  1261  1915 I power_partial_wake_state: [28,*telephony-radio*:com.android.phone]
03-14 14:38:26.006 10061  4649  4649 I am_on_stop_called: [0,com.samsung.android.dialer.DialtactsActivity,STOP_ACTIVITY_ITEM]
03-14 14:38:26.044  1000  1261  1261 I notification_cancel: [1001,4727,com.samsung.android.incallui,11000,NULL,0,0,1088,8,NULL]
03-14 14:38:26.045  1000  1261  1261 I notification_cancel: [1001,4727,com.samsung.android.incallui,11001,NULL,0,0,1088,8,NULL]
03-14 14:38:26.046  1000  1261  3140 I am_proc_died: [0,6045,com.sec.hearingadjust,906,18,101,1410]
03-14 14:38:26.047  1000  1261  3140 I am_uid_stopped: 10043
03-14 14:38:26.128  1000  1261  5374 I am_kill : [0,4995,com.samsung.android.kgclient,906,DHA:empty #21]
03-14 14:38:26.167  1000  1261  1298 I am_pss  : [5420,10179,com.samsung.android.email.provider,25621504,0,0,0,0,9,9]
03-14 14:38:26.172  1000  1261  3140 I am_uid_running: 10079
03-14 14:38:26.202  1000  1261  3140 I am_kill : [0,6071,com.samsung.android.lool,906,DHA:empty #21]
03-14 14:38:26.212  1000  1261  1915 I am_proc_died: [0,4995,com.samsung.android.kgclient,906,18,106,1410]
03-14 14:38:26.218  1000  1261  1915 I am_uid_stopped: 10047
03-14 14:38:26.282  1000  1261  1298 I sysui_multi_action: [319,1007,321,422,322,2404,325,200,757,761,758,7,759,1,806,com.sec.android.app.servicemodeapp,871,com.sec.android.app.servicemodeapp.SysDump,904,com.sec.android.app.servicemodeapp,905,0,945,779,1320,3,1321,2]
03-14 14:38:26.291  1000  1261  3140 I am_kill : [0,2737,com.samsung.android.messaging,906,DHA:empty #21]
03-14 14:38:26.300  1000  1261  3044 I am_proc_died: [0,6071,com.samsung.android.lool,906,18,106,1410]
03-14 14:38:26.390  1000  1261  1301 I am_proc_start: [0,6639,10079,com.sec.android.app.soundalive,broadcast,com.sec.android.app.soundalive/.SAControlPanelReceiver]
03-14 14:38:26.472  1000  1261  1544 I am_proc_died: [0,2737,com.samsung.android.messaging,906,18,118,1410]
03-14 14:38:26.474  1000  1261  1544 I am_uid_stopped: 10065
03-14 14:38:26.544  1000  1261  2203 I am_proc_bound: [0,6639,com.sec.android.app.soundalive]
03-14 14:38:27.149  1000  1261  1298 I am_pss  : [5962,10073,com.samsung.knox.securefolder,11759616,0,0,0,0,18,9]
03-14 14:38:27.186  1000  1261  2203 I power_partial_wake_state: [3,Wakeful StateMachine: GeofencerStateMachine:com.google.android.gms]
03-14 14:38:27.324  1000  1261  2203 I am_uid_running: 10157
03-14 14:38:27.352  1000  1261  2203 I am_kill : [0,6099,com.samsung.android.calendar,906,DHA:empty #21]
03-14 14:38:27.420  1000  1261  1301 I am_proc_start: [0,6664,10157,flipboard.boxer.app,broadcast,flipboard.boxer.app/flipboard.boxer.receiver.BootCompleted]
03-14 14:38:27.425  1000  1261  1544 I am_proc_died: [0,6099,com.samsung.android.calendar,906,18,132,1411]
03-14 14:38:27.427  1000  1261  1544 I am_uid_stopped: 10145
03-14 14:38:27.508  1000  1261  6655 I am_proc_bound: [0,6664,flipboard.boxer.app]
03-14 14:38:27.605  1000  1261  2203 I power_partial_wake_state: [8,NlpWakeLock:com.google.android.gms]
03-14 14:38:27.691  1000  1261  1261 I power_screen_broadcast_done: [0,10424,1]
03-14 14:38:27.691  1000  1261  1261 I power_screen_broadcast_send: 1
03-14 14:38:27.827  1000  1261  1301 I am_proc_start: [0,6682,1000,com.sec.factory,broadcast,com.sec.factory/.entry.ProtectedFactoryTestBroadcastReceiver]
03-14 14:38:27.895  1000  1261  6655 I am_proc_bound: [0,6682,com.sec.factory]
03-14 14:38:28.014  1000  1261  6655 I power_partial_wake_state: [146,IntentOp:.common.broadcast.BackgroundBroadcastReceiverSupport$GmsReceiverIntentOperation:com.google.android.gms]
03-14 14:38:28.029  1000  1261  1310 I service_manager_slow: [10,isub]
03-14 14:38:28.030  1000  1261  2203 I power_partial_wake_state: [104,IntentOp:.common.broadcast.BackgroundBroadcastReceiverSupport$PersistentReceiverIntentOperation:com.google.android.gms]
03-14 14:38:28.200  1000  1261  1298 I am_pss  : [3778,10035,com.google.android.gms,35076096,0,0,0,0,4,12]
03-14 14:38:28.275  1000  1261  1261 I notification_cancel: [1001,2479,com.samsung.android.app.telephonyui,4,1,0,0,1088,8,NULL]
03-14 14:38:28.304  1000  1261  6636 I am_kill : [0,6154,com.samsung.android.game.gamehome,906,DHA:empty #21]
03-14 14:38:28.393  1000  1261  1261 I notification_cancel: [1001,2479,com.samsung.android.app.telephonyui,3,1,0,0,1088,8,NULL]
03-14 14:38:28.565  1000  1261  3043 I am_proc_died: [0,6154,com.samsung.android.game.gamehome,906,18,109,1420]
03-14 14:38:28.566  1000  1261  3043 I am_uid_stopped: 10033
03-14 14:38:28.925  1000  1261  1586 I power_partial_wake_state: [0,motion_service:android]
03-14 14:38:30.623  1000  1261  3050 I power_partial_wake_state: [3597,AudioMix:audioserver]
03-14 14:38:30.629  1000  1261  3050 I power_partial_wake_state: [3598,AudioMix:audioserver]
03-14 14:38:30.633  1000  1261  3050 I power_partial_wake_state: [3600,AudioMix:audioserver]
03-14 14:38:30.820  1000  1261  3043 I power_partial_wake_state: [2,Wakeful StateMachine: GeofencerStateMachine:com.google.android.gms]
03-14 14:38:30.985  1000  1261  1298 I am_pss  : [6215,1000,com.samsung.android.uds,6379520,0,0,0,0,18,10]
03-14 14:38:31.054  1000  1261  1298 I am_pss  : [6127,10062,com.samsung.android.mobileservice,28774400,0,0,0,0,18,11]
03-14 14:38:31.147  1000  1261  2203 I power_partial_wake_state: [17,NlpWakeLock:com.google.android.gms]
03-14 14:38:31.185  1000  1261  1261 I power_screen_broadcast_done: [1,3494,1]
03-14 14:38:31.265  1000  1261  1544 I am_uid_running: 10183
03-14 14:38:31.296  1000  1261  1544 I am_kill : [0,6195,com.samsung.android.svcagent,906,DHA:empty #21]
03-14 14:38:31.304  1000  1261  1544 I power_partial_wake_state: [3333,fiid-sync:flipboard.boxer.app(disabled)]
03-14 14:38:31.338  1000  1261  6636 I am_proc_died: [0,6195,com.samsung.android.svcagent,906,18,115,1422]
03-14 14:38:31.390  1000  1261  1301 I am_proc_start: [0,6763,10183,com.samsung.android.app.notes,broadcast,com.samsung.android.app.notes/com.samsung.android.support.notes.sync.receiver.SyncBootReceiver]
03-14 14:38:31.483  1000  1261  6636 I am_proc_bound: [0,6763,com.samsung.android.app.notes]
03-14 14:38:31.633  1000  1261  1261 I power_partial_wake_state: [8495,VK_WakeLock:android]
03-14 14:38:31.814  1000  1261  1298 I am_pss  : [6228,1001,com.samsung.android.sdm.config,6095872,0,0,0,0,18,9]
03-14 14:38:32.678  1000  1261  3795 I am_meminfo: [814981120,103940096,0,158486528,479179776]
03-14 14:38:32.712  1000  1261  1301 I am_proc_start: [0,6794,1000,android:drmService,service,android/com.android.server.DrmEventService]
03-14 14:38:32.795  1000  1261  3043 I am_proc_bound: [0,6794,android:drmService]
03-14 14:38:32.796  1000  1261  3050 I sysui_multi_action: [757,856,758,1,806,com.samsung.android.app.notes,857,ImportServiceNotificationChannel,858,3]
03-14 14:38:32.887  1000  1261  1261 I commit_sys_config_file: [notification-policy,18]
03-14 14:38:32.899  1000  1261  1261 I am_uid_running: 10049
03-14 14:38:32.961  1000  1261  1298 I am_pss  : [6317,1000,com.sec.android.app.SecSetupWizard,7248896,0,0,0,0,18,9]
03-14 14:38:32.963  1000  1261  1301 I am_proc_start: [0,6815,10049,com.android.managedprovisioning,broadcast,com.android.managedprovisioning/.preprovisioning.BootReminder]
03-14 14:38:33.041  1000  1261  3050 I am_proc_bound: [0,6815,com.android.managedprovisioning]
03-14 14:38:33.126  1000  1261  1298 I am_pss  : [6330,10160,com.sec.unifiedwfc,9634816,0,0,0,0,18,8]
03-14 14:38:33.150  1000  1261  6636 I am_kill : [0,6127,com.samsung.android.mobileservice,906,DHA:empty #21]
03-14 14:38:33.218  1000  1261  3043 I am_kill : [0,6228,com.samsung.android.sdm.config,906,DHA:empty #21]
03-14 14:38:33.226  1000  1261  2203 I am_proc_died: [0,6127,com.samsung.android.mobileservice,906,18,98,1437]
03-14 14:38:33.229  1000  1261  2203 I am_uid_stopped: 10062
03-14 14:38:33.278  1000  1261  3043 I am_uid_running: 10059
03-14 14:38:33.341  1000  1261  6636 I am_proc_died: [0,6228,com.samsung.android.sdm.config,906,18,100,1437]
03-14 14:38:33.494  1000  1261  1301 I am_proc_start: [0,6832,10059,com.android.providers.calendar,broadcast,com.android.providers.calendar/.CalendarReceiver]
03-14 14:38:33.500  1000  1261  3043 I am_proc_bound: [0,6832,com.android.providers.calendar]
03-14 14:38:33.859  1000  1261  1298 I am_pss  : [6380,10180,com.sec.android.app.sbrowser,22986752,0,0,0,0,18,9]
03-14 14:38:33.922  1000  1261  2203 I am_kill : [0,6215,com.samsung.android.uds,906,DHA:empty #21]
03-14 14:38:33.980  1000  1261  3043 I power_partial_wake_state: [77,CalendarReceiver_Provider:com.android.providers.calendar]
03-14 14:38:34.011  1000  1261  1741 I am_kill : [0,6317,com.sec.android.app.SecSetupWizard,906,DHA:empty #21]
03-14 14:38:34.020  1000  1261  1544 I am_proc_died: [0,6215,com.samsung.android.uds,906,18,123,1437]
03-14 14:38:34.071  1000  1261  2203 I am_proc_died: [0,6317,com.sec.android.app.SecSetupWizard,906,18,123,1437]
03-14 14:38:34.127  1000  1261  1298 I am_pss  : [6573,1000,com.android.system,30930944,16236544,0,0,0,2,11]
03-14 14:38:34.140  1000  1261  1298 I am_pss  : [1976,1000,com.sec.android.emergencymode.service,9567232,0,0,0,0,18,8]
03-14 14:38:34.244  1000  1261  1301 I am_proc_start: [0,6851,1000,com.android.settings,broadcast,com.android.settings/com.samsung.android.settings.SecSettingsSearchIntentReceiver]
03-14 14:38:34.283  1000  1261  2203 I am_proc_bound: [0,6851,com.android.settings]
03-14 14:38:34.391  1000  1261  1298 I am_pss  : [6408,1000,com.sec.modem.settings,4563968,0,0,0,0,18,8]
03-14 14:38:34.824  1000  1261  2203 I am_uid_running: 10072
03-14 14:38:34.867  1000  1261  1301 I am_proc_start: [0,6876,10072,com.android.settings.intelligence,service,com.android.settings.intelligence/com.samsung.android.settings.intelligence.search.SecIntelligenceSearchIntentService]
03-14 14:38:34.881  1000  1261  6636 I am_uid_running: 10140
03-14 14:38:34.911  1000  1261  6636 I am_kill : [0,6330,com.sec.unifiedwfc,906,DHA:empty #21]
03-14 14:38:34.926  1000  1261  1544 I am_proc_bound: [0,6876,com.android.settings.intelligence]
03-14 14:38:34.985  1000  1261  1301 I am_proc_start: [0,6893,10140,com.android.traceur,broadcast,com.android.traceur/.Receiver]
03-14 14:38:35.045  1000  1261  2203 I am_proc_bound: [0,6893,com.android.traceur]
03-14 14:38:35.115  1000  1261  1544 I am_proc_died: [0,6330,com.sec.unifiedwfc,906,18,132,1438]
03-14 14:38:35.116  1000  1261  1544 I am_uid_stopped: 10160
03-14 14:38:35.356  1000  1261  1544 I am_uid_running: 10024
03-14 14:38:35.410  1000  1261  1261 I commit_sys_config_file: [notification-policy,30]
03-14 14:38:35.417  1000  1261  1301 I am_proc_start: [0,6920,10024,com.android.emergency,content provider,com.android.emergency/.EmergencySearchIndexablesProvider]
03-14 14:38:35.424  1000  1261  6636 I am_uid_running: 10054
03-14 14:38:35.459  1000  1261  1310 I service_manager_stats: [100,104,11261]
03-14 14:38:35.479  1000  1261  6636 I am_kill : [0,1976,com.sec.android.emergencymode.service,906,DHA:empty #21]
03-14 14:38:35.517  1000  1261  6636 I am_proc_bound: [0,6920,com.android.emergency]
03-14 14:38:35.568  1000  1261  1301 I am_proc_start: [0,6934,10054,com.android.vending,broadcast,com.android.vending/com.google.android.finsky.boothandler.BootCompletedReceiver]
03-14 14:38:35.583  1000  1261  6636 I am_proc_bound: [0,6934,com.android.vending]
03-14 14:38:35.635  1000  1261  2203 I am_proc_died: [0,1976,com.sec.android.emergencymode.service,906,18,126,1440]
03-14 14:38:35.974  1000  1261  1301 I am_proc_start: [0,6954,10035,com.google.android.gms.ui,content provider,com.google.android.gms/.app.search.GmsSearchIndexablesProvider]
03-14 14:38:36.000  1000  1261  1301 I service_manager_slow: [25,iqi]
03-14 14:38:36.040 10010  2606  2618 I content_query_sample: contents_sample_query: [ uri = content://com.android.contacts/profile/data(usr:0), pkg = com.android.providers.calendar(6832), prj = [_id], sel = mimetype=? AND  raw_contact_id in (select raw_contacts._id from raw_contacts join accounts on (accounts._id is raw_contacts.account_id) where deleted is 0 and account_type is not 'com.google'), selArg = [vnd.android.cursor.item/contact_event], so = null, cv = null, dur = 20, ret = 0, trw = false ], db = profile_sa.db
03-14 14:38:36.088  1000  1261  6636 I am_proc_bound: [0,6954,com.google.android.gms.ui]
03-14 14:38:36.160 10010  2606  2618 I content_query_sample: contents_sample_query: [ uri = content://com.android.contacts/data(usr:0), pkg = com.android.providers.calendar(6832), prj = [_id], sel = mimetype=? AND  raw_contact_id in (select raw_contacts._id from raw_contacts join accounts on (accounts._id is raw_contacts.account_id) where deleted is 0 and account_type is not 'com.google'), selArg = [vnd.android.cursor.item/contact_event], so = null, cv = null, dur = 59, ret = 0, trw = false ]
03-14 14:38:36.196 10010  2606  2618 I content_query_sample: contents_sample_query: [ uri = content://com.android.contacts/profile/data(usr:0), pkg = com.android.providers.calendar(6832), prj = [_id, data1, data2, data3, data15, display_name], sel = contact_last_updated_timestamp >= ? AND mimetype=?  AND  raw_contact_id in (select raw_contacts._id from raw_contacts join accounts on (accounts._id is raw_contacts.account_id) where deleted is 0 and account_type is not 'com.google'), selArg = [1552584992552, vnd.android.cursor.item/contact_event], so = _id, cv = null, dur = 8, ret = 0, trw = false ], db = profile_sa.db
03-14 14:38:36.200  1000  1261  1298 I am_pss  : [6438,1000,com.qti.diagservices,4496384,0,0,0,0,9,9]
03-14 14:38:36.253 10010  2606  2618 I content_query_sample: contents_sample_query: [ uri = content://com.android.contacts/data(usr:0), pkg = com.android.providers.calendar(6832), prj = [_id, data1, data2, data3, data15, display_name], sel = contact_last_updated_timestamp >= ? AND mimetype=?  AND  raw_contact_id in (select raw_contacts._id from raw_contacts join accounts on (accounts._id is raw_contacts.account_id) where deleted is 0 and account_type is not 'com.google'), selArg = [1552584992552, vnd.android.cursor.item/contact_event], so = _id, cv = null, dur = 18, ret = 0, trw = false ]
03-14 14:38:37.064  1000  1261  2203 I am_uid_running: 5250
03-14 14:38:37.123  1000  1261  1261 I notification_cancel: [10035,6954,com.google.android.gms,10436,NOT_MNC,0,0,1088,8,NULL]
03-14 14:38:37.125  1000  1261  1261 I notification_cancel: [10035,6954,com.google.android.gms,39789,NOT_MNC,0,0,1088,8,NULL]
03-14 14:38:37.137  1000  1261  1301 I am_proc_start: [0,6986,5250,com.samsung.android.knox.containeragent:provider,content provider,com.samsung.android.knox.containeragent/.settings.search.KnoxSettingsSearchIndexablesProvider]
03-14 14:38:37.207  1000  1261  1801 I am_proc_bound: [0,6986,com.samsung.android.knox.containeragent:provider]
03-14 14:38:37.369  1000  1261  1298 I am_pss  : [6478,1001,com.sec.android.AutoPreconfig,4167680,0,0,0,0,18,9]
03-14 14:38:37.391  1000  1261  1298 I am_pss  : [5804,1000,com.trustonic.teeservice,4794368,0,0,0,0,9,9]
03-14 14:38:37.441  1000  1261  1261 I commit_sys_config_file: [notification-policy,28]
03-14 14:38:37.519  1000  1261  1301 I am_proc_start: [0,7008,1000,com.samsung.android.lool,content provider,com.samsung.android.lool/com.samsung.android.sm.externalsetting.SettingsSearchProvider]
03-14 14:38:37.658  1000  1261  2212 I am_proc_bound: [0,7008,com.samsung.android.lool]
03-14 14:38:38.319  1000  1261  2212 I am_uid_running: 10085
03-14 14:38:38.370  1000  1261  1301 I am_proc_start: [0,7039,10085,com.samsung.android.themestore,content provider,com.samsung.android.themestore/.provider.SettingsSearchIndexablesProvider]
03-14 14:38:38.434  1000  1261  1298 I am_pss  : [4697,10021,android.process.media,7416832,0,0,0,0,18,9]
03-14 14:38:38.495  1000  1261  1544 I am_proc_bound: [0,7039,com.samsung.android.themestore]
03-14 14:38:38.743  1000  1261  1681 I battery_level: [60,3686,416]
03-14 14:38:39.563  1000  1261  1801 I power_partial_wake_state: [253,fiid-sync:com.samsung.android.themestore(disabled)]
03-14 14:38:39.591  1000  1261  1298 I commit_sys_config_file: [batterystats,23]
03-14 14:38:39.785  1000  1261  1261 I commit_sys_config_file: [notification-policy,85]
03-14 14:38:39.838  1000  1261  1261 I commit_sys_config_file: [notification-policy,53]
03-14 14:38:39.838  1000  1261  1261 I notification_cancel_all: [1000,1261,com.android.vending,0,0,0,17,NULL]
03-14 14:38:39.839  1000  1261  1261 I chatty  : uid=1000 system_server identical 3 lines
03-14 14:38:39.840  1000  1261  1261 I notification_cancel_all: [1000,1261,com.android.vending,0,0,0,17,NULL]
03-14 14:38:39.932  1000  1261  1261 I commit_sys_config_file: [notification-policy,93]
03-14 14:38:40.173  1000  6851  6864 I service_manager_slow: [10,knoxcustom]
03-14 14:38:40.804  1000  1261  1298 I am_pss  : [3867,10090,com.google.android.googlequicksearchbox:search,44270592,0,0,0,0,9,12]
03-14 14:38:41.021 radio  1706  1855 I service_manager_stats: [100,173,19705]
03-14 14:38:41.178  1000  1261  3043 I am_uid_running: 1002
03-14 14:38:41.230  1000  1261  1261 I notification_cancel: [10054,6934,com.android.vending,-1050172287,NULL,0,0,1088,8,NULL]
03-14 14:38:41.290  1000  1261  1301 I am_proc_start: [0,7122,1002,system,broadcast,com.dsi.ant.server/.startup.BootCompletedReceiver]
03-14 14:38:41.339  1000  1261  2108 I am_proc_bound: [0,7122,system]
03-14 14:38:41.559  1000  1261  2203 I am_uid_running: 10124
03-14 14:38:41.620  1000  1261  1301 I am_proc_start: [0,7143,10124,com.facebook.appmanager,broadcast,com.facebook.appmanager/com.facebook.oxygen.appmanager.common.boot.OnBootCompleteReceiver]
03-14 14:38:41.669  1000  1261  2108 I am_proc_bound: [0,7143,com.facebook.appmanager]
03-14 14:38:41.966  1000  1261  1298 I am_pss  : [6542,1000,com.sec.android.app.servicemodeapp,4600832,0,0,0,0,18,8]
03-14 14:38:42.377  1000  1261  2108 I am_uid_running: 10103
03-14 14:38:42.461  1000  1261  1301 I am_proc_start: [0,7169,10103,com.google.android.apps.maps,broadcast,com.google.android.apps.maps/com.google.android.apps.gmm.navigation.service.detection.StartDetectionReceiver]
03-14 14:38:42.473  1000  1261  1261 I power_partial_wake_state: [2,*job*/com.android.vending/com.google.android.finsky.scheduler.JobSchedulerEngine$PhoneskyJobSchedulerJobService:android]
03-14 14:38:42.505 10010  2606  3011 I content_query_sample: contents_sample_state: [CONTACT contacts(0) data(0) accounts({}) accounts deleted({}) calls([logtype:100 cnt:2, logtype:1000 cnt:13]) countryIso(CL) userId(0)  ]\r
03-14 14:38:42.505 10010  2606  3011 I content_query_sample: contents_sample_state: [ agr({})  ]\r
03-14 14:38:42.505 10010  2606  3011 I content_query_sample: contents_sample_state: [ actCnt({com.android.providers.calendar(6832)=4, com.samsung.android.app.telephonyui(2479)=1, com.samsung.android.dialer(4649)=51, system(1261)=1, android.process.acore(2606)=1, com.samsung.android.contacts(4827)=45})  ]\r
03-14 14:38:42.505 10010  2606  3011 I content_query_sample: contents_sample_state: [PROFILE contacts(0) data(0) accounts({})  ] [SAPROFILE contacts(1) data(1) accounts({vnd.sec.contact.phone (1)=1})  ]\r
03-14 14:38:42.505 10010  2606  3011 I content_query_sample: contents_sample_state: [STORAGE Contacts(CE) Profile(CE) SAProfile(CE) CallLog(CE)  ]
03-14 14:38:42.521  1000  1261  1261 I power_partial_wake_state: [2,*job*/com.android.vending/com.google.android.finsky.scheduler.JobSchedulerEngine$PhoneskyJobSchedulerJobService:android]
03-14 14:38:42.542  1000  1261  2203 I am_proc_bound: [0,7169,com.google.android.apps.maps]
03-14 14:38:42.665  1000  1261  1261 I power_partial_wake_state: [2,*job*/com.android.vending/com.google.android.finsky.scheduler.JobSchedulerEngine$PhoneskyJobSchedulerJobService:android]
03-14 14:38:43.339  1000  1261  1812 I power_partial_wake_state: [459,*job*/com.android.vending/com.google.android.finsky.scheduler.JobSchedulerEngine$PhoneskyJobSchedulerJobService:android]
03-14 14:38:43.639  1000  6851  6864 I service_manager_stats: [100,127,221175]
03-14 14:38:44.818  1000  1261  1298 I am_pss  : [6573,1000,com.android.system,30536704,16236544,0,0,0,2,11]
03-14 14:38:44.843  1000  1261  1544 I power_partial_wake_state: [889,*job*/com.facebook.appmanager/com.facebook.oxygen.appmanager.update.core.UpdateService:android]
03-14 14:38:44.887  1000  6851  6864 I service_manager_slow: [18,isub]
03-14 14:38:44.910  1000  1261  1298 I am_pss  : [5996,10101,com.sec.android.app.clockpackage,11807744,0,0,0,0,18,10]
03-14 14:38:45.264  1000  2036  6656 I service_manager_slow: [23,isub]
03-14 14:38:45.537  1000  1261  1544 I power_partial_wake_state: [50,*telephony-radio*:com.android.phone]
03-14 14:38:45.666  1000  1261  1301 I am_proc_start: [0,7234,10035,com.google.process.gapps,content provider,com.google.android.gsf/.settings.GoogleSettingsProvider]
03-14 14:38:45.672  1000  1261  6655 I am_proc_bound: [0,7234,com.google.process.gapps]
03-14 14:38:45.827  1000  1261  1298 I am_pss  : [6608,10171,com.google.android.marvin.talkback,9058304,0,0,0,0,18,9]
03-14 14:38:45.926  1000  1261  1261 I notification_cancel: [10103,7169,com.google.android.apps.maps,142039439,NULL,0,0,1088,8,NULL]
03-14 14:38:45.934  1000  1261  1261 I notification_cancel: [10103,7169,com.google.android.apps.maps,143448413,NULL,0,0,1088,8,NULL]
03-14 14:38:46.155  1000  1261  1298 I am_pss  : [4649,10061,com.samsung.android.dialer,37023744,3530752,0,0,0,14,12]
03-14 14:38:46.169  1000  1261  1298 I am_pss  : [5395,1000,com.sec.android.app.parser,5593088,0,0,0,0,14,9]
03-14 14:38:46.201  1000  1261  1298 I am_pss  : [4727,1001,com.samsung.android.incallui,21434368,0,0,0,0,18,9]
03-14 14:38:46.490  1000  1261  1298 I am_pss  : [4762,1001,com.samsung.crane,13952000,0,0,0,0,18,9]
03-14 14:38:46.945  1000  1261  1261 I notification_cancel: [10103,7169,com.google.android.apps.maps,10436,NULL,0,0,1088,8,NULL]
03-14 14:38:47.001  1000  1261  1298 I am_pss  : [6639,10079,com.sec.android.app.soundalive,6283264,0,0,0,0,18,9]
03-14 14:38:47.008  1000  1261  1801 I power_partial_wake_state: [12,Wakeful StateMachine: GeofencerStateMachine:com.google.android.gms]
03-14 14:38:47.160  1000  1261  1298 I am_pss  : [5962,10073,com.samsung.knox.securefolder,11675648,0,0,0,0,18,9]
03-14 14:38:47.828  1000  1261  1298 I am_pss  : [6664,10157,flipboard.boxer.app,21984256,0,2048,0,0,18,11]
03-14 14:38:48.055  1000  1261  1292 I am_uid_running: 10088
03-14 14:38:48.146  1000  1261  1741 I power_partial_wake_state: [350,*job*/com.google.android.apps.maps/com.google.android.apps.gmm.directions.commute.setup.service.CommuteSetupService:android]
03-14 14:38:48.149  1000  1261  1298 I am_pss  : [6682,1000,com.sec.factory,7188480,0,2048,0,0,18,9]
03-14 14:38:48.201  1000  1261  1301 I am_proc_start: [0,7291,10088,com.google.android.apps.turbo,broadcast,com.google.android.apps.turbo/.nudges.battery.ServiceManagerReceiver]
03-14 14:38:48.289  1000  1261  1812 I am_proc_bound: [0,7291,com.google.android.apps.turbo]
03-14 14:38:48.350  1000  1261  1311 I commit_sys_config_file: [jobs,25]
03-14 14:38:48.431  1000  1261  1311 I commit_sys_config_file: [jobs,31]
03-14 14:38:49.400 radio  1706  2561 I service_manager_slow: [11,isub]
03-14 14:38:49.430 radio  1706  2561 I service_manager_slow: [29,isub]
03-14 14:38:49.465  1000  1261  1301 I am_proc_start: [0,7317,10088,com.google.android.apps.turbo:aab,broadcast,com.google.android.apps.turbo/com.google.android.libraries.smartbattery.appusage.library.BootReceiver]
03-14 14:38:49.475  1000  1261  6655 I am_proc_bound: [0,7317,com.google.android.apps.turbo:aab]
03-14 14:38:49.501  1000  1261  1261 I commit_sys_config_file: [notification-policy,28]
03-14 14:38:49.516  1000  1261  1261 I commit_sys_config_file: [notification-policy,14]
03-14 14:38:49.608  1000  1261  2108 I power_partial_wake_state: [7180,*job*/com.facebook.appmanager/com.facebook.oxygen.appmanager.common.jobqueue.JobQueueService:android]
03-14 14:38:50.158 10054  6934  7077 I google_http_request: [316,-1,Android-Finsky/13.5.56-all%20%5B0%5D%20%5BPR%5D%20233508088 (api=3,versionCode=81355600,sdk=28,device=j6primelte,hardware=qcom,product=j6primelteub,platformVersionRelease=9,model=SM-J610G,buildId=PPR1.180610.011,isWideScreen=0,supportedAbis=armeabi-v7a;armeabi),0]
03-14 14:38:50.401  1000  1261  1301 I am_proc_start: [0,7349,1000,com.samsung.SMT,service,com.samsung.SMT/.SamsungTTSService]
03-14 14:38:50.495  1000  7349  7349 I service_manager_slow: [12,activity]
03-14 14:38:50.506  1000  1261  3140 I am_proc_bound: [0,7349,com.samsung.SMT]
03-14 14:38:50.865 10054  6934  7119 I google_http_request: [6,-1,Android-Finsky/13.5.56-all%20%5B0%5D%20%5BPR%5D%20233508088 (api=3,versionCode=81355600,sdk=28,device=j6primelte,hardware=qcom,product=j6primelteub,platformVersionRelease=9,model=SM-J610G,buildId=PPR1.180610.011,isWideScreen=0,supportedAbis=armeabi-v7a;armeabi),0]
03-14 14:38:52.665  1000  1261  2203 I power_partial_wake_state: [1614,*job*/com.google.android.apps.turbo/com.google.android.libraries.smartbattery.common.phenotype.UpdatePhenotypeFlagsJob:android]
03-14 14:38:52.860  1000  1261  3140 I am_uid_running: 10016
03-14 14:38:52.994  1000  1261  1301 I am_proc_start: [0,7380,10016,com.google.android.configupdater,broadcast,com.google.android.configupdater/.MainReceiver]
03-14 14:38:53.049  1000  1261  1261 I power_partial_wake_state: [10250,VK_WakeLock:android]
03-14 14:38:53.057  1000  1261  1741 I am_proc_bound: [0,7380,com.google.android.configupdater]
03-14 14:38:53.215  1000  1261  3140 I am_kill : [0,6362,com.sec.android.provider.emergencymode,906,DHA:empty #21]
03-14 14:38:53.290 10054  6934  7078 I google_http_request: [30,-1,Android-Finsky/13.5.56-all%20%5B0%5D%20%5BPR%5D%20233508088 (api=3,versionCode=81355600,sdk=28,device=j6primelte,hardware=qcom,product=j6primelteub,platformVersionRelease=9,model=SM-J610G,buildId=PPR1.180610.011,isWideScreen=0,supportedAbis=armeabi-v7a;armeabi),0]
03-14 14:38:53.298  1000  1261  2203 I am_proc_died: [0,6362,com.sec.android.provider.emergencymode,906,18,81,1410]
03-14 14:38:53.299  1000  1261  2203 I am_uid_stopped: 10146
03-14 14:38:53.377 10054  6934  7077 I dvm_lock_sample: [com.android.vending,0,AsyncTask #1,2822,SourceFile,28,int com.google.android.finsky.ec.a.a.a.b(),-,-1,com.google.android.gms.phenotype.core.a.a.l com.google.android.gms.phenotype.core.a.a.k.a(android.content.Context, com.google.android.gms.phenotype.core.common.b, com.google.f.b.b, java.lang.String),100]
03-14 14:38:53.384  1000  1261  1298 I am_pss  : [6794,1000,android:drmService,4349952,0,16384,0,0,9,13]
03-14 14:38:53.439  1000  1261  1298 I am_pss  : [6815,10049,com.android.managedprovisioning,5339136,0,18432,0,0,18,11]
03-14 14:38:53.468  1000  1261  1298 I am_pss  : [6763,10183,com.samsung.android.app.notes,30759936,0,17408,0,0,18,13]
03-14 14:38:53.689  1000  1261  1298 I am_pss  : [6832,10059,com.android.providers.calendar,7646208,0,17408,0,0,18,12]
03-14 14:38:53.716 10054  6934  7077 I google_http_request: [5,-1,Android-Finsky/13.5.56-all%20%5B0%5D%20%5BPR%5D%20233508088 (api=3,versionCode=81355600,sdk=28,device=j6primelte,hardware=qcom,product=j6primelteub,platformVersionRelease=9,model=SM-J610G,buildId=PPR1.180610.011,isWideScreen=0,supportedAbis=armeabi-v7a;armeabi),0]
03-14 14:38:53.804 10054  6934  7119 I dvm_lock_sample: [com.android.vending,0,AsyncTask #3,2459,SourceFile,28,int com.google.android.finsky.ec.a.a.a.b(),-,28,int com.google.android.finsky.ec.a.a.a.b(),100]
03-14 14:38:54.075  1000  1261  1298 I am_pss  : [6380,10180,com.sec.android.app.sbrowser,22159360,0,16384,0,0,18,12]
03-14 14:38:54.209  1000  1261  1261 I am_uid_running: 10047
03-14 14:38:54.225  1000  1261  1812 I am_uid_running: 10167
03-14 14:38:54.271 10054  6934  7119 I google_http_request: [9,-1,Android-Finsky/13.5.56-all%20%5B0%5D%20%5BPR%5D%20233508088 (api=3,versionCode=81355600,sdk=28,device=j6primelte,hardware=qcom,product=j6primelteub,platformVersionRelease=9,model=SM-J610G,buildId=PPR1.180610.011,isWideScreen=0,supportedAbis=armeabi-v7a;armeabi),0]
03-14 14:38:54.274  1000  1261  1812 I am_kill : [0,6380,com.sec.android.app.sbrowser,906,DHA:empty #21]
03-14 14:38:54.286  1000  1261  1301 I am_proc_start: [0,7425,10047,com.samsung.android.kgclient,service,com.samsung.android.kgclient/.alarm.AlarmService]
03-14 14:38:54.373  1000  1261  2205 I am_proc_died: [0,6380,com.sec.android.app.sbrowser,906,18,81,1413]
03-14 14:38:54.376  1000  1261  2205 I am_uid_stopped: 10180
03-14 14:38:54.448  1000  1261  1301 I am_proc_start: [0,7440,10167,com.google.android.gm,broadcast,com.google.android.gm/.GoogleMailDeviceStartupReceiver]
03-14 14:38:54.452  1000  1261  1292 I am_proc_bound: [0,7425,com.samsung.android.kgclient]
03-14 14:38:54.561  1000  1261  3140 I am_proc_bound: [0,7440,com.google.android.gm]
03-14 14:38:54.727  1000  1261  1298 I am_pss  : [6408,1000,com.sec.modem.settings,4538368,0,17408,0,0,18,12]
03-14 14:38:55.151  1000  1261  1298 I am_pss  : [6876,10072,com.android.settings.intelligence,17159168,0,18432,0,0,9,14]
03-14 14:38:55.792  1000  1261  3043 I power_partial_wake_state: [256,fiid-sync:com.samsung.android.fmm]
03-14 14:38:55.967  1000  1261  1812 I am_kill : [0,6408,com.sec.modem.settings,906,DHA:empty #21]
03-14 14:38:56.078  1000  1261  3043 I am_proc_died: [0,6408,com.sec.modem.settings,906,18,76,1408]
03-14 14:38:56.980  1000  1261  1298 I am_pss  : [6438,1000,com.qti.diagservices,4511744,0,19456,0,0,9,13]
03-14 14:38:57.230  1000  1261  1812 I am_uid_active: 10054
03-14 14:38:57.514  1000  1261  1298 I am_pss  : [6478,1001,com.sec.android.AutoPreconfig,4254720,0,18432,0,0,18,12]
03-14 14:38:57.619  1000  1261  1261 I notification_enqueue: [10054,6934,com.android.vending,42864,NULL,0,Notification(channel=8.device-setup pri=0 contentView=null vibrate=null sound=null defaults=0x0 flags=0x142 color=0xff607d8b vis=PRIVATE semFlags=0x0 semPriority=0 semMissedCount=0),0,NULL]
03-14 14:38:57.892  1000  1261  6655 I am_uid_running: 10045
03-14 14:38:58.273  1000  1261  1261 I notification_cancel: [10054,6934,com.android.vending,10436,NULL,0,0,1088,8,NULL]
03-14 14:38:59.667  1000  1261  1300 I dvm_lock_sample: [system_server,1,android.ui,1698,ActivityManagerService.java,6307,void com.android.server.am.ActivityManagerService.dispatchUidsChanged(),-,24858,android.content.ComponentName com.android.server.am.ActivityManagerService.startService(android.app.IApplicationThread, android.content.Intent, java.lang.String, boolean, java.lang.String, int),100]
03-14 14:38:59.668  1000  1261  1301 I dvm_lock_sample: [system_server,1,ActivityManager:procStart,1694,ActivityManagerService.java,5736,void com.android.server.am.ActivityManagerService.lambda$startProcessLocked$0(com.android.server.am.ActivityManagerService, com.android.server.am.ProcessRecord, long, java.lang.String, java.lang.String, int[], int, int, java.lang.String, java.lang.String),-,24858,android.content.ComponentName com.android.server.am.ActivityManagerService.startService(android.app.IApplicationThread, android.content.Intent, java.lang.String, boolean, java.lang.String, int),100]
03-14 14:38:59.670  1000  1261  1301 I am_proc_start: [0,7527,10045,com.samsung.klmsagent,service,com.samsung.klmsagent/.service.KLMDebugService]
03-14 14:38:59.673  1000  1261  2205 I dvm_lock_sample: [system_server,1,Binder:1261_D,1621,ActivityManagerService.java,10046,void com.android.server.am.ActivityManagerService.attachApplication(android.app.IApplicationThread, long),-,20779,void com.android.server.am.ActivityManagerService.doDump(java.io.FileDescriptor, java.io.PrintWriter, java.lang.String[], boolean),100]
03-14 14:38:59.674  1000  1261  2203 I dvm_lock_sample: [system_server,1,Binder:1261_C,1619,ActivityManagerService.java,16237,boolean com.android.server.am.ActivityManagerService.refContentProvider(android.os.IBinder, int, int),-,20779,void com.android.server.am.ActivityManagerService.doDump(java.io.FileDescriptor, java.io.PrintWriter, java.lang.String[], boolean),100]
03-14 14:38:59.675  1000  1261  2205 I am_proc_bound: [0,7527,com.samsung.klmsagent]
03-14 14:38:59.752  1000  1261  1544 I dvm_lock_sample: [system_server,0,Binder:1261_3,1695,ActivityManagerService.java,25074,void com.android.server.am.ActivityManagerService.serviceDoneExecuting(android.os.IBinder, int, int, int),-,20779,void com.android.server.am.ActivityManagerService.doDump(java.io.FileDescriptor, java.io.PrintWriter, java.lang.String[], boolean),100]
03-14 14:38:59.753  1000  1261  1299 I dvm_lock_sample: [system_server,1,ActivityManager,1586,ActivityManagerService.java,30820,void com.android.server.am.ActivityManagerService.idleUids(),-,20779,void com.android.server.am.ActivityManagerService.doDump(java.io.FileDescriptor, java.io.PrintWriter, java.lang.String[], boolean),100]
03-14 14:38:59.756  1000  1261  3795 I dvm_lock_sample: [system_server,1,Binder:1261_14,1561,ActivityManagerService.java,26634,int com.android.server.am.ActivityManagerService.broadcastIntent(android.app.IApplicationThread, android.content.Intent, java.lang.String, android.content.IIntentReceiver, int, java.lang.String, android.os.Bundle, java.lang.String[], int, android.os.Bundle, boolean, boolean, int),-,20779,void com.android.server.am.ActivityManagerService.doDump(java.io.FileDescriptor, java.io.PrintWriter, java.lang.String[], boolean),100]
03-14 14:38:59.839  1000  1261  1301 I am_proc_start: [0,7567,1000,com.samsung.android.da.daagent,service,com.samsung.android.da.daagent/.service.DADebugService]
03-14 14:38:59.841  1000  1261  1299 I am_uid_idle: 10021
03-14 14:38:59.858  1000  1261  1801 I am_proc_bound: [0,7567,com.samsung.android.da.daagent]
03-14 14:39:00.131  1000  1261  1298 I am_pss  : [6493,10163,com.sec.android.daemonapp,17904640,0,16384,0,0,18,12]
03-14 14:39:00.276  1000  1261  1741 I power_partial_wake_state: [7,*telephony-radio*:com.android.phone]
03-14 14:39:01.292  1000  1261  1812 I power_partial_wake_state: [8,*telephony-radio*:com.android.phone]
03-14 14:39:01.305 radio  2479  4283 I service_manager_stats: [100,211,138609]
03-14 14:39:01.378  1000  1261  2205 I power_partial_wake_state: [6389,*job*/com.samsung.android.kgclient/.alarm.AlarmService:android]
03-14 14:39:01.547  1000  1261  2205 I power_partial_wake_state: [6850,fiid-sync:com.samsung.android.kgclient]
03-14 14:39:01.569  1000  1261  3140 I commit_sys_config_file: [sync-status,22]
03-14 14:39:01.814  1000  1261  1298 I am_pss  : [3867,10090,com.google.android.googlequicksearchbox:search,43210752,0,16384,0,0,9,16]
03-14 14:39:02.370  1000  1261  1298 I am_pss  : [7122,1002,system,4540416,0,17408,0,0,9,12]
03-14 14:39:02.376  1000  1261  1261 I notification_cancel: [10167,7440,com.google.android.gm,10436,NULL,0,0,1088,8,NULL]
03-14 14:39:02.438  1000  1261  1298 I am_pss  : [6542,1000,com.sec.android.app.servicemodeapp,4685824,0,17408,0,0,18,10]
03-14 14:39:02.858  1000  1261  1261 I notification_cancel: [1000,1261,com.android.vending,42864,NULL,0,0,0,8,NULL]
03-14 14:39:02.863  1000  1261  1261 I sysui_multi_action: [757,128,758,5,759,8,793,5248,794,0,795,5248,796,42864,806,com.android.vending,857,8.device-setup,858,2,947,0]
03-14 14:39:02.864  1000  1261  1261 I notification_canceled: [0|com.android.vending|42864|null|10054,8,5248,5248,0,-1,-1,NULL]
03-14 14:39:03.017  1000  1261  2108 I service_manager_slow: [12,device_policy]
03-14 14:39:03.165  1000  1261  3795 I power_partial_wake_state: [789,*job*/com.google.android.gm/.job.GoogleMailWidgetAndShortcutSwitchJob$GoogleMailWidgetAndShortcutSwitchJobService:android]
03-14 14:39:03.277  1000  1261  1298 I am_pss  : [6934,10054,com.android.vending,36663296,0,16384,0,0,7,15]
03-14 14:39:04.605  1000  1261  1310 I service_manager_stats: [100,154,29146]
03-14 14:39:04.627  1000  1261  1292 I power_partial_wake_state: [1269,FlushLogs:com.android.vending]
03-14 14:39:05.934  1000  1261  3043 I power_partial_wake_state: [252,IntentOp:.common.broadcast.BackgroundBroadcastReceiverSupport$GmsReceiverIntentOperation:com.google.android.gms]
03-14 14:39:05.966  1000  1261  3140 I power_partial_wake_state: [147,IntentOp:.common.broadcast.BackgroundBroadcastReceiverSupport$PersistentReceiverIntentOperation:com.google.android.gms]
