03-14 14:41:23.020  1000  1261  1298 I am_pss  : [10266,1000,com.samsung.android.spdclient,7937024,0,62464,0,0,18,13]
03-14 14:41:23.154  1000  1261  3795 I service_manager_slow: [11,device_policy]
03-14 14:41:23.488  1000  1261  3140 I sysui_multi_action: [757,128,758,2,793,7464,794,5035,795,7464,796,2,798,0,806,com.sec.android.app.servicemodeapp,857,servicemodeapp,858,4,947,0,1395,3]
03-14 14:41:23.489  1000  1261  3140 I notification_visibility: [0|com.sec.android.app.servicemodeapp|2|null|1000,0,7464,7464,0,0]
03-14 14:41:23.512  1000  1261  3140 I sysui_view_visibility: [127,0]
03-14 14:41:23.512  1000  1261  3140 I sysui_multi_action: [757,127,758,2]
03-14 14:41:23.512  1000  1261  3140 I notification_panel_hidden: 
03-14 14:41:23.519  1000  1261  1298 I am_pss  : [10414,10054,com.android.vending,36861952,0,62464,0,0,7,16]
03-14 14:41:23.757  1000  1261  1298 I am_pss  : [10429,10068,com.samsung.android.timezone.updater,3673088,0,72704,0,0,18,12]
03-14 14:41:23.807  1000  1261  3140 I am_uid_running: 10154
03-14 14:41:23.867 10054 10414 10600 I google_http_request: [275,-1,Android-Finsky/13.5.56-all%20%5B0%5D%20%5BPR%5D%20233508088 (api=3,versionCode=81355600,sdk=28,device=j6primelte,hardware=qcom,product=j6primelteub,platformVersionRelease=9,model=SM-J610G,buildId=PPR1.180610.011,isWideScreen=0,supportedAbis=armeabi-v7a;armeabi),0]
03-14 14:41:23.885  1000  1261  6655 I power_partial_wake_state: [9,*job*/com.sec.android.soagent/.NetworkJobService:android]
03-14 14:41:23.951 10054 10414 10669 I dvm_lock_sample: [com.android.vending,0,AsyncTask #3,1506,SourceFile,665,void com.google.android.gms.phenotype.core.b.a.a(java.util.Set, java.util.List, java.lang.String, int, java.lang.String, boolean, com.google.wireless.android.b.b.a.m, android.support.v4.g.a, boolean),-,1,com.google.protobuf.dr com.google.protobuf.dr.a(int),100]
03-14 14:41:24.034  1000  1261  1301 I am_proc_start: [0,11069,10154,com.sec.enterprise.knox.cloudmdm.smdms,broadcast,com.sec.enterprise.knox.cloudmdm.smdms/.core.CoreReceiver]
03-14 14:41:24.049  1000  1261  8407 I am_proc_bound: [0,11069,com.sec.enterprise.knox.cloudmdm.smdms]
03-14 14:41:24.465 10054 10414 10669 I google_http_request: [8,-1,Android-Finsky/13.5.56-all%20%5B0%5D%20%5BPR%5D%20233508088 (api=3,versionCode=81355600,sdk=28,device=j6primelte,hardware=qcom,product=j6primelteub,platformVersionRelease=9,model=SM-J610G,buildId=PPR1.180610.011,isWideScreen=0,supportedAbis=armeabi-v7a;armeabi),0]
03-14 14:41:24.476  1000  1261  1311 I commit_sys_config_file: [jobs,59]
03-14 14:41:24.573 10054 10414 10599 I dvm_lock_sample: [com.android.vending,0,AsyncTask #1,3329,SourceFile,28,int com.google.android.finsky.ec.a.a.a.b(),-,-1,com.google.android.gms.phenotype.core.a.a.l com.google.android.gms.phenotype.core.a.a.k.a(android.content.Context, com.google.android.gms.phenotype.core.common.b, com.google.f.b.b, java.lang.String),100]
03-14 14:41:24.928 10054 10414 10599 I google_http_request: [7,-1,Android-Finsky/13.5.56-all%20%5B0%5D%20%5BPR%5D%20233508088 (api=3,versionCode=81355600,sdk=28,device=j6primelte,hardware=qcom,product=j6primelteub,platformVersionRelease=9,model=SM-J610G,buildId=PPR1.180610.011,isWideScreen=0,supportedAbis=armeabi-v7a;armeabi),0]
03-14 14:41:24.934  1000  1261  2108 I am_kill : [0,10085,com.samsung.android.rubin.app,906,DHA:empty #21]
03-14 14:41:24.983  1000  1261  3050 I am_kill : [0,10140,com.samsung.android.scloud,906,DHA:empty #21]
03-14 14:41:25.064  1000  1261  6655 I am_proc_died: [0,10085,com.samsung.android.rubin.app,906,18,92,1372]
03-14 14:41:25.069  1000  1261  6655 I am_uid_stopped: 5010
03-14 14:41:25.150  1000  1261  3795 I am_proc_died: [0,10140,com.samsung.android.scloud,906,18,93,1373]
03-14 14:41:25.153  1000  1261  3795 I am_uid_stopped: 5009
03-14 14:41:25.294  1000  1261  1301 I am_proc_start: [0,11095,1000,com.sec.mldapchecker,broadcast,com.sec.mldapchecker/.UltraKeyStringBroadcastReceiver]
03-14 14:41:25.403  1000  1261  6655 I am_proc_bound: [0,11095,com.sec.mldapchecker]
03-14 14:41:25.449 10054 10414 10600 I google_http_request: [6,-1,Android-Finsky/13.5.56-all%20%5B0%5D%20%5BPR%5D%20233508088 (api=3,versionCode=81355600,sdk=28,device=j6primelte,hardware=qcom,product=j6primelteub,platformVersionRelease=9,model=SM-J610G,buildId=PPR1.180610.011,isWideScreen=0,supportedAbis=armeabi-v7a;armeabi),0]
03-14 14:41:25.515  1000  1261  1298 I am_pss  : [10456,1000,com.sec.android.app.bluetoothtest,3695616,0,72704,0,0,18,12]
03-14 14:41:25.798  1000  1261  1298 I am_pss  : [10473,10060,com.sec.android.app.camera,10952704,0,66560,0,0,18,14]
03-14 14:41:25.877  1000  1261  3795 I power_partial_wake_state: [2,b:com.sec.spp.push]
03-14 14:41:25.906  1000  1261  6655 I am_kill : [0,9888,com.samsung.android.sm.devicesecurity,906,DHA:empty #21]
03-14 14:41:25.945 10054 10414 10669 I google_http_request: [15,-1,Android-Finsky/13.5.56-all%20%5B0%5D%20%5BPR%5D%20233508088 (api=3,versionCode=81355600,sdk=28,device=j6primelte,hardware=qcom,product=j6primelteub,platformVersionRelease=9,model=SM-J610G,buildId=PPR1.180610.011,isWideScreen=0,supportedAbis=armeabi-v7a;armeabi),0]
03-14 14:41:25.958  1000  1261  3050 I am_proc_died: [0,9888,com.samsung.android.sm.devicesecurity,906,18,93,1374]
03-14 14:41:25.961  1000  1261  3050 I am_uid_stopped: 5012
03-14 14:41:26.096  1000  1261  2108 I am_uid_running: 10160
03-14 14:41:26.177  1000  1261  1301 I am_proc_start: [0,11113,10160,com.sec.unifiedwfc,broadcast,com.sec.unifiedwfc/com.sprint.ms.smf.ConfigurationReceiver]
03-14 14:41:26.253  1000  1261  2108 I am_proc_bound: [0,11113,com.sec.unifiedwfc]
03-14 14:41:26.937  1000  1261  1800 I am_kill : [0,10038,com.google.android.apps.turbo:aab,906,DHA:empty #21]
03-14 14:41:27.004  1000  1261  1301 I am_proc_start: [0,11133,1000,com.sec.usbsettings,broadcast,com.sec.usbsettings/.UltraKeyStringBroadcastReceiver]
03-14 14:41:27.150  1000  1261  8072 I am_proc_bound: [0,11133,com.sec.usbsettings]
03-14 14:41:27.217  1000  1261  1800 I am_proc_died: [0,10038,com.google.android.apps.turbo:aab,906,18,88,1376]
03-14 14:41:27.220  1000  1261  1800 I am_uid_stopped: 10088
03-14 14:41:27.372  1000  1261  1800 I am_kill : [0,10359,com.samsung.android.themestore,906,DHA:empty #21]
03-14 14:41:27.380  1000  1261  1298 I am_pss  : [10499,10101,com.sec.android.app.clockpackage,11267072,0,65536,0,0,18,14]
03-14 14:41:27.437  1000  1261  1301 I am_proc_start: [0,11149,1000,com.skms.android.agent,broadcast,com.skms.android.agent/.eSEStateCheckReceiver]
03-14 14:41:27.460  1000  1261  8072 I am_proc_died: [0,10359,com.samsung.android.themestore,906,18,92,1377]
03-14 14:41:27.462  1000  1261  8072 I am_uid_stopped: 10085
03-14 14:41:27.545  1000  1261  1741 I am_proc_bound: [0,11149,com.skms.android.agent]
03-14 14:41:27.792  1000  1261  8072 I am_uid_active: 10054
03-14 14:41:27.866  1000  1261  1741 I am_kill : [0,10266,com.samsung.android.spdclient,906,DHA:empty #21]
03-14 14:41:27.955  1000  1261  1301 I am_proc_start: [0,11166,1000,com.wssyncmldm,broadcast,com.wssyncmldm/com.samsung.android.app.fotaclient.receiver.BootReceiver]
03-14 14:41:28.038  1000  1261  8072 I power_partial_wake_state: [75,*job*/com.sec.unifiedwfc/com.sprint.ms.smf.configuration.ConfigurationJobService:android]
03-14 14:41:28.108  1000  1261  1800 I am_proc_bound: [0,11166,com.wssyncmldm]
03-14 14:41:28.236  1000  1261  5967 I am_proc_died: [0,10266,com.samsung.android.spdclient,906,18,88,1378]
03-14 14:41:28.395  1000  1261  1261 I notification_cancel: [10054,10414,com.android.vending,10436,NULL,0,0,1088,8,NULL]
03-14 14:41:28.411  1000  1261  1261 I notification_enqueue: [10054,10414,com.android.vending,42864,NULL,0,Notification(channel=8.device-setup pri=0 contentView=null vibrate=null sound=null defaults=0x0 flags=0x142 color=0xff607d8b vis=PRIVATE semFlags=0x0 semPriority=0 semMissedCount=0),0,NULL]
03-14 14:41:28.659  1000  1261  1298 I am_pss  : [10535,1000,com.sec.android.app.factorykeystring,7334912,0,67584,0,0,18,13]
03-14 14:41:29.330 10054 10414 10646 I service_manager_slow: [62,isub]
03-14 14:41:29.597 radio  1706  2583 I service_manager_slow: [11,isub]
03-14 14:41:29.853  1000  1261  1800 I am_uid_running: 10183
03-14 14:41:30.068  1000  1261  8072 I power_partial_wake_state: [1219,fiid-sync:com.wssyncmldm]
03-14 14:41:30.071  1000  1261  1301 I am_proc_start: [0,11203,10183,com.samsung.android.app.notes,broadcast,com.samsung.android.app.notes/.data.reminder.ReminderManager]
03-14 14:41:30.212  1000  1261  1741 I am_proc_bound: [0,11203,com.samsung.android.app.notes]
03-14 14:41:30.303  1000  1261  1310 I service_manager_stats: [100,170,17795]
03-14 14:41:30.581  1000  1261  1261 I notification_cancel: [1000,1261,com.android.vending,42864,NULL,0,0,0,8,NULL]
03-14 14:41:30.582  1000  1261  1800 I power_partial_wake_state: [590,*job*/com.wssyncmldm/com.samsung.android.app.fotaclient.schedule.RegisterJobService:android]
03-14 14:41:30.585  1000  1261  1261 I sysui_multi_action: [757,128,758,5,759,8,793,2208,794,0,795,2208,796,42864,806,com.android.vending,857,8.device-setup,858,2,947,0]
03-14 14:41:30.585  1000  1261  1261 I notification_canceled: [0|com.android.vending|42864|null|10054,8,2208,2208,0,-1,-1,NULL]
03-14 14:41:30.984  1000 11166 11201 I service_manager_slow: [13,isub]
03-14 14:41:31.004  1000  1261  1298 I am_pss  : [9510,1000,com.android.settings,38489088,2371584,56320,0,0,14,16]
03-14 14:41:31.196  1000 11166 11224 I service_manager_slow: [15,isub]
03-14 14:41:31.203  1000  1261  1298 I am_pss  : [10580,10071,com.sec.android.app.myfiles,11876352,0,62464,0,0,18,13]
03-14 14:41:31.205  1000  1261  1301 I am_proc_start: [0,11226,1000,com.samsung.android.spdclient,service,com.samsung.android.spdclient/.process.register.RegisterJobService]
03-14 14:41:31.336  1000  1261  5967 I am_proc_bound: [0,11226,com.samsung.android.spdclient]
03-14 14:41:31.578  1000  1261  2108 I am_kill : [0,10429,com.samsung.android.timezone.updater,906,DHA:empty #21]
03-14 14:41:31.757  1000  1261  8072 I am_proc_died: [0,10429,com.samsung.android.timezone.updater,906,18,66,1401]
03-14 14:41:31.759  1000  1261  8072 I am_uid_stopped: 10068
03-14 14:41:31.908  1000  1261  8072 I am_kill : [0,9099,com.samsung.android.sdm.config,906,DHA:empty #21]
03-14 14:41:31.932  1000  1261  1301 I am_proc_start: [0,11244,10035,com.google.android.gms.unstable,service,com.google.android.gms/.droidguard.DroidGuardService]
03-14 14:41:31.940  1000  1261  1800 I am_proc_bound: [0,11244,com.google.android.gms.unstable]
03-14 14:41:32.208  1000  1261  1301 I am_proc_start: [0,11267,10179,com.samsung.android.email.provider:gateway,broadcast,com.samsung.android.email.provider/com.samsung.android.emailcommon.receiver.ExternalBroadcastGateway]
03-14 14:41:32.224  1000  1261  1301 I service_manager_slow: [15,iqi]
03-14 14:41:32.268 10179 11267 11267 I service_manager_slow: [58,activity]
03-14 14:41:32.371  1000  1261  5967 I am_kill : [0,10456,com.sec.android.app.bluetoothtest,906,DHA:empty #21]
03-14 14:41:32.381  1000  1261  1741 I am_proc_died: [0,9099,com.samsung.android.sdm.config,906,18,72,1399]
03-14 14:41:32.466  1000  1261  8072 I am_proc_bound: [0,11267,com.samsung.android.email.provider:gateway]
03-14 14:41:32.579  1000  1261  3795 I am_proc_died: [0,10456,com.sec.android.app.bluetoothtest,906,18,73,1400]
03-14 14:41:32.596  1000  1261  2108 I power_partial_wake_state: [364,*job*/com.samsung.android.spdclient/.process.register.RegisterJobService:android]
03-14 14:41:32.784  1000  1261  1298 I am_pss  : [10611,10032,com.sec.android.app.samsungapps,23256064,0,59392,0,0,18,14]
03-14 14:41:32.798  1000  1261  1261 I notification_enqueue: [1000,11226,com.samsung.android.spdclient,10,NULL,0,Notification(channel=SPD_CHANNEL pri=0 contentView=null vibrate=null sound=null defaults=0x0 flags=0x42 color=0x00000000 category=sys vis=PUBLIC semFlags=0x0 semPriority=0 semMissedCount=0),0,NULL]
03-14 14:41:32.819  1000  1261  1298 I am_pss  : [8979,1000,com.samsung.android.app.omcagent,13906944,0,60416,0,0,18,14]
03-14 14:41:32.894  1000  1261  3050 I power_partial_wake_state: [916,fiid-sync:com.samsung.android.spdclient]
03-14 14:41:33.474  1000  1261  2108 I am_kill : [0,10499,com.sec.android.app.clockpackage,906,DHA:empty #21]
03-14 14:41:33.645  1000  1261  2108 I am_proc_died: [0,10499,com.sec.android.app.clockpackage,906,18,77,1396]
03-14 14:41:33.649  1000  1261  2108 I am_uid_stopped: 10101
03-14 14:41:33.787  1000  1261  1301 I am_proc_start: [0,11296,1001,com.samsung.android.app.telephonyui,broadcast,com.samsung.android.app.telephonyui/.carrierui.networkui.app.NetworkUiReceiver]
03-14 14:41:33.796  1000  1261  3795 I am_proc_bound: [0,11296,com.samsung.android.app.telephonyui]
03-14 14:41:34.115  1000  1261  2203 I power_partial_wake_state: [20575,*job*/com.android.vending/com.google.android.finsky.scheduler.JobSchedulerEngine$PhoneskyJobSchedulerJobService:android]
03-14 14:41:34.255  1000  1261  8407 I power_partial_wake_state: [173,IntentOp:.common.broadcast.BackgroundBroadcastReceiverSupport$GmsReceiverIntentOperation:com.google.android.gms]
03-14 14:41:34.360  1000  1261  8407 I power_partial_wake_state: [196,IntentOp:.common.broadcast.BackgroundBroadcastReceiverSupport$PersistentReceiverIntentOperation:com.google.android.gms]
03-14 14:41:34.748  1000  1261  2108 I am_kill : [0,10535,com.sec.android.app.factorykeystring,906,DHA:empty #21]
03-14 14:41:34.933  1000  1261  2203 I am_kill : [0,10580,com.sec.android.app.myfiles,906,DHA:empty #21]
03-14 14:41:34.994  1000  1261  1261 I notification_cancel: [1000,1261,com.samsung.android.spdclient,10,NULL,0,0,0,8,NULL]
03-14 14:41:34.998  1000  1261  1261 I sysui_multi_action: [757,128,758,5,759,8,793,2208,794,0,795,2208,796,10,806,com.samsung.android.spdclient,857,SPD_CHANNEL,858,2,947,0]
03-14 14:41:34.999  1000  1261  1261 I notification_canceled: [0|com.samsung.android.spdclient|10|null|1000,8,2208,2208,0,-1,-1,NULL]
03-14 14:41:35.040  1000  1261  2108 I am_proc_died: [0,10535,com.sec.android.app.factorykeystring,906,18,77,1399]
03-14 14:41:35.202  1000  1261  1741 I am_kill : [0,8979,com.samsung.android.app.omcagent,906,DHA:empty #21]
03-14 14:41:35.210  1000  1261  1298 I am_pss  : [10688,1000,com.samsung.android.stickercenter,4745216,0,67584,0,0,18,13]
03-14 14:41:35.212  1000  1261  1919 I am_proc_died: [0,10580,com.sec.android.app.myfiles,906,18,79,1399]
03-14 14:41:35.213  1000  1261  1919 I am_uid_stopped: 10071
03-14 14:41:35.348  1000  1261  5967 I am_proc_died: [0,8979,com.samsung.android.app.omcagent,906,18,84,1400]
03-14 14:41:35.834 radio 11296 11296 I service_manager_slow: [12,isub]
03-14 14:41:35.861  1000  1261  1298 I am_pss  : [10714,1000,com.sec.android.app.servicemodeapp,4822016,0,71680,0,0,18,12]
03-14 14:41:35.912  1000  1261  2203 I am_kill : [0,10688,com.samsung.android.stickercenter,906,DHA:empty #21]
03-14 14:41:35.989  1000  1261  5374 I am_proc_died: [0,5420,com.samsung.android.email.provider,902,18,93,1403]
03-14 14:41:35.992  1000  1261  1261 I notification_cancel: [10035,11244,com.google.android.gms,10436,NOT_MNC,0,0,1088,8,NULL]
03-14 14:41:35.993  1000  1261  1261 I notification_cancel: [10035,11244,com.google.android.gms,39789,NOT_MNC,0,0,1088,8,NULL]
03-14 14:41:36.135  1000  1261  1299 I am_uid_idle: 10115
03-14 14:41:36.139  1000  1261  6655 I am_proc_died: [0,10688,com.samsung.android.stickercenter,906,18,92,1403]
03-14 14:41:36.285  1000  1261  1301 I am_proc_start: [0,11333,1000,com.samsung.android.SettingsReceiver,broadcast,com.samsung.android.SettingsReceiver/.SettingsServiceReceiver]
03-14 14:41:36.368  1000  1261  1741 I am_proc_bound: [0,11333,com.samsung.android.SettingsReceiver]
03-14 14:41:36.685  1000  1261  2108 I am_uid_running: 10065
03-14 14:41:36.822  1000  1261  1301 I am_proc_start: [0,11348,10065,com.samsung.android.messaging,broadcast,com.samsung.android.messaging/.ui.receiver.cmas.CbCmasReceiver]
03-14 14:41:36.896  1000  1261  6655 I am_proc_bound: [0,11348,com.samsung.android.messaging]
03-14 14:41:37.093  1000  1261  1298 I am_pss  : [10742,1000,com.sec.android.app.wlandebugtool,4133888,0,73728,0,0,18,13]
03-14 14:41:37.265  1000  1261  1301 I am_proc_start: [0,11362,1000,com.samsung.android.app.omcagent,service,com.samsung.android.app.omcagent/.process.device.RegisterOMCJobService]
03-14 14:41:37.345  1000  1261  5967 I am_proc_bound: [0,11362,com.samsung.android.app.omcagent]
03-14 14:41:37.438  1000  1261  1298 I am_pss  : [3867,10090,com.google.android.googlequicksearchbox:search,85630976,5087232,57344,0,0,17,22]
03-14 14:41:38.167  1000  1261  1261 I commit_sys_config_file: [notification-policy,33]
03-14 14:41:38.208  1000  1261  1261 I commit_sys_config_file: [notification-policy,30]
03-14 14:41:38.236  1000  1261  1261 I commit_sys_config_file: [notification-policy,27]
03-14 14:41:38.415  1000  1261  1298 I am_pss  : [5962,10073,com.samsung.knox.securefolder,11510784,0,64512,0,0,9,14]
03-14 14:41:38.740  1000  1261  5374 I power_partial_wake_state: [978,fiid-sync:com.samsung.android.app.omcagent]
03-14 14:41:38.796  1000  1261  8386 I power_partial_wake_state: [329,*job*/com.samsung.android.app.omcagent/.process.device.RegisterOMCJobService:android]
03-14 14:41:39.536  1000  1261  1741 I am_kill : [0,10611,com.sec.android.app.samsungapps,906,DHA:empty #21]
03-14 14:41:39.586  1000  1261  6655 I am_proc_died: [0,10611,com.sec.android.app.samsungapps,906,18,106,1371]
03-14 14:41:39.601  1000  1261  6655 I am_uid_stopped: 10032
03-14 14:41:39.856  1000  1261  1298 I am_pss  : [10803,10163,com.sec.android.daemonapp,16661504,0,65536,0,0,18,13]
03-14 14:41:40.444  1000  1261  6655 I am_kill : [0,10714,com.sec.android.app.servicemodeapp,906,DHA:empty #21]
03-14 14:41:40.522  1000  1261  1919 I am_proc_died: [0,10714,com.sec.android.app.servicemodeapp,906,18,109,1373]
03-14 14:41:40.717  1000  1261  1301 I am_proc_start: [0,11420,10057,com.sec.spp.push:RemoteDlcProcess,broadcast,com.sec.spp.push/.dlc.util.DlcRegiReceiver]
03-14 14:41:40.832  1000  1261  8072 I am_proc_bound: [0,11420,com.sec.spp.push:RemoteDlcProcess]
03-14 14:41:40.843  1000  1261  1641 I battery_level: [58,3710,430]
03-14 14:41:41.284  1000  1261  1301 I am_proc_start: [0,11438,1000,com.samsung.android.lool,broadcast,com.samsung.android.lool/com.samsung.android.sm.battery.receiver.BatteryReceiver]
03-14 14:41:41.381  1000  1261  6655 I am_proc_bound: [0,11438,com.samsung.android.lool]
03-14 14:41:41.565  1000  1261  8386 I am_kill : [0,10742,com.sec.android.app.wlandebugtool,906,DHA:empty #21]
03-14 14:41:41.573  1000  1261  1298 I am_pss  : [10966,10015,com.sec.android.easyonehand,4840448,0,72704,0,0,18,12]
03-14 14:41:41.640  1000  1261  1741 I am_proc_died: [0,10742,com.sec.android.app.wlandebugtool,906,18,102,1375]
03-14 14:41:42.019  1000  1261  8386 I am_kill : [0,10803,com.sec.android.daemonapp,906,DHA:empty #21]
03-14 14:41:42.102  1000  1261  8386 I am_proc_died: [0,10803,com.sec.android.daemonapp,906,18,105,1376]
03-14 14:41:42.105  1000  1261  8386 I am_uid_stopped: 10163
03-14 14:41:42.315  1000  1261  1298 I am_pss  : [10886,1000,com.sec.android.diagmonagent,6745088,0,66560,0,0,9,12]
03-14 14:41:42.321  1000  1261  1299 I am_uid_running: 10163
03-14 14:41:42.464  1000  1261  1301 I am_proc_start: [0,11473,10163,com.sec.android.daemonapp,broadcast,com.sec.android.daemonapp/.receiver.AutoRefreshReceiver]
03-14 14:41:42.600  1000  1261  8072 I am_proc_bound: [0,11473,com.sec.android.daemonapp]
03-14 14:41:42.756  1000  1261  1301 I am_proc_start: [0,11488,1000,com.samsung.android.sm.provider,content provider,com.samsung.android.lool/com.samsung.android.sm.database.SmProvider]
03-14 14:41:42.824  1000  1261  8072 I am_proc_bound: [0,11488,com.samsung.android.sm.provider]
03-14 14:41:42.842 10010  2606  3011 I content_query_sample: contents_sample_state: [CONTACT contacts(0) data(0) accounts({}) accounts deleted({}) calls([logtype:100 cnt:2, logtype:1000 cnt:13]) countryIso(CL) userId(0)  ]\r
03-14 14:41:42.842 10010  2606  3011 I content_query_sample: contents_sample_state: [ agr({})  ]\r
03-14 14:41:42.842 10010  2606  3011 I content_query_sample: contents_sample_state: [ actCnt({com.samsung.android.dialer(4649)=7, android.process.acore(2606)=1, com.samsung.android.contacts(4827)=7})  ]\r
03-14 14:41:42.842 10010  2606  3011 I content_query_sample: contents_sample_state: [PROFILE contacts(0) data(0) accounts({})  ] [SAPROFILE contacts(1) data(1) accounts({vnd.sec.contact.phone (1)=1})  ]\r
03-14 14:41:42.842 10010  2606  3011 I content_query_sample: contents_sample_state: [STORAGE Contacts(CE) Profile(CE) SAProfile(CE) CallLog(CE)  ]
03-14 14:41:43.147  1000  1261  1314 I power_sleep_requested: 0
03-14 14:41:43.575  1000  1261  1314 I am_sleep_token: [0,1,ScreenOff]
03-14 14:41:43.650  1000  1261  1314 I am_pause_activity: [0,10490202,com.samsung.advp.imssettings/.MainActivity,userLeaving=false]
03-14 14:41:43.652  1000 10101 10101 I am_on_paused_called: [0,com.samsung.advp.imssettings.MainActivity,performPause]
03-14 14:41:43.906  1000  1261  1299 I am_stop_activity: [0,10490202,com.samsung.advp.imssettings/.MainActivity]
03-14 14:41:43.914  1000 10101 10101 I am_on_stop_called: [0,com.samsung.advp.imssettings.MainActivity,sleeping]
03-14 14:41:44.052  1000  1261  1261 I sysui_multi_action: [757,198,758,2,759,3]
03-14 14:41:44.052  1000  1261  1261 I power_screen_state: [0,3,0,0,0]
03-14 14:41:44.052  1000  1261  1261 I screen_toggled: 0
03-14 14:41:44.052  1000  1261  1261 I sysui_histogram: [screen_timeout,30]
03-14 14:41:44.053  1000  1261  1261 I sysui_multi_action: [757,804,799,screen_timeout,801,30,802,1]
03-14 14:41:44.054  1000  1261  1261 I power_screen_broadcast_send: 1
03-14 14:41:44.198  1000  1261  8378 I power_partial_wake_state: [549,ActivityManager-Sleep:android]
03-14 14:41:44.204  1000  1261  1301 I am_proc_start: [0,11516,10015,com.samsung.android.app.clockpack:provider,content provider,com.samsung.android.app.clockpack/.provider.LockContentProvider]
03-14 14:41:44.255  1000  1261  1919 I am_proc_bound: [0,11516,com.samsung.android.app.clockpack:provider]
03-14 14:41:44.379  1000  1261  1298 I am_pss  : [11069,10154,com.sec.enterprise.knox.cloudmdm.smdms,7257088,0,68608,0,0,18,14]
03-14 14:41:44.664  1000  1261  1800 I power_partial_wake_state: [32,*telephony-radio*:com.android.phone]
03-14 14:41:44.693  1000  1261  3140 I power_partial_wake_state: [43,*telephony-radio*:com.android.phone]
03-14 14:41:45.079  1000  1261  1586 I power_partial_wake_state: [0,motion_service:android]
03-14 14:41:45.173  1000  1261  1298 I am_pss  : [11020,1000,com.sec.android.soagent,6906880,0,64512,0,0,18,14]
03-14 14:41:45.227  1000  1261  1261 I am_uid_running: 10032
03-14 14:41:45.232  1000  1261  1261 I service_manager_stats: [100,178,14929]
03-14 14:41:45.352  1000  1261  1301 I am_proc_start: [0,11542,10032,com.sec.android.app.samsungapps,service,com.sec.android.app.samsungapps/.jobscheduling.PollJobService]
03-14 14:41:45.478  1000  1261  1812 I am_proc_bound: [0,11542,com.sec.android.app.samsungapps]
03-14 14:41:46.013  1000  1261  1298 I am_pss  : [11095,1000,com.sec.mldapchecker,4299776,0,68608,0,0,18,11]
03-14 14:41:46.112  1000  1261  1298 I am_pss  : [10473,10060,com.sec.android.app.camera,10442752,0,65536,0,0,18,13]
03-14 14:41:46.208  1000  1261  1299 I am_uid_running: 10145
03-14 14:41:46.322  1000  1261  1301 I am_proc_start: [0,11571,10145,com.samsung.android.calendar,broadcast,com.samsung.android.calendar/com.samsung.android.app.calendar.receiver.WeatherActionReceiver]
03-14 14:41:46.366  1000  1261  8386 I am_uid_running: 5012
03-14 14:41:46.386  1000  1261  1261 I device_idle: [1,no activity]
03-14 14:41:46.437  1000  1261  8407 I am_proc_bound: [0,11571,com.samsung.android.calendar]
03-14 14:41:46.438  1000  1261  1261 I device_idle_light: [1,no activity]
03-14 14:41:46.593  1000  1261  8382 I am_kill : [0,10900,com.google.process.gapps,906,DHA:empty #21]
03-14 14:41:46.639  1000  1261  1301 I am_proc_start: [0,11587,5012,com.samsung.android.sm.devicesecurity,content provider,com.samsung.android.sm.devicesecurity/.DeviceSecurityProvider]
03-14 14:41:46.643  1000  1261  8378 I am_proc_bound: [0,11587,com.samsung.android.sm.devicesecurity]
03-14 14:41:46.711  1000  1261  8378 I am_kill : [0,10966,com.sec.android.easyonehand,906,DHA:empty #21]
03-14 14:41:46.732  1000  1261  2108 I am_proc_died: [0,10900,com.google.process.gapps,906,18,78,1373]
03-14 14:41:46.840  1000  1261  8407 I am_proc_died: [0,10966,com.sec.android.easyonehand,906,18,79,1374]
03-14 14:41:47.083  1000  1261  1301 I am_proc_start: [0,11629,1000,com.samsung.android.stickercenter,content provider,com.samsung.android.stickercenter/.StickerProvider]
03-14 14:41:47.111  1000  1261  1261 I commit_sys_config_file: [notification-policy,36]
03-14 14:41:47.113  1000  1261  1261 I battery_saving_stats: [0,1,0,328700,20000,4,328700,20000,4]
03-14 14:41:47.230  1000  1261  3140 I am_proc_bound: [0,11629,com.samsung.android.stickercenter]
03-14 14:41:47.514  1000  1261  8386 I power_partial_wake_state: [129,*job*/com.sec.android.app.samsungapps/.jobscheduling.PollJobService:android]
03-14 14:41:47.592  1000  1261  1298 I am_pss  : [11133,1000,com.sec.usbsettings,3555328,0,70656,0,0,18,12]
03-14 14:41:47.678  1000  1261  2108 I am_kill : [0,11020,com.sec.android.soagent,906,DHA:empty #21]
03-14 14:41:47.810  1000  1261  8386 I am_uid_running: 10101
03-14 14:41:47.867  1000  1261  8407 I am_proc_died: [0,11020,com.sec.android.soagent,906,18,75,1376]
03-14 14:41:47.948  1000  1261  1298 I am_pss  : [11149,1000,com.skms.android.agent,3766272,0,71680,0,0,18,12]
03-14 14:41:47.949  1000  1261  1301 I am_proc_start: [0,11647,10101,com.sec.android.app.clockpackage,content provider,com.sec.android.app.clockpackage/.alarm.model.CelebVoiceProvider]
03-14 14:41:47.995  1000  1261  8407 I am_proc_bound: [0,11647,com.sec.android.app.clockpackage]
03-14 14:41:48.314  1000  1261  1298 I am_pss  : [11113,10160,com.sec.unifiedwfc,10071040,0,62464,0,0,18,14]
03-14 14:41:48.348  1000  1261  1919 I am_kill : [0,11095,com.sec.mldapchecker,906,DHA:empty #21]
03-14 14:41:48.351  1000  1261  1919 I am_kill : [0,11069,com.sec.enterprise.knox.cloudmdm.smdms,906,DHA:empty #21]
03-14 14:41:48.433  1000  1261  3140 I am_proc_died: [0,11095,com.sec.mldapchecker,906,18,76,1377]
03-14 14:41:48.505  1000  1261  8378 I am_proc_died: [0,11069,com.sec.enterprise.knox.cloudmdm.smdms,906,18,76,1377]
03-14 14:41:48.506  1000  1261  8378 I am_uid_stopped: 10154
03-14 14:41:48.856  1000  1261  3140 I power_partial_wake_state: [2,Wakeful StateMachine: GeofencerStateMachine:com.google.android.gms]
03-14 14:41:49.143  1000  1261  8378 I power_partial_wake_state: [8,NlpWakeLock:com.google.android.gms]
03-14 14:41:49.324  1000  1261  8382 I am_kill : [0,11133,com.sec.usbsettings,906,DHA:empty #21]
03-14 14:41:49.371  1000  1261  8378 I am_proc_died: [0,11133,com.sec.usbsettings,906,18,78,1379]
03-14 14:41:49.447  1000  1261  1261 I power_partial_wake_state: [208870,*alarm*:android]
03-14 14:41:49.710  1000  1261  8386 I power_partial_wake_state: [10,*telephony-radio*:com.android.phone]
03-14 14:41:49.765  1000  1261  1261 I power_partial_wake_state: [317,*alarm*:android]
03-14 14:41:49.815  1000  1261  1299 I am_uid_running: 10088
03-14 14:41:49.910  1000  1261  1261 I power_screen_broadcast_done: [0,5856,1]
03-14 14:41:49.987  1000  1261  1301 I am_proc_start: [0,11669,10088,com.google.android.apps.turbo,broadcast,com.google.android.apps.turbo/.nudges.broadcasts.BatteryStatusChangedReceiver]
03-14 14:41:50.228  1000  1261  3140 I am_sleep_token: [0,1,Keyguard]
03-14 14:41:50.247  1000  1261  8382 I am_proc_bound: [0,11669,com.google.android.apps.turbo]
03-14 14:41:50.314 10015  1744  1744 I sysui_view_visibility: [111,100]
03-14 14:41:50.315 10015  1744  1744 I sysui_multi_action: [757,111,758,1]
03-14 14:41:50.315 10015  1744  1744 I sysui_multi_action: [757,126,758,1,759,126,833,0,927,0,928,1]
03-14 14:41:50.315 10015  1744  1744 I sysui_multi_action: [757,5002,758,1,759,5002,833,0,927,1,928,1]
03-14 14:41:50.316 10015  1744  1744 I sysui_multi_action: [757,113,758,1,759,113,833,0,927,2,928,0]
03-14 14:41:50.316 10015  1744  1744 I sysui_multi_action: [757,123,758,1,759,123,833,0,927,3,928,1]
03-14 14:41:50.316 10015  1744  1744 I sysui_multi_action: [757,112,758,1,759,112,833,0,927,4,928,0]
03-14 14:41:50.317 10015  1744  1744 I sysui_multi_action: [757,119,758,1,759,119,833,0,927,5,928,0]
03-14 14:41:50.586  1000  1261  1299 I am_uid_idle: 10073
03-14 14:41:50.598 10015  1744  1744 I sysui_multi_action: [757,196,758,1,759,0]
03-14 14:41:50.598 10015  1744  1744 I sysui_status_bar_state: [1,1,0,0,0,1]
03-14 14:41:50.628  1000  1261  8378 I power_partial_wake_state: [676,show keyguard:com.android.systemui]
03-14 14:41:50.872  1000  1261  1312 I user_activity_timeout_override: 10000
03-14 14:41:50.942  1000  1261  1919 I power_partial_wake_state: [236,IntentOp:.common.broadcast.BackgroundBroadcastReceiverSupport$GmsReceiverIntentOperation:com.google.android.gms]
03-14 14:41:50.954  1000  1261  3140 I power_partial_wake_state: [173,IntentOp:.common.broadcast.BackgroundBroadcastReceiverSupport$PersistentReceiverIntentOperation:com.google.android.gms]
03-14 14:41:51.068  1000  1261  1298 I am_pss  : [11203,10183,com.samsung.android.app.notes,19226624,0,65536,0,0,18,14]
03-14 14:41:51.444  1000  1261  5967 I power_partial_wake_state: [7,*telephony-radio*:com.android.phone]
03-14 14:41:51.547  1000  1261  5967 I am_kill : [0,11149,com.skms.android.agent,906,DHA:empty #21]
03-14 14:41:51.642  1000  1261  8386 I am_proc_died: [0,11149,com.skms.android.agent,906,18,77,1368]
03-14 14:41:52.286  1000  1261  1301 I am_proc_start: [0,11707,1000,com.samsung.android.dqagent,service,com.samsung.android.dqagent/.scheduler.service.UploadJobService]
03-14 14:41:52.290  1000  1261  5967 I am_proc_bound: [0,11707,com.samsung.android.dqagent]
03-14 14:41:52.441  1000  1261  1299 I am_uid_running: 10009
03-14 14:41:52.617  1000  1261  1298 I am_pss  : [11166,1000,com.wssyncmldm,13122560,0,59392,0,0,18,15]
03-14 14:41:52.619  1000  1261  1301 I am_proc_start: [0,11722,10009,com.sec.android.provider.badge,broadcast,com.sec.android.provider.badge/.BadgeCountReceiver]
03-14 14:41:52.627  1000  1261  1919 I am_proc_bound: [0,11722,com.sec.android.provider.badge]
03-14 14:41:52.705  1000  1261  1298 I am_pss  : [11267,10179,com.samsung.android.email.provider:gateway,18984960,0,65536,0,0,18,13]
03-14 14:41:53.032  1000  1261  1261 I power_partial_wake_state: [3266,*alarm*:android]
03-14 14:41:53.080 10035  3077 11743 I gtalk_connection: 16777984
03-14 14:41:53.219  1000  1261  2651 I power_partial_wake_state: [3,*telephony-radio*:com.android.phone]
03-14 14:41:53.236  1000  1261  3140 I power_partial_wake_state: [16,*telephony-radio*:com.android.phone]
03-14 14:41:53.244  1000  1261  8382 I power_partial_wake_state: [7,*telephony-radio*:com.android.phone]
03-14 14:41:53.251  1000  1261  3140 I power_partial_wake_state: [13,*telephony-radio*:com.android.phone]
03-14 14:41:53.268  1000  1261  5967 I am_uid_active: 10009
03-14 14:41:53.390  1000  1261  1800 I power_partial_wake_state: [387,GCM_CONN_ALARM:com.google.android.gms]
03-14 14:41:53.392 10035  3077 11746 I gtalk_connection: 16778239
03-14 14:41:53.489  1000  1261  2108 I power_partial_wake_state: [414,*job*/com.samsung.android.dqagent/.scheduler.service.UploadJobService:android]
03-14 14:41:53.510  1000  1261  1812 I am_uid_running: 10062
03-14 14:41:53.616  1000  1261  8382 I power_partial_wake_state: [152,IntentOp:.common.broadcast.BackgroundBroadcastReceiverSupport$PersistentReceiverIntentOperation:com.google.android.gms]
03-14 14:41:53.793  1000  1261  1301 I am_proc_start: [0,11759,10062,com.samsung.android.mobileservice,broadcast,com.samsung.android.mobileservice/com.samsung.android.samsungaccount.profile.contact.ContactChangeReceiver]
03-14 14:41:53.809 10010  2606  5304 I content_query_sample: contents_sample_openasset: [ uri = content://com.android.contacts/profile/display_photo(usr:0), pkg = com.android.settings(9510), prj = null, sel = mode = r [for debug], selArg = null, so = null, cv = null, dur = 88, ret = null, trw = true ], db = profile_sa.db
03-14 14:41:53.997  1000  1261  1812 I am_proc_bound: [0,11759,com.samsung.android.mobileservice]
03-14 14:41:54.131 10010  2606  5304 I content_query_sample: contents_sample_query: [ uri = content://com.android.contacts/profile/photo(usr:0), pkg = com.android.settings(9510), prj = [data15], sel = null, selArg = null, so = null, cv = null, dur = 135, ret = 0, trw = false ], db = profile_sa.db
03-14 14:41:54.196  1000  1261  1311 I commit_sys_config_file: [jobs,39]
03-14 14:41:54.397  1000  1261  1919 I am_uid_active: 10010
03-14 14:41:54.401 10010  2606  5304 I content_query_sample: contents_sample_query: [ uri = content://com.android.contacts/profile(usr:0), pkg = com.android.systemui(1744), prj = [_id, display_name], sel = null, selArg = null, so = null, cv = null, dur = 35, ret = 1, trw = false ], db = profile_sa.db
03-14 14:41:54.405 10010  2606  5010 I content_query_sample: contents_sample_query: [ uri = content://com.android.contacts/profile(usr:0), pkg = com.android.settings(9510), prj = [display_name], sel = null, selArg = null, so = null, cv = null, dur = 50, ret = 1, trw = false ], db = profile_sa.db
03-14 14:41:54.708  1000  1261  3140 I am_kill : [0,11203,com.samsung.android.app.notes,906,DHA:empty #21]
03-14 14:41:54.840  1000  1261  1919 I am_proc_died: [0,11203,com.samsung.android.app.notes,906,18,73,1358]
03-14 14:41:54.843  1000  1261  1919 I am_uid_stopped: 10183
03-14 14:41:55.119  1000  1261  1298 I am_pss  : [10414,10054,com.android.vending,34665472,0,60416,0,0,18,17]
03-14 14:41:55.313 10035  3778 11781 I aggregation: 1552585315313
03-14 14:41:55.329  1000  1261  1800 I power_partial_wake_state: [1882,*net_scheduler*:com.google.android.gms]
03-14 14:41:55.359  1000  1261  1298 I am_pss  : [11226,1000,com.samsung.android.spdclient,7699456,0,63488,0,0,18,13]
03-14 14:41:55.475  1000  1261  1261 I am_uid_running: 10047
03-14 14:41:55.523  1000  1261  5967 I power_partial_wake_state: [182,*net_scheduler*:com.google.android.gms]
03-14 14:41:55.530  1000  1261  5967 I power_partial_wake_state: [407,*net_scheduler*:com.google.android.gms]
03-14 14:41:55.537  1000  1261  1301 I am_proc_start: [0,11789,10047,com.samsung.android.kgclient,service,com.samsung.android.kgclient/.alarm.AlarmService]
03-14 14:41:55.682  1000  1261  1919 I am_proc_bound: [0,11789,com.samsung.android.kgclient]
03-14 14:41:55.705 10035  3778 11781 I gms_unknown: [132,413]
03-14 14:41:55.761 radio  1706  2583 I service_manager_stats: [100,241,39687]
03-14 14:41:56.106  1000  1261  1310 I service_manager_stats: [100,150,10874]
03-14 14:41:56.581  1000  1261  8378 I power_partial_wake_state: [100,*job*/com.samsung.android.kgclient/.alarm.AlarmService:android]
03-14 14:41:56.692  1000  1261  1298 I am_pss  : [11333,1000,com.samsung.android.SettingsReceiver,3851264,0,70656,0,0,18,12]
03-14 14:41:56.703  1000  1261  1800 I power_partial_wake_state: [1135,*net_scheduler*:com.google.android.gms]
03-14 14:41:56.708  1000  1261  5967 I power_partial_wake_state: [407,*net_scheduler*:com.google.android.gms]
03-14 14:41:56.738  1000  1261  1800 I power_partial_wake_state: [25,*net_scheduler*:com.google.android.gms]
03-14 14:41:56.753  1000  1261  3140 I power_partial_wake_state: [715,fiid-sync:com.samsung.android.kgclient]
03-14 14:41:57.226  1000  1261  1800 I power_partial_wake_state: [134,IntentOp:.common.broadcast.BackgroundBroadcastReceiverSupport$GmsReceiverIntentOperation:com.google.android.gms]
03-14 14:41:57.298  1000  1261  8386 I power_partial_wake_state: [125,IntentOp:.common.broadcast.BackgroundBroadcastReceiverSupport$PersistentReceiverIntentOperation:com.google.android.gms]
03-14 14:41:57.362  1000  1261  1298 I am_pss  : [11348,10065,com.samsung.android.messaging,28723200,0,61440,0,0,18,15]
03-14 14:41:57.393 10035  3778 11781 I gms_unknown: [5,0,1552585169135]
03-14 14:41:57.404  1000  1261  1812 I power_partial_wake_state: [661,*net_scheduler*:com.google.android.gms]
03-14 14:41:57.703  1000  1261  2203 I power_partial_wake_state: [248,*net_scheduler*:com.google.android.gms]
03-14 14:41:57.941  1000  1261  1261 I power_partial_wake_state: [4908,*alarm*:android]
03-14 14:41:57.992  1000  1261  1937 I power_partial_wake_state: [173,NetworkTimeUpdateService:android]
03-14 14:41:58.003  1000  1261  1261 I power_partial_wake_state: [61,*alarm*:android]
03-14 14:41:58.092 10035  3778 11781 I gms_unknown: 7
03-14 14:41:58.141 10035  3778 11781 I gms_unknown: 8
03-14 14:41:58.159  1000  1261  2108 I power_partial_wake_state: [1189,*job*/com.samsung.android.mobileservice/com.samsung.android.samsungaccount.profile.contact.ContactChangeService:android]
03-14 14:41:58.249  1000  1261  1575 I commit_sys_config_file: [settings-1-0,76]
03-14 14:41:58.382  1000  1261  1800 I power_partial_wake_state: [3613,*net_scheduler*:com.google.android.gms]
03-14 14:41:58.404  1000  1261  1800 I power_partial_wake_state: [16,*net_scheduler*:com.google.android.gms]
03-14 14:41:58.967  1000  1261  8378 I power_partial_wake_state: [559,*net_scheduler*:com.google.android.gms]
03-14 14:41:59.148  1000  1261  8378 I power_partial_wake_state: [446,*net_scheduler*:com.google.android.gms]
03-14 14:41:59.177  1000  1261  2108 I power_partial_wake_state: [24,*net_scheduler*:com.google.android.gms]
03-14 14:41:59.270  1000  1261  1299 I am_uid_running: 10033
03-14 14:41:59.354  1000  1261  1301 I am_proc_start: [0,11847,10033,com.samsung.android.game.gamehome,broadcast,com.samsung.android.game.gamehome/.receiver.GameLauncherAlarmReceiver]
03-14 14:41:59.450  1000  1261  2108 I am_proc_bound: [0,11847,com.samsung.android.game.gamehome]
03-14 14:41:59.649  1000  1261  1298 I am_pss  : [3867,10090,com.google.android.googlequicksearchbox:search,85097472,5087232,54272,0,0,9,21]
03-14 14:41:59.666  1000  1261  1298 I am_pss  : [11362,1000,com.samsung.android.app.omcagent,10732544,0,60416,0,0,18,13]
03-14 14:41:59.816  1000  1261  8378 I power_partial_wake_state: [633,*net_scheduler*:com.google.android.gms]
03-14 14:41:59.849  1000  1261  8407 I power_partial_wake_state: [262,*net_scheduler*:com.google.android.gms]
03-14 14:41:59.879  1000  1261  2203 I power_partial_wake_state: [26,*net_scheduler*:com.google.android.gms]
03-14 14:42:00.607  1000  1261  2108 I am_kill : [0,11166,com.wssyncmldm,906,DHA:empty #21]
03-14 14:42:00.618  1000  1261  2108 I power_partial_wake_state: [18,fiid-sync:com.samsung.android.game.gamehome(disabled)]
03-14 14:42:00.629  1000  1261  1261 I power_partial_wake_state: [2624,*alarm*:android]
03-14 14:42:00.637  1000  1261  1741 I power_partial_wake_state: [747,*net_scheduler*:com.google.android.gms]
03-14 14:42:00.693  1000  1261  1800 I power_partial_wake_state: [622,fiid-sync:com.wssyncmldm]
03-14 14:42:00.774  1000  1261  1741 I am_proc_died: [0,11166,com.wssyncmldm,906,18,72,1351]
03-14 14:42:01.029  1000  1261  8378 I power_partial_wake_state: [0,fiid-sync:com.samsung.android.game.gamehome(reAcquired)]
03-14 14:42:01.060  1000  1261  2203 I power_partial_wake_state: [864,*net_scheduler*:com.google.android.gms]
03-14 14:42:01.083  1000  1261  1741 I power_partial_wake_state: [17,*net_scheduler*:com.google.android.gms]
03-14 14:42:01.219  1000  1261  1812 I power_partial_wake_state: [92,*job*/com.samsung.android.game.gamehome/.service.MyGamesCalcJobIntentService:android]
03-14 14:42:01.243  1000  1261  8407 I power_partial_wake_state: [212,fiid-sync:com.samsung.android.game.gamehome]
03-14 14:42:01.296  1000  1261  1800 I power_partial_wake_state: [8,*telephony-radio*:com.android.phone]
03-14 14:42:01.656  1000  1261  8407 I am_uid_running: 10116
03-14 14:42:01.789  1000  1261  1301 I am_proc_start: [0,11891,10116,com.google.android.youtube,service,com.google.android.youtube/com.google.android.libraries.youtube.common.gcore.gcoreclient.gcm.impl.GcmTaskServiceDelegator]
03-14 14:42:01.789  1000  1261  3140 I power_partial_wake_state: [701,*net_scheduler*:com.google.android.gms]
03-14 14:42:01.798  1000  1261  2108 I am_proc_bound: [0,11891,com.google.android.youtube]
03-14 14:42:02.073  1000  1261  1261 I power_partial_wake_state: [1443,*alarm*:android]
03-14 14:42:02.380  1000  1261  1311 I commit_sys_config_file: [jobs,34]
03-14 14:42:02.432  1000  1261  1298 I am_pss  : [10886,1000,com.sec.android.diagmonagent,6637568,0,60416,0,0,9,13]
03-14 14:42:03.051  1000  1261  1311 I commit_sys_config_file: [jobs,38]
03-14 14:42:03.426  1000  1261  8072 I power_partial_wake_state: [530,fiid-sync:com.samsung.android.spdclient]
03-14 14:42:03.519  1000  1261  1741 I power_partial_wake_state: [228,*job*/com.samsung.android.dqagent/.scheduler.service.UploadJobService:android]
03-14 14:42:03.725  1000  1261  1311 I commit_sys_config_file: [jobs,52]
03-14 14:42:04.071  1000  1261  2203 I am_uid_running: 10045
03-14 14:42:04.256  1000  1261  1301 I am_proc_start: [0,11972,10045,com.samsung.klmsagent,broadcast,com.samsung.klmsagent/.listner.KAPReceiver]
03-14 14:42:04.303  1000  1261  1310 I service_manager_slow: [17,phone]
03-14 14:42:04.390  1000  1261  8378 I am_proc_bound: [0,11972,com.samsung.klmsagent]
03-14 14:42:04.935  1000  1261  8378 I am_kill : [0,11267,com.samsung.android.email.provider:gateway,906,DHA:empty #21]
03-14 14:42:05.056  1000  1261  1261 I screen_toggled: 1
03-14 14:42:05.068  1000  1261  1314 I am_sleep_token: [0,0,ScreenOff]
03-14 14:42:05.072  1000  1261  1261 I power_screen_broadcast_send: 1
03-14 14:42:05.192  1000  1261  1741 I sysui_view_visibility: [127,100]
03-14 14:42:05.193  1000  1261  1741 I sysui_multi_action: [757,127,758,1]
03-14 14:42:05.193  1000  1261  1741 I sysui_histogram: [note_load,3]
03-14 14:42:05.193  1000  1261  1741 I sysui_multi_action: [757,804,799,note_load,801,3,802,1]
03-14 14:42:05.193  1000  1261  1741 I notification_panel_revealed: 3
03-14 14:42:05.271  1000  1261  8386 I am_kill : [0,11226,com.samsung.android.spdclient,906,DHA:empty #21]
03-14 14:42:05.312  1000  1261  1300 I power_partial_wake_state: [438,PhoneWindowManager.mPowerKeyWakeLock:android]
03-14 14:42:05.367  1000  1261  1261 I notification_cancel_all: [1000,1261,com.google.android.youtube,0,0,0,17,NULL]
03-14 14:42:05.443  1000  1261  1314 I sysui_multi_action: [757,198,758,1,759,0,1359,578]
03-14 14:42:05.443  1000  1261  1314 I power_screen_state: [1,0,0,0,578]
03-14 14:42:05.480  1000  1261  1261 I commit_sys_config_file: [notification-policy,113]
03-14 14:42:05.566  1000  1261  8407 I am_proc_died: [0,11267,com.samsung.android.email.provider:gateway,906,18,72,1369]
03-14 14:42:05.567  1000  1261  8407 I am_uid_stopped: 10179
03-14 14:42:05.804  1000  1261  8378 I am_proc_died: [0,11226,com.samsung.android.spdclient,906,18,72,1376]
03-14 14:42:06.458  1000  1261  3043 I sysui_view_visibility: [127,0]
03-14 14:42:06.458  1000  1261  3043 I sysui_multi_action: [757,127,758,2]
03-14 14:42:06.458  1000  1261  3043 I notification_panel_hidden: 
03-14 14:42:06.471 10015  1744  1744 I screen_toggled: 3
03-14 14:42:06.559  1000  1261  1310 I service_manager_stats: [100,219,10453]
03-14 14:42:06.643  1000 10101 10101 I am_on_restart_called: [0,com.samsung.advp.imssettings.MainActivity,handleWindowVisibility]
03-14 14:42:06.644  1000  1261  1741 I am_sleep_token: [0,0,Keyguard]
03-14 14:42:06.649  1000  1261  1741 I am_set_resumed_activity: [0,com.samsung.advp.imssettings/.MainActivity,resumeTopActivityInnerLocked]
03-14 14:42:06.720  1000  1261  1741 I am_resume_activity: [0,10490202,46,com.samsung.advp.imssettings/.MainActivity]
03-14 14:42:06.893  1000 10101 10101 I am_on_start_called: [0,com.samsung.advp.imssettings.MainActivity,handleWindowVisibility]
03-14 14:42:07.169  1000 10101 10101 I am_on_resume_called: [0,com.samsung.advp.imssettings.MainActivity,RESUME_ACTIVITY]
03-14 14:42:07.178  1000  1261  8407 I power_partial_wake_state: [1,AudioMix:audioserver]
03-14 14:42:07.527  1000  1261  8407 I power_partial_wake_state: [307,*telephony-radio*:com.android.phone]
03-14 14:42:07.535  1000  1261  8407 I power_partial_wake_state: [298,*telephony-radio*:com.android.phone]
03-14 14:42:07.543  1000  1261  2108 I power_partial_wake_state: [363,AudioMix:audioserver]
03-14 14:42:07.585 10015  1744  1744 I sysui_multi_action: [757,196,758,2,759,0]
03-14 14:42:07.585 10015  1744  1744 I sysui_status_bar_state: [1,0,0,0,0,1]
03-14 14:42:07.620  1000  1261  1575 I commit_sys_config_file: [settings-3-0,26]
03-14 14:42:07.746  1000  1261  1812 I power_partial_wake_state: [86,*telephony-radio*:com.android.phone]
03-14 14:42:07.764  1000  1261  1812 I power_partial_wake_state: [120,*telephony-radio*:com.android.phone]
03-14 14:42:07.774  1000  1261  1544 I power_partial_wake_state: [3707,fiid-sync:com.google.android.youtube(disabled)]
03-14 14:42:08.008  1000  1261  1310 I service_manager_slow: [18,isub]
03-14 14:42:08.012  1000  1261  8072 I power_partial_wake_state: [49,*telephony-radio*:com.android.phone]
03-14 14:42:08.032 10015  1744  1744 I sysui_view_visibility: [111,0]
03-14 14:42:08.032 10015  1744  1744 I sysui_multi_action: [757,111,758,2]
03-14 14:42:08.068  1000  1261  1312 I user_activity_timeout_override: -1
03-14 14:42:08.097 radio  1706  1706 I service_manager_slow: [10,isub]
03-14 14:42:08.253  1000  1261  8072 I power_partial_wake_state: [733,RILJ_ACK_WL:com.android.phone]
03-14 14:42:08.265  1000  1261  8072 I power_partial_wake_state: [1005,RILJ_ACK_WL:com.android.phone]
03-14 14:42:08.332  1000  1261  1544 I power_partial_wake_state: [5115,*job*/com.samsung.android.kgclient/.alarm.AlarmService:android]
03-14 14:42:08.918  1000  1261  3140 I power_partial_wake_state: [25,*telephony-radio*:com.android.phone]
03-14 14:42:09.075 radio  1706  1718 I service_manager_slow: [18,isub]
03-14 14:42:09.079  1000  1261  3140 I power_partial_wake_state: [23,NlpWakeLock:com.google.android.gms]
03-14 14:42:09.082  1000  1261  1310 I service_manager_slow: [25,isub]
03-14 14:42:09.364  1000  1261  1919 I power_partial_wake_state: [149,IntentOp:.common.broadcast.BackgroundBroadcastReceiverSupport$PersistentReceiverIntentOperation:com.google.android.gms]
03-14 14:42:09.749  1000  1261  8386 I power_partial_wake_state: [1006,fiid-sync:com.samsung.android.app.omcagent]
03-14 14:42:10.123  1000  1261  1586 I power_partial_wake_state: [0,motion_service:android]
03-14 14:42:10.562  1000  1261  8382 I power_partial_wake_state: [3017,AudioMix:audioserver]
03-14 14:42:10.665  1000  1261  1800 I am_kill : [0,11333,com.samsung.android.SettingsReceiver,906,DHA:empty #21]
03-14 14:42:10.677  1000  1261  1812 I power_partial_wake_state: [2354,*job*/com.android.vending/com.google.android.finsky.scheduler.JobSchedulerEngine$PhoneskyJobSchedulerJobService:android]
03-14 14:42:10.763  1000  1261  8072 I am_proc_died: [0,11333,com.samsung.android.SettingsReceiver,906,18,71,1372]
03-14 14:42:11.062  1000  1261  1261 I device_idle: [0,screen]
03-14 14:42:11.062  1000  1261  1261 I device_idle_light: [0,screen]
03-14 14:42:11.063  1000  1261  1298 I device_idle_off_start: screen
03-14 14:42:11.067  1000  1261  1298 I device_idle_off_complete: 
03-14 14:42:11.174  1000  1261  8382 I power_partial_wake_state: [163,FlushLogs:com.android.vending]
03-14 14:42:13.390  1000  1261  1617 I dvm_lock_sample: [system_server,1,NetworkPolicy.uid,2153,ActivityManagerService.java,31966,void com.android.server.am.ActivityManagerService$LocalService.notifyNetworkPolicyRulesUpdated(int, long),-,25043,boolean com.android.server.am.ActivityManagerService.unbindService(android.app.IServiceConnection),100]
03-14 14:42:13.435  1000  1261  1261 I dvm_lock_sample: [system_server,1,main,2193,ActivityManagerService.java,26751,void com.android.server.am.ActivityManagerService.finishReceiver(android.os.IBinder, int, java.lang.String, android.os.Bundle, boolean, int),-,25043,boolean com.android.server.am.ActivityManagerService.unbindService(android.app.IServiceConnection),100]
03-14 14:42:13.485  1000  1261  1741 I dvm_lock_sample: [system_server,1,Binder:1261_4,2196,ActivityManagerService.java,25036,int com.android.server.am.ActivityManagerService.bindService(android.app.IApplicationThread, android.os.IBinder, android.content.Intent, java.lang.String, android.app.IServiceConnection, int, java.lang.String, int),-,26751,void com.android.server.am.ActivityManagerService.finishReceiver(android.os.IBinder, int, java.lang.String, android.os.Bundle, boolean, int),100]
03-14 14:42:13.516  1000  1261  8386 I dvm_lock_sample: [system_server,1,Binder:1261_1E,2144,ActivityManagerService.java,25043,boolean com.android.server.am.ActivityManagerService.unbindService(android.app.IServiceConnection),-,26751,void com.android.server.am.ActivityManagerService.finishReceiver(android.os.IBinder, int, java.lang.String, android.os.Bundle, boolean, int),100]
03-14 14:42:14.820  1000  1261  1812 I am_kill : [0,11362,com.samsung.android.app.omcagent,906,DHA:empty #21]
03-14 14:42:14.856  1000  1261  1310 I service_manager_slow: [10,phone]
03-14 14:42:14.888  1000  1261  2203 I am_create_activity: [0,57455261,46,com.samsung.advp.imssettings/.ImsLogger,NULL,NULL,NULL,0,com.samsung.advp.imssettings]
03-14 14:42:14.901  1000  1261  2203 I am_pause_activity: [0,10490202,com.samsung.advp.imssettings/.MainActivity,userLeaving=true]
03-14 14:42:14.986  1000 10101 10101 I am_on_paused_called: [0,com.samsung.advp.imssettings.MainActivity,performPause]
03-14 14:42:15.171  1000  1261  8386 I am_proc_died: [0,11362,com.samsung.android.app.omcagent,906,18,68,1377]
03-14 14:42:15.379  1000  1261  2203 I am_restart_activity: [0,57455261,46,com.samsung.advp.imssettings/.ImsLogger]
03-14 14:42:15.402  1000  1261  2203 I am_set_resumed_activity: [0,com.samsung.advp.imssettings/.ImsLogger,minimalResumeActivityLocked]
